[    0.000000] microcode: microcode updated early to revision 0xca, date = 2019-10-03
[    0.000000] Linux version 5.3.0-51-generic (buildd@lgw01-amd64-018) (gcc version 7.5.0 (Ubuntu 7.5.0-3ubuntu1~18.04)) #44~18.04.2-Ubuntu SMP Thu Apr 23 14:27:18 UTC 2020 (Ubuntu 5.3.0-51.44~18.04.2-generic 5.3.18)
[    0.000000] Command line: BOOT_IMAGE=/boot/vmlinuz-5.3.0-51-generic root=UUID=b63b633b-ae43-4730-ab2b-d0bd2b330291 ro quiet splash vt.handoff=1
[    0.000000] KERNEL supported cpus:
[    0.000000]   Intel GenuineIntel
[    0.000000]   AMD AuthenticAMD
[    0.000000]   Hygon HygonGenuine
[    0.000000]   Centaur CentaurHauls
[    0.000000]   zhaoxin   Shanghai  
[    0.000000] x86/fpu: Supporting XSAVE feature 0x001: 'x87 floating point registers'
[    0.000000] x86/fpu: Supporting XSAVE feature 0x002: 'SSE registers'
[    0.000000] x86/fpu: Supporting XSAVE feature 0x004: 'AVX registers'
[    0.000000] x86/fpu: Supporting XSAVE feature 0x008: 'MPX bounds registers'
[    0.000000] x86/fpu: Supporting XSAVE feature 0x010: 'MPX CSR'
[    0.000000] x86/fpu: xstate_offset[2]:  576, xstate_sizes[2]:  256
[    0.000000] x86/fpu: xstate_offset[3]:  832, xstate_sizes[3]:   64
[    0.000000] x86/fpu: xstate_offset[4]:  896, xstate_sizes[4]:   64
[    0.000000] x86/fpu: Enabled xstate features 0x1f, context size is 960 bytes, using 'compacted' format.
[    0.000000] BIOS-provided physical RAM map:
[    0.000000] BIOS-e820: [mem 0x0000000000000000-0x000000000005dfff] usable
[    0.000000] BIOS-e820: [mem 0x000000000005e000-0x000000000005efff] reserved
[    0.000000] BIOS-e820: [mem 0x000000000005f000-0x000000000009ffff] usable
[    0.000000] BIOS-e820: [mem 0x00000000000a0000-0x00000000000fffff] reserved
[    0.000000] BIOS-e820: [mem 0x0000000000100000-0x00000000836d0fff] usable
[    0.000000] BIOS-e820: [mem 0x00000000836d1000-0x00000000836d1fff] ACPI NVS
[    0.000000] BIOS-e820: [mem 0x00000000836d2000-0x00000000836d2fff] reserved
[    0.000000] BIOS-e820: [mem 0x00000000836d3000-0x0000000089d2efff] usable
[    0.000000] BIOS-e820: [mem 0x0000000089d2f000-0x000000008a1aefff] reserved
[    0.000000] BIOS-e820: [mem 0x000000008a1af000-0x000000008a38dfff] usable
[    0.000000] BIOS-e820: [mem 0x000000008a38e000-0x000000008a73efff] ACPI NVS
[    0.000000] BIOS-e820: [mem 0x000000008a73f000-0x000000008af3efff] reserved
[    0.000000] BIOS-e820: [mem 0x000000008af3f000-0x000000008affefff] type 20
[    0.000000] BIOS-e820: [mem 0x000000008afff000-0x000000008affffff] usable
[    0.000000] BIOS-e820: [mem 0x000000008b000000-0x000000008fffffff] reserved
[    0.000000] BIOS-e820: [mem 0x00000000e0000000-0x00000000efffffff] reserved
[    0.000000] BIOS-e820: [mem 0x00000000fe000000-0x00000000fe010fff] reserved
[    0.000000] BIOS-e820: [mem 0x00000000fec00000-0x00000000fec00fff] reserved
[    0.000000] BIOS-e820: [mem 0x00000000fee00000-0x00000000fee00fff] reserved
[    0.000000] BIOS-e820: [mem 0x00000000ff000000-0x00000000ffffffff] reserved
[    0.000000] BIOS-e820: [mem 0x0000000100000000-0x000000046dffffff] usable
[    0.000000] NX (Execute Disable) protection: active
[    0.000000] efi: EFI v2.60 by American Megatrends
[    0.000000] efi:  ACPI 2.0=0x8a6a0000  ACPI=0x8a6a0000  SMBIOS=0x8ad38000  MPS=0xfcb20  ESRT=0x86b97218  MEMATTR=0x86ff0018 
[    0.000000] secureboot: Secure boot could not be determined (mode 0)
[    0.000000] SMBIOS 2.8 present.
[    0.000000] DMI: Micro-Star International Co., Ltd. MS-7B24/B360M BAZOOKA (MS-7B24), BIOS 2.10 04/02/2018
[    0.000000] tsc: Detected 2800.000 MHz processor
[    0.001703] tsc: Detected 2799.927 MHz TSC
[    0.001703] e820: update [mem 0x00000000-0x00000fff] usable ==> reserved
[    0.001704] e820: remove [mem 0x000a0000-0x000fffff] usable
[    0.001710] last_pfn = 0x46e000 max_arch_pfn = 0x400000000
[    0.001713] MTRR default type: write-back
[    0.001714] MTRR fixed ranges enabled:
[    0.001715]   00000-9FFFF write-back
[    0.001716]   A0000-BFFFF uncachable
[    0.001716]   C0000-FFFFF write-protect
[    0.001717] MTRR variable ranges enabled:
[    0.001718]   0 base 00C0000000 mask 7FC0000000 uncachable
[    0.001719]   1 base 00A0000000 mask 7FE0000000 uncachable
[    0.001720]   2 base 0090000000 mask 7FF0000000 write-combining
[    0.001720]   3 base 008C000000 mask 7FFC000000 uncachable
[    0.001721]   4 base 008B800000 mask 7FFF800000 uncachable
[    0.001721]   5 disabled
[    0.001722]   6 disabled
[    0.001722]   7 disabled
[    0.001723]   8 disabled
[    0.001723]   9 disabled
[    0.002047] x86/PAT: Configuration [0-7]: WB  WC  UC- UC  WB  WP  UC- WT  
[    0.002184] last_pfn = 0x8b000 max_arch_pfn = 0x400000000
[    0.009318] found SMP MP-table at [mem 0x000fcd60-0x000fcd6f]
[    0.009329] esrt: Reserving ESRT space from 0x0000000086b97218 to 0x0000000086b97250.
[    0.009333] e820: update [mem 0x86b97000-0x86b97fff] usable ==> reserved
[    0.009346] check: Scanning 1 areas for low memory corruption
[    0.009349] Using GB pages for direct mapping
[    0.009350] BRK [0x24c201000, 0x24c201fff] PGTABLE
[    0.009352] BRK [0x24c202000, 0x24c202fff] PGTABLE
[    0.009353] BRK [0x24c203000, 0x24c203fff] PGTABLE
[    0.009378] BRK [0x24c204000, 0x24c204fff] PGTABLE
[    0.009379] BRK [0x24c205000, 0x24c205fff] PGTABLE
[    0.009488] BRK [0x24c206000, 0x24c206fff] PGTABLE
[    0.009527] BRK [0x24c207000, 0x24c207fff] PGTABLE
[    0.009653] BRK [0x24c208000, 0x24c208fff] PGTABLE
[    0.009710] BRK [0x24c209000, 0x24c209fff] PGTABLE
[    0.009711] BRK [0x24c20a000, 0x24c20afff] PGTABLE
[    0.009762] BRK [0x24c20b000, 0x24c20bfff] PGTABLE
[    0.009812] RAMDISK: [mem 0x330db000-0x35864fff]
[    0.009828] ACPI: Early table checksum verification disabled
[    0.009831] ACPI: RSDP 0x000000008A6A0000 000024 (v02 ALASKA)
[    0.009834] ACPI: XSDT 0x000000008A6A00A0 0000BC (v01 ALASKA A M I    01072009 AMI  00010013)
[    0.009838] ACPI: FACP 0x000000008A6E15E0 000114 (v06 ALASKA A M I    01072009 AMI  00010013)
[    0.009842] ACPI: DSDT 0x000000008A6A01F0 0413EF (v02 ALASKA A M I    01072009 INTL 20160527)
[    0.009845] ACPI: FACS 0x000000008A73D080 000040
[    0.009847] ACPI: APIC 0x000000008A6E16F8 0000A0 (v04 ALASKA A M I    01072009 AMI  00010013)
[    0.009849] ACPI: FPDT 0x000000008A6E1798 000044 (v01 ALASKA A M I    01072009 AMI  00010013)
[    0.009851] ACPI: FIDT 0x000000008A6E17E0 00009C (v01 ALASKA A M I    01072009 AMI  00010013)
[    0.009853] ACPI: MCFG 0x000000008A6E1880 00003C (v01 ALASKA A M I    01072009 MSFT 00000097)
[    0.009856] ACPI: SSDT 0x000000008A6E18C0 000378 (v01 SataRe SataTabl 00001000 INTL 20160527)
[    0.009858] ACPI: SSDT 0x000000008A6E1C38 0017D5 (v02 CpuRef CpuSsdt  00003000 INTL 20160527)
[    0.009860] ACPI: SSDT 0x000000008A6E3410 0031C7 (v02 SaSsdt SaSsdt   00003000 INTL 20160527)
[    0.009862] ACPI: HPET 0x000000008A6E65D8 000038 (v01 INTEL  A M I    00000002      01000013)
[    0.009865] ACPI: SSDT 0x000000008A6E6610 000F9E (v02 INTEL  Ther_Rvp 00001000 INTL 20160527)
[    0.009867] ACPI: SSDT 0x000000008A6E75B0 00294D (v02 INTEL  xh_cfsd4 00000000 INTL 20160527)
[    0.009869] ACPI: UEFI 0x000000008A6E9F00 000048 (v01 ALASKA A M I    00000002      01000013)
[    0.009871] ACPI: LPIT 0x000000008A6E9F48 00005C (v01 INTEL  A M I    00000002      01000013)
[    0.009873] ACPI: SSDT 0x000000008A6E9FA8 0027DE (v02 INTEL  PtidDevc 00001000 INTL 20160527)
[    0.009875] ACPI: SSDT 0x000000008A6EC788 000FFE (v02 INTEL  TbtTypeC 00000000 INTL 20160527)
[    0.009878] ACPI: DBGP 0x000000008A6ED788 000034 (v01 ALASKA A M I    00000002      01000013)
[    0.009880] ACPI: DBG2 0x000000008A6ED7C0 000054 (v00 ALASKA A M I    00000002      01000013)
[    0.009882] ACPI: BGRT 0x000000008A6ED818 000038 (v01 ALASKA A M I    01072009 AMI  00010013)
[    0.009884] ACPI: WSMT 0x000000008A6ED850 000028 (v01 ALASKA A M I    01072009 AMI  00010013)
[    0.009893] ACPI: Local APIC address 0xfee00000
[    0.010193] No NUMA configuration found
[    0.010193] Faking a node at [mem 0x0000000000000000-0x000000046dffffff]
[    0.010203] NODE_DATA(0) allocated [mem 0x46dfd5000-0x46dffffff]
[    0.010381] Zone ranges:
[    0.010381]   DMA      [mem 0x0000000000001000-0x0000000000ffffff]
[    0.010382]   DMA32    [mem 0x0000000001000000-0x00000000ffffffff]
[    0.010383]   Normal   [mem 0x0000000100000000-0x000000046dffffff]
[    0.010384]   Device   empty
[    0.010385] Movable zone start for each node
[    0.010387] Early memory node ranges
[    0.010388]   node   0: [mem 0x0000000000001000-0x000000000005dfff]
[    0.010389]   node   0: [mem 0x000000000005f000-0x000000000009ffff]
[    0.010389]   node   0: [mem 0x0000000000100000-0x00000000836d0fff]
[    0.010390]   node   0: [mem 0x00000000836d3000-0x0000000089d2efff]
[    0.010391]   node   0: [mem 0x000000008a1af000-0x000000008a38dfff]
[    0.010391]   node   0: [mem 0x000000008afff000-0x000000008affffff]
[    0.010392]   node   0: [mem 0x0000000100000000-0x000000046dffffff]
[    0.010591] Zeroed struct page in unavailable ranges: 33109 pages
[    0.010592] Initmem setup node 0 [mem 0x0000000000001000-0x000000046dffffff]
[    0.010593] On node 0 totalpages: 4161195
[    0.010594]   DMA zone: 64 pages used for memmap
[    0.010594]   DMA zone: 27 pages reserved
[    0.010595]   DMA zone: 3998 pages, LIFO batch:0
[    0.010639]   DMA32 zone: 8765 pages used for memmap
[    0.010639]   DMA32 zone: 560909 pages, LIFO batch:63
[    0.019229]   Normal zone: 56192 pages used for memmap
[    0.019230]   Normal zone: 3596288 pages, LIFO batch:63
[    0.057840] Reserving Intel graphics memory at [mem 0x8c000000-0x8fffffff]
[    0.058186] ACPI: PM-Timer IO Port: 0x1808
[    0.058188] ACPI: Local APIC address 0xfee00000
[    0.058193] ACPI: LAPIC_NMI (acpi_id[0x01] high edge lint[0x1])
[    0.058194] ACPI: LAPIC_NMI (acpi_id[0x02] high edge lint[0x1])
[    0.058194] ACPI: LAPIC_NMI (acpi_id[0x03] high edge lint[0x1])
[    0.058195] ACPI: LAPIC_NMI (acpi_id[0x04] high edge lint[0x1])
[    0.058195] ACPI: LAPIC_NMI (acpi_id[0x05] high edge lint[0x1])
[    0.058195] ACPI: LAPIC_NMI (acpi_id[0x06] high edge lint[0x1])
[    0.058238] IOAPIC[0]: apic_id 2, version 32, address 0xfec00000, GSI 0-119
[    0.058239] ACPI: INT_SRC_OVR (bus 0 bus_irq 0 global_irq 2 dfl dfl)
[    0.058241] ACPI: INT_SRC_OVR (bus 0 bus_irq 9 global_irq 9 high level)
[    0.058242] ACPI: IRQ0 used by override.
[    0.058243] ACPI: IRQ9 used by override.
[    0.058244] Using ACPI (MADT) for SMP configuration information
[    0.058245] ACPI: HPET id: 0x8086a201 base: 0xfed00000
[    0.058250] e820: update [mem 0x853e1000-0x8543dfff] usable ==> reserved
[    0.058258] smpboot: Allowing 6 CPUs, 0 hotplug CPUs
[    0.058274] PM: Registered nosave memory: [mem 0x00000000-0x00000fff]
[    0.058275] PM: Registered nosave memory: [mem 0x0005e000-0x0005efff]
[    0.058276] PM: Registered nosave memory: [mem 0x000a0000-0x000fffff]
[    0.058278] PM: Registered nosave memory: [mem 0x836d1000-0x836d1fff]
[    0.058278] PM: Registered nosave memory: [mem 0x836d2000-0x836d2fff]
[    0.058279] PM: Registered nosave memory: [mem 0x853e1000-0x8543dfff]
[    0.058280] PM: Registered nosave memory: [mem 0x86b97000-0x86b97fff]
[    0.058282] PM: Registered nosave memory: [mem 0x89d2f000-0x8a1aefff]
[    0.058283] PM: Registered nosave memory: [mem 0x8a38e000-0x8a73efff]
[    0.058283] PM: Registered nosave memory: [mem 0x8a73f000-0x8af3efff]
[    0.058284] PM: Registered nosave memory: [mem 0x8af3f000-0x8affefff]
[    0.058285] PM: Registered nosave memory: [mem 0x8b000000-0x8fffffff]
[    0.058286] PM: Registered nosave memory: [mem 0x90000000-0xdfffffff]
[    0.058286] PM: Registered nosave memory: [mem 0xe0000000-0xefffffff]
[    0.058287] PM: Registered nosave memory: [mem 0xf0000000-0xfdffffff]
[    0.058287] PM: Registered nosave memory: [mem 0xfe000000-0xfe010fff]
[    0.058287] PM: Registered nosave memory: [mem 0xfe011000-0xfebfffff]
[    0.058288] PM: Registered nosave memory: [mem 0xfec00000-0xfec00fff]
[    0.058288] PM: Registered nosave memory: [mem 0xfec01000-0xfedfffff]
[    0.058289] PM: Registered nosave memory: [mem 0xfee00000-0xfee00fff]
[    0.058289] PM: Registered nosave memory: [mem 0xfee01000-0xfeffffff]
[    0.058289] PM: Registered nosave memory: [mem 0xff000000-0xffffffff]
[    0.058291] [mem 0x90000000-0xdfffffff] available for PCI devices
[    0.058292] Booting paravirtualized kernel on bare hardware
[    0.058294] clocksource: refined-jiffies: mask: 0xffffffff max_cycles: 0xffffffff, max_idle_ns: 7645519600211568 ns
[    0.058300] setup_percpu: NR_CPUS:8192 nr_cpumask_bits:6 nr_cpu_ids:6 nr_node_ids:1
[    0.058464] percpu: Embedded 54 pages/cpu s184320 r8192 d28672 u262144
[    0.058470] pcpu-alloc: s184320 r8192 d28672 u262144 alloc=1*2097152
[    0.058470] pcpu-alloc: [0] 0 1 2 3 4 5 - - 
[    0.058493] Built 1 zonelists, mobility grouping on.  Total pages: 4096147
[    0.058493] Policy zone: Normal
[    0.058494] Kernel command line: BOOT_IMAGE=/boot/vmlinuz-5.3.0-51-generic root=UUID=b63b633b-ae43-4730-ab2b-d0bd2b330291 ro quiet splash vt.handoff=1
[    0.059413] Dentry cache hash table entries: 2097152 (order: 12, 16777216 bytes, linear)
[    0.059849] Inode-cache hash table entries: 1048576 (order: 11, 8388608 bytes, linear)
[    0.059904] mem auto-init: stack:off, heap alloc:on, heap free:off
[    0.063464] Calgary: detecting Calgary via BIOS EBDA area
[    0.063466] Calgary: Unable to locate Rio Grande table in EBDA - bailing!
[    0.100403] Memory: 16141904K/16644780K available (14339K kernel code, 2369K rwdata, 4668K rodata, 2664K init, 5072K bss, 502876K reserved, 0K cma-reserved)
[    0.100514] SLUB: HWalign=64, Order=0-3, MinObjects=0, CPUs=6, Nodes=1
[    0.100523] Kernel/User page tables isolation: enabled
[    0.100535] ftrace: allocating 43304 entries in 170 pages
[    0.115268] rcu: Hierarchical RCU implementation.
[    0.115269] rcu: 	RCU restricting CPUs from NR_CPUS=8192 to nr_cpu_ids=6.
[    0.115269] 	Tasks RCU enabled.
[    0.115270] rcu: RCU calculated value of scheduler-enlistment delay is 25 jiffies.
[    0.115270] rcu: Adjusting geometry for rcu_fanout_leaf=16, nr_cpu_ids=6
[    0.118176] NR_IRQS: 524544, nr_irqs: 1536, preallocated irqs: 16
[    0.118690] random: crng done (trusting CPU's manufacturer)
[    0.118710] vt handoff: transparent VT on vt#1
[    0.118719] Console: colour dummy device 80x25
[    0.118722] printk: console [tty0] enabled
[    0.118735] ACPI: Core revision 20190703
[    0.119082] clocksource: hpet: mask: 0xffffffff max_cycles: 0xffffffff, max_idle_ns: 79635855245 ns
[    0.119186] APIC: Switch to symmetric I/O mode setup
[    0.121289] x2apic: IRQ remapping doesn't support X2APIC mode
[    0.128605] ..TIMER: vector=0x30 apic1=0 pin1=2 apic2=-1 pin2=-1
[    0.147218] clocksource: tsc-early: mask: 0xffffffffffffffff max_cycles: 0x285bfbafad2, max_idle_ns: 440795215530 ns
[    0.147221] Calibrating delay loop (skipped), value calculated using timer frequency.. 5599.85 BogoMIPS (lpj=11199708)
[    0.147223] pid_max: default: 32768 minimum: 301
[    0.150160] LSM: Security Framework initializing
[    0.150168] Yama: becoming mindful.
[    0.150199] AppArmor: AppArmor initialized
[    0.150252] Mount-cache hash table entries: 32768 (order: 6, 262144 bytes, linear)
[    0.150277] Mountpoint-cache hash table entries: 32768 (order: 6, 262144 bytes, linear)
[    0.150410] *** VALIDATE proc ***
[    0.150450] *** VALIDATE cgroup1 ***
[    0.150451] *** VALIDATE cgroup2 ***
[    0.150498] mce: CPU0: Thermal monitoring enabled (TM1)
[    0.150522] process: using mwait in idle threads
[    0.150524] Last level iTLB entries: 4KB 128, 2MB 8, 4MB 8
[    0.150524] Last level dTLB entries: 4KB 64, 2MB 0, 4MB 0, 1GB 4
[    0.150527] Spectre V1 : Mitigation: usercopy/swapgs barriers and __user pointer sanitization
[    0.150528] Spectre V2 : Mitigation: Full generic retpoline
[    0.150528] Spectre V2 : Spectre v2 / SpectreRSB mitigation: Filling RSB on context switch
[    0.150529] Spectre V2 : Enabling Restricted Speculation for firmware calls
[    0.150530] Spectre V2 : mitigation: Enabling conditional Indirect Branch Prediction Barrier
[    0.150531] Speculative Store Bypass: Mitigation: Speculative Store Bypass disabled via prctl and seccomp
[    0.150533] MDS: Mitigation: Clear CPU buffers
[    0.150749] Freeing SMP alternatives memory: 40K
[    0.152633] TSC deadline timer enabled
[    0.152638] smpboot: CPU0: Intel(R) Core(TM) i5-8400 CPU @ 2.80GHz (family: 0x6, model: 0x9e, stepping: 0xa)
[    0.152725] Performance Events: PEBS fmt3+, Skylake events, 32-deep LBR, full-width counters, Intel PMU driver.
[    0.152730] ... version:                4
[    0.152730] ... bit width:              48
[    0.152730] ... generic registers:      8
[    0.152731] ... value mask:             0000ffffffffffff
[    0.152731] ... max period:             00007fffffffffff
[    0.152732] ... fixed-purpose events:   3
[    0.152732] ... event mask:             00000007000000ff
[    0.152766] rcu: Hierarchical SRCU implementation.
[    0.153676] NMI watchdog: Enabled. Permanently consumes one hw-PMU counter.
[    0.153730] smp: Bringing up secondary CPUs ...
[    0.153802] x86: Booting SMP configuration:
[    0.153803] .... node  #0, CPUs:      #1 #2 #3 #4 #5
[    0.161097] smp: Brought up 1 node, 6 CPUs
[    0.161097] smpboot: Max logical packages: 1
[    0.161097] smpboot: Total of 6 processors activated (33599.12 BogoMIPS)
[    0.163545] devtmpfs: initialized
[    0.163545] x86/mm: Memory block size: 128MB
[    0.164588] PM: Registering ACPI NVS region [mem 0x836d1000-0x836d1fff] (4096 bytes)
[    0.164588] PM: Registering ACPI NVS region [mem 0x8a38e000-0x8a73efff] (3870720 bytes)
[    0.164588] clocksource: jiffies: mask: 0xffffffff max_cycles: 0xffffffff, max_idle_ns: 7645041785100000 ns
[    0.164588] futex hash table entries: 2048 (order: 5, 131072 bytes, linear)
[    0.164588] pinctrl core: initialized pinctrl subsystem
[    0.164588] PM: RTC time: 10:59:22, date: 2020-05-06
[    0.164588] NET: Registered protocol family 16
[    0.164588] audit: initializing netlink subsys (disabled)
[    0.164588] audit: type=2000 audit(1588762762.040:1): state=initialized audit_enabled=0 res=1
[    0.164588] EISA bus registered
[    0.164588] cpuidle: using governor ladder
[    0.164588] cpuidle: using governor menu
[    0.164588] KVM setup pv remote TLB flush
[    0.164588] ACPI FADT declares the system doesn't support PCIe ASPM, so disable it
[    0.164588] ACPI: bus type PCI registered
[    0.164588] acpiphp: ACPI Hot Plug PCI Controller Driver version: 0.5
[    0.164588] PCI: MMCONFIG for domain 0000 [bus 00-ff] at [mem 0xe0000000-0xefffffff] (base 0xe0000000)
[    0.164588] PCI: MMCONFIG at [mem 0xe0000000-0xefffffff] reserved in E820
[    0.164588] PCI: Using configuration type 1 for base access
[    0.167784] HugeTLB registered 1.00 GiB page size, pre-allocated 0 pages
[    0.167784] HugeTLB registered 2.00 MiB page size, pre-allocated 0 pages
[    0.167784] ACPI: Added _OSI(Module Device)
[    0.167784] ACPI: Added _OSI(Processor Device)
[    0.167784] ACPI: Added _OSI(3.0 _SCP Extensions)
[    0.167784] ACPI: Added _OSI(Processor Aggregator Device)
[    0.167784] ACPI: Added _OSI(Linux-Dell-Video)
[    0.167784] ACPI: Added _OSI(Linux-Lenovo-NV-HDMI-Audio)
[    0.167784] ACPI: Added _OSI(Linux-HPI-Hybrid-Graphics)
[    0.242754] ACPI: 8 ACPI AML tables successfully acquired and loaded
[    0.253247] ACPI: Dynamic OEM Table Load:
[    0.253252] ACPI: SSDT 0xFFFF8CE91B489800 000684 (v02 PmRef  Cpu0Ist  00003000 INTL 20160527)
[    0.254981] ACPI: \_SB_.PR00: _OSC native thermal LVT Acked
[    0.256997] ACPI: Dynamic OEM Table Load:
[    0.257001] ACPI: SSDT 0xFFFF8CE91B1F7C00 000400 (v02 PmRef  Cpu0Cst  00003001 INTL 20160527)
[    0.258587] ACPI: Dynamic OEM Table Load:
[    0.258591] ACPI: SSDT 0xFFFF8CE91B7E3C00 00010A (v02 PmRef  Cpu0Hwp  00003000 INTL 20160527)
[    0.260121] ACPI: Dynamic OEM Table Load:
[    0.260125] ACPI: SSDT 0xFFFF8CE91B48E000 000724 (v02 PmRef  HwpLvt   00003000 INTL 20160527)
[    0.262112] ACPI: Dynamic OEM Table Load:
[    0.262118] ACPI: SSDT 0xFFFF8CE91B4DA000 000EF1 (v02 PmRef  ApIst    00003000 INTL 20160527)
[    0.264599] ACPI: Dynamic OEM Table Load:
[    0.264603] ACPI: SSDT 0xFFFF8CE91B1F5000 000317 (v02 PmRef  ApHwp    00003000 INTL 20160527)
[    0.266238] ACPI: Dynamic OEM Table Load:
[    0.266241] ACPI: SSDT 0xFFFF8CE91B1F6C00 00030A (v02 PmRef  ApCst    00003000 INTL 20160527)
[    0.272165] ACPI: Interpreter enabled
[    0.272206] ACPI: (supports S0 S3 S4 S5)
[    0.272206] ACPI: Using IOAPIC for interrupt routing
[    0.272247] PCI: Using host bridge windows from ACPI; if necessary, use "pci=nocrs" and report a bug
[    0.273836] ACPI: Enabled 6 GPEs in block 00 to 7F
[    0.289345] ACPI: Power Resource [USBC] (on)
[    0.293142] ACPI: Power Resource [V0PR] (on)
[    0.293362] ACPI: Power Resource [V1PR] (on)
[    0.293576] ACPI: Power Resource [V2PR] (on)
[    0.300015] ACPI: Power Resource [WRST] (on)
[    0.305561] ACPI: Power Resource [FN00] (off)
[    0.305662] ACPI: Power Resource [FN01] (off)
[    0.305758] ACPI: Power Resource [FN02] (off)
[    0.305853] ACPI: Power Resource [FN03] (off)
[    0.305951] ACPI: Power Resource [FN04] (off)
[    0.306747] ACPI: Power Resource [PIN] (off)
[    0.307332] ACPI: PCI Root Bridge [PCI0] (domain 0000 [bus 00-fe])
[    0.307337] acpi PNP0A08:00: _OSC: OS supports [ExtendedConfig ASPM ClockPM Segments MSI HPX-Type3]
[    0.307564] acpi PNP0A08:00: _OSC: platform does not support [PCIeHotplug SHPCHotplug PME AER]
[    0.307779] acpi PNP0A08:00: _OSC: OS now controls [PCIeCapability LTR]
[    0.307779] acpi PNP0A08:00: FADT indicates ASPM is unsupported, using BIOS configuration
[    0.308867] PCI host bridge to bus 0000:00
[    0.308868] pci_bus 0000:00: root bus resource [io  0x0000-0x0cf7 window]
[    0.308869] pci_bus 0000:00: root bus resource [io  0x0d00-0xffff window]
[    0.308870] pci_bus 0000:00: root bus resource [mem 0x000a0000-0x000bffff window]
[    0.308871] pci_bus 0000:00: root bus resource [mem 0x90000000-0xdfffffff window]
[    0.308872] pci_bus 0000:00: root bus resource [mem 0xfc800000-0xfe7fffff window]
[    0.308873] pci_bus 0000:00: root bus resource [bus 00-fe]
[    0.308882] pci 0000:00:00.0: [8086:3ec2] type 00 class 0x060000
[    0.309288] pci 0000:00:02.0: [8086:3e92] type 00 class 0x030000
[    0.309298] pci 0000:00:02.0: reg 0x10: [mem 0xa0000000-0xa0ffffff 64bit]
[    0.309303] pci 0000:00:02.0: reg 0x18: [mem 0x90000000-0x9fffffff 64bit pref]
[    0.309306] pci 0000:00:02.0: reg 0x20: [io  0x4000-0x403f]
[    0.309320] pci 0000:00:02.0: BAR 2: assigned to efifb
[    0.309514] pci 0000:00:08.0: [8086:1911] type 00 class 0x088000
[    0.309524] pci 0000:00:08.0: reg 0x10: [mem 0xa121e000-0xa121efff 64bit]
[    0.309760] pci 0000:00:12.0: [8086:a379] type 00 class 0x118000
[    0.309796] pci 0000:00:12.0: reg 0x10: [mem 0xa121d000-0xa121dfff 64bit]
[    0.310098] pci 0000:00:14.0: [8086:a36d] type 00 class 0x0c0330
[    0.310128] pci 0000:00:14.0: reg 0x10: [mem 0xa1200000-0xa120ffff 64bit]
[    0.310225] pci 0000:00:14.0: PME# supported from D3hot D3cold
[    0.310435] pci 0000:00:14.2: [8086:a36f] type 00 class 0x050000
[    0.310464] pci 0000:00:14.2: reg 0x10: [mem 0xa1216000-0xa1217fff 64bit]
[    0.310479] pci 0000:00:14.2: reg 0x18: [mem 0xa121c000-0xa121cfff 64bit]
[    0.310712] pci 0000:00:16.0: [8086:a360] type 00 class 0x078000
[    0.310749] pci 0000:00:16.0: reg 0x10: [mem 0xa121b000-0xa121bfff 64bit]
[    0.310853] pci 0000:00:16.0: PME# supported from D3hot
[    0.311143] pci 0000:00:17.0: [8086:a352] type 00 class 0x010601
[    0.311170] pci 0000:00:17.0: reg 0x10: [mem 0xa1214000-0xa1215fff]
[    0.311181] pci 0000:00:17.0: reg 0x14: [mem 0xa121a000-0xa121a0ff]
[    0.311192] pci 0000:00:17.0: reg 0x18: [io  0x4090-0x4097]
[    0.311202] pci 0000:00:17.0: reg 0x1c: [io  0x4080-0x4083]
[    0.311213] pci 0000:00:17.0: reg 0x20: [io  0x4060-0x407f]
[    0.311223] pci 0000:00:17.0: reg 0x24: [mem 0xa1219000-0xa12197ff]
[    0.311284] pci 0000:00:17.0: PME# supported from D3hot
[    0.311547] pci 0000:00:1c.0: [8086:a33c] type 01 class 0x060400
[    0.311684] pci 0000:00:1c.0: PME# supported from D0 D3hot D3cold
[    0.311707] pci 0000:00:1c.0: PTM enabled (root), 4ns granularity
[    0.312006] pci 0000:00:1f.0: [8086:a308] type 00 class 0x060100
[    0.312428] pci 0000:00:1f.3: [8086:a348] type 00 class 0x040300
[    0.312495] pci 0000:00:1f.3: reg 0x10: [mem 0xa1210000-0xa1213fff 64bit]
[    0.312566] pci 0000:00:1f.3: reg 0x20: [mem 0xa1000000-0xa10fffff 64bit]
[    0.312697] pci 0000:00:1f.3: PME# supported from D3hot D3cold
[    0.313019] pci 0000:00:1f.4: [8086:a323] type 00 class 0x0c0500
[    0.313091] pci 0000:00:1f.4: reg 0x10: [mem 0xa1218000-0xa12180ff 64bit]
[    0.313155] pci 0000:00:1f.4: reg 0x20: [io  0xefa0-0xefbf]
[    0.313400] pci 0000:00:1f.5: [8086:a324] type 00 class 0x0c8000
[    0.313423] pci 0000:00:1f.5: reg 0x10: [mem 0xfe010000-0xfe010fff]
[    0.313751] pci 0000:01:00.0: [10ec:8168] type 00 class 0x020000
[    0.313790] pci 0000:01:00.0: reg 0x10: [io  0x3000-0x30ff]
[    0.313826] pci 0000:01:00.0: reg 0x18: [mem 0xa1104000-0xa1104fff 64bit]
[    0.313849] pci 0000:01:00.0: reg 0x20: [mem 0xa1100000-0xa1103fff 64bit]
[    0.313985] pci 0000:01:00.0: supports D1 D2
[    0.313986] pci 0000:01:00.0: PME# supported from D0 D1 D2 D3hot D3cold
[    0.314118] pci 0000:00:1c.0: PCI bridge to [bus 01]
[    0.314122] pci 0000:00:1c.0:   bridge window [io  0x3000-0x3fff]
[    0.314125] pci 0000:00:1c.0:   bridge window [mem 0xa1100000-0xa11fffff]
[    0.315879] ACPI: PCI Interrupt Link [LNKA] (IRQs) *0
[    0.315919] ACPI: PCI Interrupt Link [LNKB] (IRQs) *1
[    0.315957] ACPI: PCI Interrupt Link [LNKC] (IRQs) *0
[    0.315995] ACPI: PCI Interrupt Link [LNKD] (IRQs) *0
[    0.316032] ACPI: PCI Interrupt Link [LNKE] (IRQs) *0
[    0.316070] ACPI: PCI Interrupt Link [LNKF] (IRQs) *0
[    0.316107] ACPI: PCI Interrupt Link [LNKG] (IRQs) *0
[    0.316145] ACPI: PCI Interrupt Link [LNKH] (IRQs) *0
[    0.316848] SCSI subsystem initialized
[    0.316848] libata version 3.00 loaded.
[    0.316848] pci 0000:00:02.0: vgaarb: setting as boot VGA device
[    0.316848] pci 0000:00:02.0: vgaarb: VGA device added: decodes=io+mem,owns=io+mem,locks=none
[    0.316848] pci 0000:00:02.0: vgaarb: bridge control possible
[    0.316848] vgaarb: loaded
[    0.316848] ACPI: bus type USB registered
[    0.316848] usbcore: registered new interface driver usbfs
[    0.316848] usbcore: registered new interface driver hub
[    0.316848] usbcore: registered new device driver usb
[    0.316848] pps_core: LinuxPPS API ver. 1 registered
[    0.316848] pps_core: Software ver. 5.3.6 - Copyright 2005-2007 Rodolfo Giometti <giometti@linux.it>
[    0.316848] PTP clock support registered
[    0.316848] EDAC MC: Ver: 3.0.0
[    0.316848] Registered efivars operations
[    0.316848] PCI: Using ACPI for IRQ routing
[    0.404460] PCI: pci_cache_line_size set to 64 bytes
[    0.404533] e820: reserve RAM buffer [mem 0x0005e000-0x0005ffff]
[    0.404535] e820: reserve RAM buffer [mem 0x836d1000-0x83ffffff]
[    0.404536] e820: reserve RAM buffer [mem 0x853e1000-0x87ffffff]
[    0.404536] e820: reserve RAM buffer [mem 0x86b97000-0x87ffffff]
[    0.404537] e820: reserve RAM buffer [mem 0x89d2f000-0x8bffffff]
[    0.404538] e820: reserve RAM buffer [mem 0x8a38e000-0x8bffffff]
[    0.404539] e820: reserve RAM buffer [mem 0x8b000000-0x8bffffff]
[    0.404539] e820: reserve RAM buffer [mem 0x46e000000-0x46fffffff]
[    0.404625] NetLabel: Initializing
[    0.404625] NetLabel:  domain hash size = 128
[    0.404626] NetLabel:  protocols = UNLABELED CIPSOv4 CALIPSO
[    0.404637] NetLabel:  unlabeled traffic allowed by default
[    0.404648] hpet0: at MMIO 0xfed00000, IRQs 2, 8, 0, 0, 0, 0, 0, 0
[    0.404648] hpet0: 8 comparators, 64-bit 24.000000 MHz counter
[    0.407221] clocksource: Switched to clocksource tsc-early
[    0.417142] VFS: Disk quotas dquot_6.6.0
[    0.417155] VFS: Dquot-cache hash table entries: 512 (order 0, 4096 bytes)
[    0.417178] *** VALIDATE hugetlbfs ***
[    0.417244] AppArmor: AppArmor Filesystem Enabled
[    0.417266] pnp: PnP ACPI init
[    0.417624] system 00:00: [io  0x0a00-0x0a0f] has been reserved
[    0.417626] system 00:00: [io  0x0a10-0x0a1f] has been reserved
[    0.417627] system 00:00: [io  0x0a20-0x0a2f] has been reserved
[    0.417627] system 00:00: [io  0x0a30-0x0a3f] has been reserved
[    0.417632] system 00:00: Plug and Play ACPI device, IDs PNP0c02 (active)
[    0.418302] pnp 00:01: [dma 0 disabled]
[    0.418490] pnp 00:01: Plug and Play ACPI device, IDs PNP0400 (active)
[    0.419014] pnp 00:02: [dma 0 disabled]
[    0.419049] pnp 00:02: Plug and Play ACPI device, IDs PNP0501 (active)
[    0.419158] system 00:03: [io  0x0680-0x069f] has been reserved
[    0.419160] system 00:03: [io  0x164e-0x164f] has been reserved
[    0.419162] system 00:03: Plug and Play ACPI device, IDs PNP0c02 (active)
[    0.419179] pnp 00:04: Plug and Play ACPI device, IDs PNP0b00 (active)
[    0.419279] system 00:05: [io  0x1854-0x1857] has been reserved
[    0.419282] system 00:05: Plug and Play ACPI device, IDs INT3f0d PNP0c02 (active)
[    0.419492] system 00:06: [mem 0xfed10000-0xfed17fff] has been reserved
[    0.419493] system 00:06: [mem 0xfed18000-0xfed18fff] has been reserved
[    0.419494] system 00:06: [mem 0xfed19000-0xfed19fff] has been reserved
[    0.419495] system 00:06: [mem 0xe0000000-0xefffffff] has been reserved
[    0.419496] system 00:06: [mem 0xfed20000-0xfed3ffff] has been reserved
[    0.419497] system 00:06: [mem 0xfed90000-0xfed93fff] has been reserved
[    0.419498] system 00:06: [mem 0xfed45000-0xfed8ffff] has been reserved
[    0.419500] system 00:06: [mem 0xfee00000-0xfeefffff] could not be reserved
[    0.419502] system 00:06: Plug and Play ACPI device, IDs PNP0c02 (active)
[    0.419737] system 00:07: [io  0x1800-0x18fe] could not be reserved
[    0.419738] system 00:07: [mem 0xfd000000-0xfd69ffff] has been reserved
[    0.419739] system 00:07: [mem 0xfd6c0000-0xfd6cffff] has been reserved
[    0.419740] system 00:07: [mem 0xfd6f0000-0xfdffffff] has been reserved
[    0.419741] system 00:07: [mem 0xfe000000-0xfe01ffff] could not be reserved
[    0.419742] system 00:07: [mem 0xfe200000-0xfe7fffff] has been reserved
[    0.419743] system 00:07: [mem 0xff000000-0xffffffff] has been reserved
[    0.419746] system 00:07: Plug and Play ACPI device, IDs PNP0c02 (active)
[    0.420063] system 00:08: [io  0x2000-0x20fe] has been reserved
[    0.420066] system 00:08: Plug and Play ACPI device, IDs PNP0c02 (active)
[    0.420359] system 00:09: [mem 0xfd6e0000-0xfd6effff] has been reserved
[    0.420360] system 00:09: [mem 0xfd6d0000-0xfd6dffff] has been reserved
[    0.420361] system 00:09: [mem 0xfd6b0000-0xfd6bffff] has been reserved
[    0.420362] system 00:09: [mem 0xfd6a0000-0xfd6affff] has been reserved
[    0.420365] system 00:09: Plug and Play ACPI device, IDs PNP0c02 (active)
[    0.421459] system 00:0a: Plug and Play ACPI device, IDs PNP0c02 (active)
[    0.422295] pnp: PnP ACPI: found 11 devices
[    0.423310] thermal_sys: Registered thermal governor 'fair_share'
[    0.423311] thermal_sys: Registered thermal governor 'bang_bang'
[    0.423312] thermal_sys: Registered thermal governor 'step_wise'
[    0.423312] thermal_sys: Registered thermal governor 'user_space'
[    0.423313] thermal_sys: Registered thermal governor 'power_allocator'
[    0.427807] clocksource: acpi_pm: mask: 0xffffff max_cycles: 0xffffff, max_idle_ns: 2085701024 ns
[    0.427834] pci 0000:00:1c.0: PCI bridge to [bus 01]
[    0.427841] pci 0000:00:1c.0:   bridge window [io  0x3000-0x3fff]
[    0.427846] pci 0000:00:1c.0:   bridge window [mem 0xa1100000-0xa11fffff]
[    0.427855] pci_bus 0000:00: resource 4 [io  0x0000-0x0cf7 window]
[    0.427856] pci_bus 0000:00: resource 5 [io  0x0d00-0xffff window]
[    0.427857] pci_bus 0000:00: resource 6 [mem 0x000a0000-0x000bffff window]
[    0.427858] pci_bus 0000:00: resource 7 [mem 0x90000000-0xdfffffff window]
[    0.427859] pci_bus 0000:00: resource 8 [mem 0xfc800000-0xfe7fffff window]
[    0.427860] pci_bus 0000:01: resource 0 [io  0x3000-0x3fff]
[    0.427861] pci_bus 0000:01: resource 1 [mem 0xa1100000-0xa11fffff]
[    0.428034] NET: Registered protocol family 2
[    0.428176] tcp_listen_portaddr_hash hash table entries: 8192 (order: 5, 131072 bytes, linear)
[    0.428254] TCP established hash table entries: 131072 (order: 8, 1048576 bytes, linear)
[    0.428456] TCP bind hash table entries: 65536 (order: 8, 1048576 bytes, linear)
[    0.428518] TCP: Hash tables configured (established 131072 bind 65536)
[    0.428556] UDP hash table entries: 8192 (order: 6, 262144 bytes, linear)
[    0.428595] UDP-Lite hash table entries: 8192 (order: 6, 262144 bytes, linear)
[    0.428671] NET: Registered protocol family 1
[    0.428674] NET: Registered protocol family 44
[    0.428683] pci 0000:00:02.0: Video device with shadowed ROM at [mem 0x000c0000-0x000dffff]
[    0.428760] PCI: CLS 64 bytes, default 64
[    0.428793] Trying to unpack rootfs image as initramfs...
[    0.952096] Freeing initrd memory: 40488K
[    0.952134] PCI-DMA: Using software bounce buffering for IO (SWIOTLB)
[    0.952135] software IO TLB: mapped [mem 0x7f305000-0x83305000] (64MB)
[    0.952381] check: Scanning for low memory corruption every 60 seconds
[    0.953585] Initialise system trusted keyrings
[    0.953591] Key type blacklist registered
[    0.953613] workingset: timestamp_bits=36 max_order=22 bucket_order=0
[    0.954686] zbud: loaded
[    0.954982] squashfs: version 4.0 (2009/01/31) Phillip Lougher
[    0.955096] fuse: init (API version 7.31)
[    0.955181] Platform Keyring initialized
[    0.958674] Key type asymmetric registered
[    0.958675] Asymmetric key parser 'x509' registered
[    0.958684] Block layer SCSI generic (bsg) driver version 0.4 loaded (major 244)
[    0.958717] io scheduler mq-deadline registered
[    0.959119] shpchp: Standard Hot Plug PCI Controller Driver version: 0.4
[    0.959169] efifb: probing for efifb
[    0.959181] efifb: showing boot graphics
[    0.959658] efifb: framebuffer at 0x90000000, using 3072k, total 3072k
[    0.959659] efifb: mode is 1024x768x32, linelength=4096, pages=1
[    0.959659] efifb: scrolling: redraw
[    0.959660] efifb: Truecolor: size=8:8:8:8, shift=24:16:8:0
[    0.959696] fbcon: Deferring console take-over
[    0.959697] fb0: EFI VGA frame buffer device
[    0.959703] intel_idle: MWAIT substates: 0x11142120
[    0.959703] intel_idle: v0.4.1 model 0x9E
[    0.960036] intel_idle: lapic_timer_reliable_states 0xffffffff
[    0.960193] input: Sleep Button as /devices/LNXSYSTM:00/LNXSYBUS:00/PNP0C0E:00/input/input0
[    0.960199] ACPI: Sleep Button [SLPB]
[    0.960224] input: Power Button as /devices/LNXSYSTM:00/LNXSYBUS:00/PNP0C0C:00/input/input1
[    0.960228] ACPI: Power Button [PWRB]
[    0.960251] input: Power Button as /devices/LNXSYSTM:00/LNXPWRBN:00/input/input2
[    0.960261] ACPI: Power Button [PWRF]
[    0.961958] thermal LNXTHERM:00: registered as thermal_zone0
[    0.961958] ACPI: Thermal Zone [TZ00] (28 C)
[    0.962131] Serial: 8250/16550 driver, 32 ports, IRQ sharing enabled
[    0.984114] 00:02: ttyS0 at I/O 0x3f8 (irq = 4, base_baud = 115200) is a 16550A
[    1.006180] serial8250: ttyS1 at I/O 0x2f8 (irq = 3, base_baud = 115200) is a 16550A
[    1.007535] Linux agpgart interface v0.103
[    1.009279] loop: module loaded
[    1.009453] libphy: Fixed MDIO Bus: probed
[    1.009453] tun: Universal TUN/TAP device driver, 1.6
[    1.009473] PPP generic driver version 2.4.2
[    1.009499] ehci_hcd: USB 2.0 'Enhanced' Host Controller (EHCI) Driver
[    1.009501] ehci-pci: EHCI PCI platform driver
[    1.009509] ehci-platform: EHCI generic platform driver
[    1.009516] ohci_hcd: USB 1.1 'Open' Host Controller (OHCI) Driver
[    1.009517] ohci-pci: OHCI PCI platform driver
[    1.009523] ohci-platform: OHCI generic platform driver
[    1.009528] uhci_hcd: USB Universal Host Controller Interface driver
[    1.009581] xhci_hcd 0000:00:14.0: xHCI Host Controller
[    1.009585] xhci_hcd 0000:00:14.0: new USB bus registered, assigned bus number 1
[    1.010660] xhci_hcd 0000:00:14.0: hcc params 0x20007fc1 hci version 0x110 quirks 0x0000000000009810
[    1.010665] xhci_hcd 0000:00:14.0: cache line size of 64 is not supported
[    1.010835] usb usb1: New USB device found, idVendor=1d6b, idProduct=0002, bcdDevice= 5.03
[    1.010836] usb usb1: New USB device strings: Mfr=3, Product=2, SerialNumber=1
[    1.010837] usb usb1: Product: xHCI Host Controller
[    1.010838] usb usb1: Manufacturer: Linux 5.3.0-51-generic xhci-hcd
[    1.010839] usb usb1: SerialNumber: 0000:00:14.0
[    1.010929] hub 1-0:1.0: USB hub found
[    1.010948] hub 1-0:1.0: 16 ports detected
[    1.012602] xhci_hcd 0000:00:14.0: xHCI Host Controller
[    1.012605] xhci_hcd 0000:00:14.0: new USB bus registered, assigned bus number 2
[    1.012606] xhci_hcd 0000:00:14.0: Host supports USB 3.1 Enhanced SuperSpeed
[    1.012638] usb usb2: New USB device found, idVendor=1d6b, idProduct=0003, bcdDevice= 5.03
[    1.012639] usb usb2: New USB device strings: Mfr=3, Product=2, SerialNumber=1
[    1.012639] usb usb2: Product: xHCI Host Controller
[    1.012640] usb usb2: Manufacturer: Linux 5.3.0-51-generic xhci-hcd
[    1.012641] usb usb2: SerialNumber: 0000:00:14.0
[    1.012731] hub 2-0:1.0: USB hub found
[    1.012744] hub 2-0:1.0: 6 ports detected
[    1.013439] i8042: PNP: No PS/2 controller found.
[    1.013532] mousedev: PS/2 mouse device common for all mice
[    1.013742] rtc_cmos 00:04: RTC can wake from S4
[    1.014774] rtc_cmos 00:04: registered as rtc0
[    1.014784] rtc_cmos 00:04: alarms up to one month, y3k, 242 bytes nvram, hpet irqs
[    1.014789] i2c /dev entries driver
[    1.014819] device-mapper: uevent: version 1.0.3
[    1.014878] device-mapper: ioctl: 4.40.0-ioctl (2019-01-18) initialised: dm-devel@redhat.com
[    1.014891] platform eisa.0: Probing EISA bus 0
[    1.014892] platform eisa.0: EISA: Cannot allocate resource for mainboard
[    1.014893] platform eisa.0: Cannot allocate resource for EISA slot 1
[    1.014894] platform eisa.0: Cannot allocate resource for EISA slot 2
[    1.014895] platform eisa.0: Cannot allocate resource for EISA slot 3
[    1.014895] platform eisa.0: Cannot allocate resource for EISA slot 4
[    1.014896] platform eisa.0: Cannot allocate resource for EISA slot 5
[    1.014897] platform eisa.0: Cannot allocate resource for EISA slot 6
[    1.014897] platform eisa.0: Cannot allocate resource for EISA slot 7
[    1.014898] platform eisa.0: Cannot allocate resource for EISA slot 8
[    1.014899] platform eisa.0: EISA: Detected 0 cards
[    1.014901] intel_pstate: Intel P-state driver initializing
[    1.015270] intel_pstate: HWP enabled
[    1.015393] ledtrig-cpu: registered to indicate activity on CPUs
[    1.015395] EFI Variables Facility v0.08 2004-May-17
[    1.042497] intel_pmc_core INT33A1:00:  initialized
[    1.042655] NET: Registered protocol family 10
[    1.046931] Segment Routing with IPv6
[    1.046944] NET: Registered protocol family 17
[    1.047019] Key type dns_resolver registered
[    1.047363] RAS: Correctable Errors collector initialized.
[    1.047402] microcode: sig=0x906ea, pf=0x2, revision=0xca
[    1.047573] microcode: Microcode Update Driver: v2.2.
[    1.047579] sched_clock: Marking stable (1043003759, 4567931)->(1050379626, -2807936)
[    1.047750] registered taskstats version 1
[    1.047755] Loading compiled-in X.509 certificates
[    1.048928] Loaded X.509 cert 'Build time autogenerated kernel key: 7cd0712136ca74a0c76150d573aa1e9abe4a5a50'
[    1.048948] zswap: loaded using pool lzo/zbud
[    1.053358] Key type big_key registered
[    1.055255] Key type encrypted registered
[    1.055256] AppArmor: AppArmor sha1 policy hashing enabled
[    1.056859] ima: No TPM chip found, activating TPM-bypass!
[    1.056861] ima: Allocated hash algorithm: sha1
[    1.056865] No architecture policies found
[    1.056869] evm: Initialising EVM extended attributes:
[    1.056870] evm: security.selinux
[    1.056870] evm: security.SMACK64
[    1.056870] evm: security.SMACK64EXEC
[    1.056870] evm: security.SMACK64TRANSMUTE
[    1.056871] evm: security.SMACK64MMAP
[    1.056871] evm: security.apparmor
[    1.056871] evm: security.ima
[    1.056871] evm: security.capability
[    1.056872] evm: HMAC attrs: 0x1
[    1.057550] PM:   Magic number: 4:944:981
[    1.057780] rtc_cmos 00:04: setting system clock to 2020-05-06T10:59:23 UTC (1588762763)
[    1.058656] Freeing unused decrypted memory: 2040K
[    1.058963] Freeing unused kernel image memory: 2664K
[    1.083427] Write protecting the kernel read-only data: 22528k
[    1.083960] Freeing unused kernel image memory: 2008K
[    1.084148] Freeing unused kernel image memory: 1476K
[    1.089940] x86/mm: Checked W+X mappings: passed, no W+X pages found.
[    1.089941] x86/mm: Checking user space page tables
[    1.095573] x86/mm: Checked W+X mappings: passed, no W+X pages found.
[    1.095574] Run /init as init process
[    1.150549] acpi PNP0C14:03: duplicate WMI GUID 05901221-D566-11D1-B2F0-00A0C9062910 (first instance was on PNP0C14:02)
[    1.160431] ahci 0000:00:17.0: version 3.0
[    1.161643] r8169 0000:01:00.0: can't disable ASPM; OS doesn't have ASPM control
[    1.171346] ahci 0000:00:17.0: AHCI 0001.0301 32 slots 6 ports 6 Gbps 0x3f impl SATA mode
[    1.171347] ahci 0000:00:17.0: flags: 64bit ncq sntf clo only pio slum part ems deso sadm sds apst 
[    1.172152] libphy: r8169: probed
[    1.172304] r8169 0000:01:00.0 eth0: RTL8168h/8111h, 30:9c:23:d3:8a:ef, XID 541, IRQ 123
[    1.172304] r8169 0000:01:00.0 eth0: jumbo features [frames: 9200 bytes, tx checksumming: ko]
[    1.184130] r8169 0000:01:00.0 enp1s0: renamed from eth0
[    1.239943] scsi host0: ahci
[    1.240193] scsi host1: ahci
[    1.240340] scsi host2: ahci
[    1.240454] scsi host3: ahci
[    1.240599] scsi host4: ahci
[    1.240678] scsi host5: ahci
[    1.240706] ata1: SATA max UDMA/133 abar m2048@0xa1219000 port 0xa1219100 irq 122
[    1.240708] ata2: SATA max UDMA/133 abar m2048@0xa1219000 port 0xa1219180 irq 122
[    1.240710] ata3: SATA max UDMA/133 abar m2048@0xa1219000 port 0xa1219200 irq 122
[    1.240711] ata4: SATA max UDMA/133 abar m2048@0xa1219000 port 0xa1219280 irq 122
[    1.240713] ata5: SATA max UDMA/133 abar m2048@0xa1219000 port 0xa1219300 irq 122
[    1.240715] ata6: SATA max UDMA/133 abar m2048@0xa1219000 port 0xa1219380 irq 122
[    1.555584] ata1: SATA link up 6.0 Gbps (SStatus 133 SControl 300)
[    1.555613] ata6: SATA link down (SStatus 4 SControl 300)
[    1.555630] ata2: SATA link down (SStatus 4 SControl 300)
[    1.555647] ata4: SATA link down (SStatus 4 SControl 300)
[    1.555705] ata5: SATA link up 6.0 Gbps (SStatus 133 SControl 300)
[    1.555740] ata3: SATA link down (SStatus 4 SControl 300)
[    1.556826] ata1.00: ACPI cmd ef/10:06:00:00:00:00 (SET FEATURES) succeeded
[    1.556827] ata1.00: ACPI cmd f5/00:00:00:00:00:00 (SECURITY FREEZE LOCK) filtered out
[    1.556828] ata1.00: ACPI cmd b1/c1:00:00:00:00:00 (DEVICE CONFIGURATION OVERLAY) filtered out
[    1.557166] ata1.00: supports DRM functions and may not be fully accessible
[    1.557260] ata1.00: ATA-10: CT250MX500SSD1, M3CR010, max UDMA/133
[    1.557261] ata1.00: 488397168 sectors, multi 1: LBA48 NCQ (depth 32), AA
[    1.557376] ata5.00: ACPI cmd ef/10:06:00:00:00:00 (SET FEATURES) succeeded
[    1.557377] ata5.00: ACPI cmd f5/00:00:00:00:00:00 (SECURITY FREEZE LOCK) filtered out
[    1.557378] ata5.00: ACPI cmd b1/c1:00:00:00:00:00 (DEVICE CONFIGURATION OVERLAY) filtered out
[    1.558906] ata1.00: ACPI cmd ef/10:06:00:00:00:00 (SET FEATURES) succeeded
[    1.558908] ata1.00: ACPI cmd f5/00:00:00:00:00:00 (SECURITY FREEZE LOCK) filtered out
[    1.558908] ata1.00: ACPI cmd b1/c1:00:00:00:00:00 (DEVICE CONFIGURATION OVERLAY) filtered out
[    1.559042] ata1.00: supports DRM functions and may not be fully accessible
[    1.559149] ata5.00: ATA-8: HGST HUS724020ALA640, MF6OAA70, max UDMA/133
[    1.559150] ata5.00: 3907029168 sectors, multi 16: LBA48 NCQ (depth 32), AA
[    1.559691] ata1.00: configured for UDMA/133
[    1.559837] scsi 0:0:0:0: Direct-Access     ATA      CT250MX500SSD1   010  PQ: 0 ANSI: 5
[    1.560072] scsi 0:0:0:0: Attached scsi generic sg0 type 0
[    1.560175] sd 0:0:0:0: [sda] 488397168 512-byte logical blocks: (250 GB/233 GiB)
[    1.560176] sd 0:0:0:0: [sda] 4096-byte physical blocks
[    1.560203] sd 0:0:0:0: [sda] Write Protect is off
[    1.560204] sd 0:0:0:0: [sda] Mode Sense: 00 3a 00 00
[    1.560210] sd 0:0:0:0: [sda] Write cache: enabled, read cache: enabled, doesn't support DPO or FUA
[    1.560783] ata5.00: ACPI cmd ef/10:06:00:00:00:00 (SET FEATURES) succeeded
[    1.560784] ata5.00: ACPI cmd f5/00:00:00:00:00:00 (SECURITY FREEZE LOCK) filtered out
[    1.560785] ata5.00: ACPI cmd b1/c1:00:00:00:00:00 (DEVICE CONFIGURATION OVERLAY) filtered out
[    1.561802]  sda: sda1 sda2 sda3 sda4 sda5
[    1.562062] ata5.00: configured for UDMA/133
[    1.562195] sd 0:0:0:0: [sda] supports TCG Opal
[    1.562196] sd 0:0:0:0: [sda] Attached SCSI disk
[    1.562198] scsi 4:0:0:0: Direct-Access     ATA      HGST HUS724020AL AA70 PQ: 0 ANSI: 5
[    1.562294] sd 4:0:0:0: Attached scsi generic sg1 type 0
[    1.562309] sd 4:0:0:0: [sdb] 3907029168 512-byte logical blocks: (2.00 TB/1.82 TiB)
[    1.562325] sd 4:0:0:0: [sdb] Write Protect is off
[    1.562325] sd 4:0:0:0: [sdb] Mode Sense: 00 3a 00 00
[    1.562330] sd 4:0:0:0: [sdb] Write cache: enabled, read cache: enabled, doesn't support DPO or FUA
[    1.591830]  sdb: sdb1 sdb2
[    1.592106] sd 4:0:0:0: [sdb] Attached SCSI disk
[    1.955000] fbcon: Taking over console
[    1.955047] Console: switching to colour frame buffer device 128x48
[    1.960476] EXT4-fs (sda5): mounted filesystem with ordered data mode. Opts: (null)
[    1.979297] tsc: Refined TSC clocksource calibration: 2807.998 MHz
[    1.979300] clocksource: tsc: mask: 0xffffffffffffffff max_cycles: 0x2879c456dd4, max_idle_ns: 440795285767 ns
[    1.979347] clocksource: Switched to clocksource tsc
[    2.168821] systemd[1]: systemd 237 running in system mode. (+PAM +AUDIT +SELINUX +IMA +APPARMOR +SMACK +SYSVINIT +UTMP +LIBCRYPTSETUP +GCRYPT +GNUTLS +ACL +XZ +LZ4 +SECCOMP +BLKID +ELFUTILS +KMOD -IDN2 +IDN -PCRE2 default-hierarchy=hybrid)
[    2.187577] systemd[1]: Detected architecture x86-64.
[    2.189290] systemd[1]: Set hostname to <tommy-MS-7B24>.
[    2.303663] systemd[1]: Created slice User and Session Slice.
[    2.303727] systemd[1]: Started Forward Password Requests to Wall Directory Watch.
[    2.303736] systemd[1]: Reached target User and Group Name Lookups.
[    2.303919] systemd[1]: Created slice System Slice.
[    2.303967] systemd[1]: Listening on Syslog Socket.
[    2.303999] systemd[1]: Listening on /dev/initctl Compatibility Named Pipe.
[    2.304024] systemd[1]: Listening on udev Kernel Socket.
[    2.315081] EXT4-fs (sda5): re-mounted. Opts: errors=remount-ro
[    2.321281] lp: driver loaded but no devices found
[    2.323876] ppdev: user-space parallel port driver
[    2.325722] parport_pc 00:01: reported by Plug and Play ACPI
[    2.325816] parport0: PC-style at 0x378, irq 5 [PCSPP]
[    2.380701] systemd-journald[349]: Received request to flush runtime journal from PID 1
[    2.431416] lp0: using parport0 (interrupt-driven).
[    2.883107] mei_me 0000:00:16.0: enabling device (0000 -> 0002)
[    3.011373] RAPL PMU: API unit is 2^-32 Joules, 4 fixed counters, 655360 ms ovfl timer
[    3.011375] RAPL PMU: hw unit of domain pp0-core 2^-14 Joules
[    3.011375] RAPL PMU: hw unit of domain package 2^-14 Joules
[    3.011375] RAPL PMU: hw unit of domain dram 2^-14 Joules
[    3.011376] RAPL PMU: hw unit of domain pp1-gpu 2^-14 Joules
[    3.041900] cryptd: max_cpu_qlen set to 1000
[    3.083473] AVX2 version of gcm_enc/dec engaged.
[    3.083473] AES CTR mode by8 optimization enabled
[    3.089879] checking generic (90000000 300000) vs hw (90000000 10000000)
[    3.089880] fb0: switching to inteldrmfb from EFI VGA
[    3.089939] Console: switching to colour dummy device 80x25
[    3.089962] i915 0000:00:02.0: vgaarb: deactivate vga console
[    3.090955] [drm] Supports vblank timestamp caching Rev 2 (21.10.2013).
[    3.090955] [drm] Driver supports precise vblank timestamp query.
[    3.091339] i915 0000:00:02.0: vgaarb: changed VGA decodes: olddecodes=io+mem,decodes=io+mem:owns=io+mem
[    3.125618] [drm] Finished loading DMC firmware i915/kbl_dmc_ver1_04.bin (v1.4)
[    3.158891] snd_hda_intel 0000:00:1f.3: enabling device (0000 -> 0002)
[    3.369515] [drm] failed to retrieve link info, disabling eDP
[    3.373487] [drm] Initialized i915 1.6.0 20190619 for 0000:00:02.0 on minor 0
[    3.375444] ACPI: Video Device [GFX0] (multi-head: yes  rom: no  post: no)
[    3.375762] input: Video Bus as /devices/LNXSYSTM:00/LNXSYBUS:00/PNP0A08:00/LNXVIDEO:00/input/input3
[    3.375879] snd_hda_intel 0000:00:1f.3: bound 0000:00:02.0 (ops i915_audio_component_bind_ops [i915])
[    3.392305] intel_rapl_common: Found RAPL domain package
[    3.392306] intel_rapl_common: Found RAPL domain core
[    3.392306] intel_rapl_common: Found RAPL domain uncore
[    3.392307] intel_rapl_common: Found RAPL domain dram
[    3.412531] fbcon: i915drmfb (fb0) is primary device
[    3.412564] Console: switching to colour frame buffer device 180x56
[    3.412585] i915 0000:00:02.0: fb0: i915drmfb frame buffer device
[    3.439574] snd_hda_codec_realtek hdaudioC0D0: autoconfig for ALC887-VD: line_outs=1 (0x14/0x0/0x0/0x0/0x0) type:line
[    3.439576] snd_hda_codec_realtek hdaudioC0D0:    speaker_outs=0 (0x0/0x0/0x0/0x0/0x0)
[    3.439576] snd_hda_codec_realtek hdaudioC0D0:    hp_outs=1 (0x1b/0x0/0x0/0x0/0x0)
[    3.439577] snd_hda_codec_realtek hdaudioC0D0:    mono: mono_out=0x0
[    3.439577] snd_hda_codec_realtek hdaudioC0D0:    inputs:
[    3.439578] snd_hda_codec_realtek hdaudioC0D0:      Front Mic=0x19
[    3.439579] snd_hda_codec_realtek hdaudioC0D0:      Rear Mic=0x18
[    3.439580] snd_hda_codec_realtek hdaudioC0D0:      Line=0x1a
[    3.473565] input: HDA Intel PCH Front Mic as /devices/pci0000:00/0000:00:1f.3/sound/card0/input4
[    3.473596] input: HDA Intel PCH Rear Mic as /devices/pci0000:00/0000:00:1f.3/sound/card0/input5
[    3.473621] input: HDA Intel PCH Line as /devices/pci0000:00/0000:00:1f.3/sound/card0/input6
[    3.473649] input: HDA Intel PCH Line Out as /devices/pci0000:00/0000:00:1f.3/sound/card0/input7
[    3.473674] input: HDA Intel PCH Front Headphone as /devices/pci0000:00/0000:00:1f.3/sound/card0/input8
[    3.473696] input: HDA Intel PCH HDMI/DP,pcm=3 as /devices/pci0000:00/0000:00:1f.3/sound/card0/input9
[    3.473720] input: HDA Intel PCH HDMI/DP,pcm=7 as /devices/pci0000:00/0000:00:1f.3/sound/card0/input10
[    3.473745] input: HDA Intel PCH HDMI/DP,pcm=8 as /devices/pci0000:00/0000:00:1f.3/sound/card0/input11
[    3.473770] input: HDA Intel PCH HDMI/DP,pcm=9 as /devices/pci0000:00/0000:00:1f.3/sound/card0/input12
[    3.473793] input: HDA Intel PCH HDMI/DP,pcm=10 as /devices/pci0000:00/0000:00:1f.3/sound/card0/input13
[    4.003271] Adding 1998844k swap on /dev/sdb1.  Priority:-2 extents:1 across:1998844k FS
[    4.108989] EXT4-fs (sdb2): mounted filesystem with ordered data mode. Opts: (null)
[    4.154837] audit: type=1400 audit(1588762766.589:2): apparmor="STATUS" operation="profile_load" profile="unconfined" name="libreoffice-senddoc" pid=875 comm="apparmor_parser"
[    4.154993] audit: type=1400 audit(1588762766.589:3): apparmor="STATUS" operation="profile_load" profile="unconfined" name="libreoffice-oopslash" pid=874 comm="apparmor_parser"
[    4.156829] audit: type=1400 audit(1588762766.593:4): apparmor="STATUS" operation="profile_load" profile="unconfined" name="libreoffice-xpdfimport" pid=877 comm="apparmor_parser"
[    4.157123] audit: type=1400 audit(1588762766.593:5): apparmor="STATUS" operation="profile_load" profile="unconfined" name="/usr/bin/man" pid=873 comm="apparmor_parser"
[    4.157124] audit: type=1400 audit(1588762766.593:6): apparmor="STATUS" operation="profile_load" profile="unconfined" name="man_filter" pid=873 comm="apparmor_parser"
[    4.157125] audit: type=1400 audit(1588762766.593:7): apparmor="STATUS" operation="profile_load" profile="unconfined" name="man_groff" pid=873 comm="apparmor_parser"
[    4.157527] audit: type=1400 audit(1588762766.593:8): apparmor="STATUS" operation="profile_load" profile="unconfined" name="/sbin/dhclient" pid=870 comm="apparmor_parser"
[    4.157529] audit: type=1400 audit(1588762766.593:9): apparmor="STATUS" operation="profile_load" profile="unconfined" name="/usr/lib/NetworkManager/nm-dhcp-client.action" pid=870 comm="apparmor_parser"
[    4.157530] audit: type=1400 audit(1588762766.593:10): apparmor="STATUS" operation="profile_load" profile="unconfined" name="/usr/lib/NetworkManager/nm-dhcp-helper" pid=870 comm="apparmor_parser"
[    4.509768] Generic Realtek PHY r8169-100:00: attached PHY driver [Generic Realtek PHY] (mii_bus:phy_addr=r8169-100:00, irq=IGNORE)
[    4.624918] r8169 0000:01:00.0 enp1s0: Link is Down
[    4.658346] aufs 4.x-rcN-20190805
[    7.942073] r8169 0000:01:00.0 enp1s0: Link is Up - 1Gbps/Full - flow control off
[    7.942080] IPv6: ADDRCONF(NETDEV_CHANGE): enp1s0: link becomes ready
[    7.978094] vboxdrv: loading out-of-tree module taints kernel.
[    7.978212] vboxdrv: module verification failed: signature and/or required key missing - tainting kernel
[    7.983033] vboxdrv: Found 6 processor cores
[    8.003790] vboxdrv: TSC mode is Invariant, tentative frequency 2807997951 Hz
[    8.003791] vboxdrv: Successfully loaded version 5.2.34_Ubuntu (interface 0x00290001)
[    8.007280] VBoxNetFlt: Successfully started.
[    8.010446] VBoxNetAdp: Successfully started.
[    8.014509] VBoxPciLinuxInit
[    8.016269] vboxpci: IOMMU not found (not registered)
[  166.367914] khttpd: module init
[  178.111000] khttpd: module unloaded
[  195.705087] khttpd: module init
[  195.705101] khttpd_wq : 0x13e33a00
[  198.601738] khttpd: module unloaded
[  330.386249] khttpd: module init
[  330.386256] khttpd: kernel_bind() failure, err=-98
[  330.386261] khttpd: can't open listen socket
[  340.259146] khttpd: module init
[  340.259153] khttpd: kernel_bind() failure, err=-98
[  340.259157] khttpd: can't open listen socket
[  361.370208] khttpd: module init
[  364.050853] khttpd: module unloaded
[  367.354369] khttpd: module init
[  367.354375] khttpd: kernel_bind() failure, err=-98
[  367.354379] khttpd: can't open listen socket
