[    0.000000] microcode: microcode updated early to revision 0xca, date = 2019-10-03
[    0.000000] Linux version 5.3.0-51-generic (buildd@lgw01-amd64-018) (gcc version 7.5.0 (Ubuntu 7.5.0-3ubuntu1~18.04)) #44~18.04.2-Ubuntu SMP Thu Apr 23 14:27:18 UTC 2020 (Ubuntu 5.3.0-51.44~18.04.2-generic 5.3.18)
[    0.000000] Command line: BOOT_IMAGE=/boot/vmlinuz-5.3.0-51-generic root=UUID=b63b633b-ae43-4730-ab2b-d0bd2b330291 ro quiet splash vt.handoff=1
[    0.000000] KERNEL supported cpus:
[    0.000000]   Intel GenuineIntel
[    0.000000]   AMD AuthenticAMD
[    0.000000]   Hygon HygonGenuine
[    0.000000]   Centaur CentaurHauls
[    0.000000]   zhaoxin   Shanghai  
[    0.000000] x86/fpu: Supporting XSAVE feature 0x001: 'x87 floating point registers'
[    0.000000] x86/fpu: Supporting XSAVE feature 0x002: 'SSE registers'
[    0.000000] x86/fpu: Supporting XSAVE feature 0x004: 'AVX registers'
[    0.000000] x86/fpu: Supporting XSAVE feature 0x008: 'MPX bounds registers'
[    0.000000] x86/fpu: Supporting XSAVE feature 0x010: 'MPX CSR'
[    0.000000] x86/fpu: xstate_offset[2]:  576, xstate_sizes[2]:  256
[    0.000000] x86/fpu: xstate_offset[3]:  832, xstate_sizes[3]:   64
[    0.000000] x86/fpu: xstate_offset[4]:  896, xstate_sizes[4]:   64
[    0.000000] x86/fpu: Enabled xstate features 0x1f, context size is 960 bytes, using 'compacted' format.
[    0.000000] BIOS-provided physical RAM map:
[    0.000000] BIOS-e820: [mem 0x0000000000000000-0x000000000005dfff] usable
[    0.000000] BIOS-e820: [mem 0x000000000005e000-0x000000000005efff] reserved
[    0.000000] BIOS-e820: [mem 0x000000000005f000-0x000000000009ffff] usable
[    0.000000] BIOS-e820: [mem 0x00000000000a0000-0x00000000000fffff] reserved
[    0.000000] BIOS-e820: [mem 0x0000000000100000-0x00000000836d0fff] usable
[    0.000000] BIOS-e820: [mem 0x00000000836d1000-0x00000000836d1fff] ACPI NVS
[    0.000000] BIOS-e820: [mem 0x00000000836d2000-0x00000000836d2fff] reserved
[    0.000000] BIOS-e820: [mem 0x00000000836d3000-0x0000000089d2efff] usable
[    0.000000] BIOS-e820: [mem 0x0000000089d2f000-0x000000008a1aefff] reserved
[    0.000000] BIOS-e820: [mem 0x000000008a1af000-0x000000008a38dfff] usable
[    0.000000] BIOS-e820: [mem 0x000000008a38e000-0x000000008a73efff] ACPI NVS
[    0.000000] BIOS-e820: [mem 0x000000008a73f000-0x000000008af3efff] reserved
[    0.000000] BIOS-e820: [mem 0x000000008af3f000-0x000000008affefff] type 20
[    0.000000] BIOS-e820: [mem 0x000000008afff000-0x000000008affffff] usable
[    0.000000] BIOS-e820: [mem 0x000000008b000000-0x000000008fffffff] reserved
[    0.000000] BIOS-e820: [mem 0x00000000e0000000-0x00000000efffffff] reserved
[    0.000000] BIOS-e820: [mem 0x00000000fe000000-0x00000000fe010fff] reserved
[    0.000000] BIOS-e820: [mem 0x00000000fec00000-0x00000000fec00fff] reserved
[    0.000000] BIOS-e820: [mem 0x00000000fee00000-0x00000000fee00fff] reserved
[    0.000000] BIOS-e820: [mem 0x00000000ff000000-0x00000000ffffffff] reserved
[    0.000000] BIOS-e820: [mem 0x0000000100000000-0x000000046dffffff] usable
[    0.000000] NX (Execute Disable) protection: active
[    0.000000] efi: EFI v2.60 by American Megatrends
[    0.000000] efi:  ACPI 2.0=0x8a6a0000  ACPI=0x8a6a0000  SMBIOS=0x8ad38000  MPS=0xfcb20  ESRT=0x86b97218  MEMATTR=0x86ff0018 
[    0.000000] secureboot: Secure boot could not be determined (mode 0)
[    0.000000] SMBIOS 2.8 present.
[    0.000000] DMI: Micro-Star International Co., Ltd. MS-7B24/B360M BAZOOKA (MS-7B24), BIOS 2.10 04/02/2018
[    0.000000] tsc: Detected 2800.000 MHz processor
[    0.001703] tsc: Detected 2799.927 MHz TSC
[    0.001703] e820: update [mem 0x00000000-0x00000fff] usable ==> reserved
[    0.001705] e820: remove [mem 0x000a0000-0x000fffff] usable
[    0.001710] last_pfn = 0x46e000 max_arch_pfn = 0x400000000
[    0.001714] MTRR default type: write-back
[    0.001715] MTRR fixed ranges enabled:
[    0.001716]   00000-9FFFF write-back
[    0.001716]   A0000-BFFFF uncachable
[    0.001717]   C0000-FFFFF write-protect
[    0.001717] MTRR variable ranges enabled:
[    0.001719]   0 base 00C0000000 mask 7FC0000000 uncachable
[    0.001719]   1 base 00A0000000 mask 7FE0000000 uncachable
[    0.001720]   2 base 0090000000 mask 7FF0000000 write-combining
[    0.001721]   3 base 008C000000 mask 7FFC000000 uncachable
[    0.001722]   4 base 008B800000 mask 7FFF800000 uncachable
[    0.001722]   5 disabled
[    0.001722]   6 disabled
[    0.001723]   7 disabled
[    0.001723]   8 disabled
[    0.001724]   9 disabled
[    0.002036] x86/PAT: Configuration [0-7]: WB  WC  UC- UC  WB  WP  UC- WT  
[    0.002173] last_pfn = 0x8b000 max_arch_pfn = 0x400000000
[    0.009308] found SMP MP-table at [mem 0x000fcd60-0x000fcd6f]
[    0.009318] esrt: Reserving ESRT space from 0x0000000086b97218 to 0x0000000086b97250.
[    0.009322] e820: update [mem 0x86b97000-0x86b97fff] usable ==> reserved
[    0.009334] check: Scanning 1 areas for low memory corruption
[    0.009338] Using GB pages for direct mapping
[    0.009339] BRK [0x1fc201000, 0x1fc201fff] PGTABLE
[    0.009341] BRK [0x1fc202000, 0x1fc202fff] PGTABLE
[    0.009341] BRK [0x1fc203000, 0x1fc203fff] PGTABLE
[    0.009363] BRK [0x1fc204000, 0x1fc204fff] PGTABLE
[    0.009364] BRK [0x1fc205000, 0x1fc205fff] PGTABLE
[    0.009452] BRK [0x1fc206000, 0x1fc206fff] PGTABLE
[    0.009487] BRK [0x1fc207000, 0x1fc207fff] PGTABLE
[    0.009603] BRK [0x1fc208000, 0x1fc208fff] PGTABLE
[    0.009656] BRK [0x1fc209000, 0x1fc209fff] PGTABLE
[    0.009657] BRK [0x1fc20a000, 0x1fc20afff] PGTABLE
[    0.009705] BRK [0x1fc20b000, 0x1fc20bfff] PGTABLE
[    0.009748] RAMDISK: [mem 0x330db000-0x35864fff]
[    0.009757] ACPI: Early table checksum verification disabled
[    0.009760] ACPI: RSDP 0x000000008A6A0000 000024 (v02 ALASKA)
[    0.009763] ACPI: XSDT 0x000000008A6A00A0 0000BC (v01 ALASKA A M I    01072009 AMI  00010013)
[    0.009767] ACPI: FACP 0x000000008A6E15E0 000114 (v06 ALASKA A M I    01072009 AMI  00010013)
[    0.009771] ACPI: DSDT 0x000000008A6A01F0 0413EF (v02 ALASKA A M I    01072009 INTL 20160527)
[    0.009774] ACPI: FACS 0x000000008A73D080 000040
[    0.009776] ACPI: APIC 0x000000008A6E16F8 0000A0 (v04 ALASKA A M I    01072009 AMI  00010013)
[    0.009778] ACPI: FPDT 0x000000008A6E1798 000044 (v01 ALASKA A M I    01072009 AMI  00010013)
[    0.009780] ACPI: FIDT 0x000000008A6E17E0 00009C (v01 ALASKA A M I    01072009 AMI  00010013)
[    0.009782] ACPI: MCFG 0x000000008A6E1880 00003C (v01 ALASKA A M I    01072009 MSFT 00000097)
[    0.009784] ACPI: SSDT 0x000000008A6E18C0 000378 (v01 SataRe SataTabl 00001000 INTL 20160527)
[    0.009787] ACPI: SSDT 0x000000008A6E1C38 0017D5 (v02 CpuRef CpuSsdt  00003000 INTL 20160527)
[    0.009789] ACPI: SSDT 0x000000008A6E3410 0031C7 (v02 SaSsdt SaSsdt   00003000 INTL 20160527)
[    0.009791] ACPI: HPET 0x000000008A6E65D8 000038 (v01 INTEL  A M I    00000002      01000013)
[    0.009794] ACPI: SSDT 0x000000008A6E6610 000F9E (v02 INTEL  Ther_Rvp 00001000 INTL 20160527)
[    0.009796] ACPI: SSDT 0x000000008A6E75B0 00294D (v02 INTEL  xh_cfsd4 00000000 INTL 20160527)
[    0.009798] ACPI: UEFI 0x000000008A6E9F00 000048 (v01 ALASKA A M I    00000002      01000013)
[    0.009800] ACPI: LPIT 0x000000008A6E9F48 00005C (v01 INTEL  A M I    00000002      01000013)
[    0.009802] ACPI: SSDT 0x000000008A6E9FA8 0027DE (v02 INTEL  PtidDevc 00001000 INTL 20160527)
[    0.009805] ACPI: SSDT 0x000000008A6EC788 000FFE (v02 INTEL  TbtTypeC 00000000 INTL 20160527)
[    0.009807] ACPI: DBGP 0x000000008A6ED788 000034 (v01 ALASKA A M I    00000002      01000013)
[    0.009809] ACPI: DBG2 0x000000008A6ED7C0 000054 (v00 ALASKA A M I    00000002      01000013)
[    0.009811] ACPI: BGRT 0x000000008A6ED818 000038 (v01 ALASKA A M I    01072009 AMI  00010013)
[    0.009813] ACPI: WSMT 0x000000008A6ED850 000028 (v01 ALASKA A M I    01072009 AMI  00010013)
[    0.009823] ACPI: Local APIC address 0xfee00000
[    0.010128] No NUMA configuration found
[    0.010129] Faking a node at [mem 0x0000000000000000-0x000000046dffffff]
[    0.010138] NODE_DATA(0) allocated [mem 0x46dfd5000-0x46dffffff]
[    0.010315] Zone ranges:
[    0.010316]   DMA      [mem 0x0000000000001000-0x0000000000ffffff]
[    0.010317]   DMA32    [mem 0x0000000001000000-0x00000000ffffffff]
[    0.010318]   Normal   [mem 0x0000000100000000-0x000000046dffffff]
[    0.010319]   Device   empty
[    0.010320] Movable zone start for each node
[    0.010322] Early memory node ranges
[    0.010323]   node   0: [mem 0x0000000000001000-0x000000000005dfff]
[    0.010324]   node   0: [mem 0x000000000005f000-0x000000000009ffff]
[    0.010324]   node   0: [mem 0x0000000000100000-0x00000000836d0fff]
[    0.010325]   node   0: [mem 0x00000000836d3000-0x0000000089d2efff]
[    0.010326]   node   0: [mem 0x000000008a1af000-0x000000008a38dfff]
[    0.010326]   node   0: [mem 0x000000008afff000-0x000000008affffff]
[    0.010327]   node   0: [mem 0x0000000100000000-0x000000046dffffff]
[    0.010526] Zeroed struct page in unavailable ranges: 33109 pages
[    0.010527] Initmem setup node 0 [mem 0x0000000000001000-0x000000046dffffff]
[    0.010528] On node 0 totalpages: 4161195
[    0.010529]   DMA zone: 64 pages used for memmap
[    0.010529]   DMA zone: 27 pages reserved
[    0.010530]   DMA zone: 3998 pages, LIFO batch:0
[    0.010574]   DMA32 zone: 8765 pages used for memmap
[    0.010575]   DMA32 zone: 560909 pages, LIFO batch:63
[    0.019347]   Normal zone: 56192 pages used for memmap
[    0.019347]   Normal zone: 3596288 pages, LIFO batch:63
[    0.057967] Reserving Intel graphics memory at [mem 0x8c000000-0x8fffffff]
[    0.058312] ACPI: PM-Timer IO Port: 0x1808
[    0.058313] ACPI: Local APIC address 0xfee00000
[    0.058318] ACPI: LAPIC_NMI (acpi_id[0x01] high edge lint[0x1])
[    0.058319] ACPI: LAPIC_NMI (acpi_id[0x02] high edge lint[0x1])
[    0.058319] ACPI: LAPIC_NMI (acpi_id[0x03] high edge lint[0x1])
[    0.058320] ACPI: LAPIC_NMI (acpi_id[0x04] high edge lint[0x1])
[    0.058320] ACPI: LAPIC_NMI (acpi_id[0x05] high edge lint[0x1])
[    0.058321] ACPI: LAPIC_NMI (acpi_id[0x06] high edge lint[0x1])
[    0.058370] IOAPIC[0]: apic_id 2, version 32, address 0xfec00000, GSI 0-119
[    0.058372] ACPI: INT_SRC_OVR (bus 0 bus_irq 0 global_irq 2 dfl dfl)
[    0.058373] ACPI: INT_SRC_OVR (bus 0 bus_irq 9 global_irq 9 high level)
[    0.058374] ACPI: IRQ0 used by override.
[    0.058375] ACPI: IRQ9 used by override.
[    0.058377] Using ACPI (MADT) for SMP configuration information
[    0.058378] ACPI: HPET id: 0x8086a201 base: 0xfed00000
[    0.058382] e820: update [mem 0x853e1000-0x8543dfff] usable ==> reserved
[    0.058390] smpboot: Allowing 6 CPUs, 0 hotplug CPUs
[    0.058406] PM: Registered nosave memory: [mem 0x00000000-0x00000fff]
[    0.058407] PM: Registered nosave memory: [mem 0x0005e000-0x0005efff]
[    0.058408] PM: Registered nosave memory: [mem 0x000a0000-0x000fffff]
[    0.058410] PM: Registered nosave memory: [mem 0x836d1000-0x836d1fff]
[    0.058410] PM: Registered nosave memory: [mem 0x836d2000-0x836d2fff]
[    0.058412] PM: Registered nosave memory: [mem 0x853e1000-0x8543dfff]
[    0.058413] PM: Registered nosave memory: [mem 0x86b97000-0x86b97fff]
[    0.058414] PM: Registered nosave memory: [mem 0x89d2f000-0x8a1aefff]
[    0.058415] PM: Registered nosave memory: [mem 0x8a38e000-0x8a73efff]
[    0.058416] PM: Registered nosave memory: [mem 0x8a73f000-0x8af3efff]
[    0.058416] PM: Registered nosave memory: [mem 0x8af3f000-0x8affefff]
[    0.058417] PM: Registered nosave memory: [mem 0x8b000000-0x8fffffff]
[    0.058418] PM: Registered nosave memory: [mem 0x90000000-0xdfffffff]
[    0.058418] PM: Registered nosave memory: [mem 0xe0000000-0xefffffff]
[    0.058419] PM: Registered nosave memory: [mem 0xf0000000-0xfdffffff]
[    0.058419] PM: Registered nosave memory: [mem 0xfe000000-0xfe010fff]
[    0.058420] PM: Registered nosave memory: [mem 0xfe011000-0xfebfffff]
[    0.058420] PM: Registered nosave memory: [mem 0xfec00000-0xfec00fff]
[    0.058420] PM: Registered nosave memory: [mem 0xfec01000-0xfedfffff]
[    0.058421] PM: Registered nosave memory: [mem 0xfee00000-0xfee00fff]
[    0.058421] PM: Registered nosave memory: [mem 0xfee01000-0xfeffffff]
[    0.058422] PM: Registered nosave memory: [mem 0xff000000-0xffffffff]
[    0.058423] [mem 0x90000000-0xdfffffff] available for PCI devices
[    0.058424] Booting paravirtualized kernel on bare hardware
[    0.058426] clocksource: refined-jiffies: mask: 0xffffffff max_cycles: 0xffffffff, max_idle_ns: 7645519600211568 ns
[    0.058431] setup_percpu: NR_CPUS:8192 nr_cpumask_bits:6 nr_cpu_ids:6 nr_node_ids:1
[    0.058601] percpu: Embedded 54 pages/cpu s184320 r8192 d28672 u262144
[    0.058606] pcpu-alloc: s184320 r8192 d28672 u262144 alloc=1*2097152
[    0.058607] pcpu-alloc: [0] 0 1 2 3 4 5 - - 
[    0.058630] Built 1 zonelists, mobility grouping on.  Total pages: 4096147
[    0.058630] Policy zone: Normal
[    0.058631] Kernel command line: BOOT_IMAGE=/boot/vmlinuz-5.3.0-51-generic root=UUID=b63b633b-ae43-4730-ab2b-d0bd2b330291 ro quiet splash vt.handoff=1
[    0.059553] Dentry cache hash table entries: 2097152 (order: 12, 16777216 bytes, linear)
[    0.059990] Inode-cache hash table entries: 1048576 (order: 11, 8388608 bytes, linear)
[    0.060045] mem auto-init: stack:off, heap alloc:on, heap free:off
[    0.063593] Calgary: detecting Calgary via BIOS EBDA area
[    0.063595] Calgary: Unable to locate Rio Grande table in EBDA - bailing!
[    0.100527] Memory: 16141904K/16644780K available (14339K kernel code, 2369K rwdata, 4668K rodata, 2664K init, 5072K bss, 502876K reserved, 0K cma-reserved)
[    0.100646] SLUB: HWalign=64, Order=0-3, MinObjects=0, CPUs=6, Nodes=1
[    0.100655] Kernel/User page tables isolation: enabled
[    0.100667] ftrace: allocating 43304 entries in 170 pages
[    0.115397] rcu: Hierarchical RCU implementation.
[    0.115398] rcu: 	RCU restricting CPUs from NR_CPUS=8192 to nr_cpu_ids=6.
[    0.115399] 	Tasks RCU enabled.
[    0.115399] rcu: RCU calculated value of scheduler-enlistment delay is 25 jiffies.
[    0.115400] rcu: Adjusting geometry for rcu_fanout_leaf=16, nr_cpu_ids=6
[    0.118308] NR_IRQS: 524544, nr_irqs: 1536, preallocated irqs: 16
[    0.118830] random: crng done (trusting CPU's manufacturer)
[    0.118850] vt handoff: transparent VT on vt#1
[    0.118857] Console: colour dummy device 80x25
[    0.118860] printk: console [tty0] enabled
[    0.118874] ACPI: Core revision 20190703
[    0.119215] clocksource: hpet: mask: 0xffffffff max_cycles: 0xffffffff, max_idle_ns: 79635855245 ns
[    0.119319] APIC: Switch to symmetric I/O mode setup
[    0.121403] x2apic: IRQ remapping doesn't support X2APIC mode
[    0.128717] ..TIMER: vector=0x30 apic1=0 pin1=2 apic2=-1 pin2=-1
[    0.147350] clocksource: tsc-early: mask: 0xffffffffffffffff max_cycles: 0x285bfbafad2, max_idle_ns: 440795215530 ns
[    0.147354] Calibrating delay loop (skipped), value calculated using timer frequency.. 5599.85 BogoMIPS (lpj=11199708)
[    0.147356] pid_max: default: 32768 minimum: 301
[    0.150288] LSM: Security Framework initializing
[    0.150296] Yama: becoming mindful.
[    0.150326] AppArmor: AppArmor initialized
[    0.150380] Mount-cache hash table entries: 32768 (order: 6, 262144 bytes, linear)
[    0.150406] Mountpoint-cache hash table entries: 32768 (order: 6, 262144 bytes, linear)
[    0.150541] *** VALIDATE proc ***
[    0.150581] *** VALIDATE cgroup1 ***
[    0.150582] *** VALIDATE cgroup2 ***
[    0.150629] mce: CPU0: Thermal monitoring enabled (TM1)
[    0.150653] process: using mwait in idle threads
[    0.150655] Last level iTLB entries: 4KB 128, 2MB 8, 4MB 8
[    0.150656] Last level dTLB entries: 4KB 64, 2MB 0, 4MB 0, 1GB 4
[    0.150658] Spectre V1 : Mitigation: usercopy/swapgs barriers and __user pointer sanitization
[    0.150659] Spectre V2 : Mitigation: Full generic retpoline
[    0.150660] Spectre V2 : Spectre v2 / SpectreRSB mitigation: Filling RSB on context switch
[    0.150660] Spectre V2 : Enabling Restricted Speculation for firmware calls
[    0.150661] Spectre V2 : mitigation: Enabling conditional Indirect Branch Prediction Barrier
[    0.150662] Speculative Store Bypass: Mitigation: Speculative Store Bypass disabled via prctl and seccomp
[    0.150665] MDS: Mitigation: Clear CPU buffers
[    0.150891] Freeing SMP alternatives memory: 40K
[    0.152772] TSC deadline timer enabled
[    0.152777] smpboot: CPU0: Intel(R) Core(TM) i5-8400 CPU @ 2.80GHz (family: 0x6, model: 0x9e, stepping: 0xa)
[    0.152864] Performance Events: PEBS fmt3+, Skylake events, 32-deep LBR, full-width counters, Intel PMU driver.
[    0.152869] ... version:                4
[    0.152869] ... bit width:              48
[    0.152869] ... generic registers:      8
[    0.152870] ... value mask:             0000ffffffffffff
[    0.152870] ... max period:             00007fffffffffff
[    0.152871] ... fixed-purpose events:   3
[    0.152871] ... event mask:             00000007000000ff
[    0.152905] rcu: Hierarchical SRCU implementation.
[    0.153816] NMI watchdog: Enabled. Permanently consumes one hw-PMU counter.
[    0.153870] smp: Bringing up secondary CPUs ...
[    0.153943] x86: Booting SMP configuration:
[    0.153943] .... node  #0, CPUs:      #1 #2 #3 #4 #5
[    0.161228] smp: Brought up 1 node, 6 CPUs
[    0.161228] smpboot: Max logical packages: 1
[    0.161228] smpboot: Total of 6 processors activated (33599.12 BogoMIPS)
[    0.163680] devtmpfs: initialized
[    0.163680] x86/mm: Memory block size: 128MB
[    0.164719] PM: Registering ACPI NVS region [mem 0x836d1000-0x836d1fff] (4096 bytes)
[    0.164719] PM: Registering ACPI NVS region [mem 0x8a38e000-0x8a73efff] (3870720 bytes)
[    0.164719] clocksource: jiffies: mask: 0xffffffff max_cycles: 0xffffffff, max_idle_ns: 7645041785100000 ns
[    0.164719] futex hash table entries: 2048 (order: 5, 131072 bytes, linear)
[    0.164719] pinctrl core: initialized pinctrl subsystem
[    0.164719] PM: RTC time: 11:19:19, date: 2020-05-06
[    0.164719] NET: Registered protocol family 16
[    0.164719] audit: initializing netlink subsys (disabled)
[    0.164719] audit: type=2000 audit(1588763959.040:1): state=initialized audit_enabled=0 res=1
[    0.164719] EISA bus registered
[    0.164719] cpuidle: using governor ladder
[    0.164719] cpuidle: using governor menu
[    0.164719] KVM setup pv remote TLB flush
[    0.164719] ACPI FADT declares the system doesn't support PCIe ASPM, so disable it
[    0.164719] ACPI: bus type PCI registered
[    0.164719] acpiphp: ACPI Hot Plug PCI Controller Driver version: 0.5
[    0.164719] PCI: MMCONFIG for domain 0000 [bus 00-ff] at [mem 0xe0000000-0xefffffff] (base 0xe0000000)
[    0.164719] PCI: MMCONFIG at [mem 0xe0000000-0xefffffff] reserved in E820
[    0.164719] PCI: Using configuration type 1 for base access
[    0.167926] HugeTLB registered 1.00 GiB page size, pre-allocated 0 pages
[    0.167926] HugeTLB registered 2.00 MiB page size, pre-allocated 0 pages
[    0.167926] ACPI: Added _OSI(Module Device)
[    0.167926] ACPI: Added _OSI(Processor Device)
[    0.167926] ACPI: Added _OSI(3.0 _SCP Extensions)
[    0.167926] ACPI: Added _OSI(Processor Aggregator Device)
[    0.167926] ACPI: Added _OSI(Linux-Dell-Video)
[    0.167926] ACPI: Added _OSI(Linux-Lenovo-NV-HDMI-Audio)
[    0.167926] ACPI: Added _OSI(Linux-HPI-Hybrid-Graphics)
[    0.247044] ACPI: 8 ACPI AML tables successfully acquired and loaded
[    0.254253] ACPI: Dynamic OEM Table Load:
[    0.254253] ACPI: SSDT 0xFFFF8E761B488800 000684 (v02 PmRef  Cpu0Ist  00003000 INTL 20160527)
[    0.256292] ACPI: \_SB_.PR00: _OSC native thermal LVT Acked
[    0.258324] ACPI: Dynamic OEM Table Load:
[    0.258329] ACPI: SSDT 0xFFFF8E761B1F6800 000400 (v02 PmRef  Cpu0Cst  00003001 INTL 20160527)
[    0.259922] ACPI: Dynamic OEM Table Load:
[    0.259925] ACPI: SSDT 0xFFFF8E761B7E3200 00010A (v02 PmRef  Cpu0Hwp  00003000 INTL 20160527)
[    0.261456] ACPI: Dynamic OEM Table Load:
[    0.261459] ACPI: SSDT 0xFFFF8E761B489000 000724 (v02 PmRef  HwpLvt   00003000 INTL 20160527)
[    0.263445] ACPI: Dynamic OEM Table Load:
[    0.263450] ACPI: SSDT 0xFFFF8E761B4DB000 000EF1 (v02 PmRef  ApIst    00003000 INTL 20160527)
[    0.265948] ACPI: Dynamic OEM Table Load:
[    0.265951] ACPI: SSDT 0xFFFF8E761B1F6C00 000317 (v02 PmRef  ApHwp    00003000 INTL 20160527)
[    0.267590] ACPI: Dynamic OEM Table Load:
[    0.267594] ACPI: SSDT 0xFFFF8E761B1F7C00 00030A (v02 PmRef  ApCst    00003000 INTL 20160527)
[    0.273568] ACPI: Interpreter enabled
[    0.273609] ACPI: (supports S0 S3 S4 S5)
[    0.273610] ACPI: Using IOAPIC for interrupt routing
[    0.273651] PCI: Using host bridge windows from ACPI; if necessary, use "pci=nocrs" and report a bug
[    0.275249] ACPI: Enabled 6 GPEs in block 00 to 7F
[    0.290933] ACPI: Power Resource [USBC] (on)
[    0.294725] ACPI: Power Resource [V0PR] (on)
[    0.294948] ACPI: Power Resource [V1PR] (on)
[    0.295165] ACPI: Power Resource [V2PR] (on)
[    0.301698] ACPI: Power Resource [WRST] (on)
[    0.307334] ACPI: Power Resource [FN00] (off)
[    0.307436] ACPI: Power Resource [FN01] (off)
[    0.307533] ACPI: Power Resource [FN02] (off)
[    0.307631] ACPI: Power Resource [FN03] (off)
[    0.307727] ACPI: Power Resource [FN04] (off)
[    0.308522] ACPI: Power Resource [PIN] (off)
[    0.309115] ACPI: PCI Root Bridge [PCI0] (domain 0000 [bus 00-fe])
[    0.309120] acpi PNP0A08:00: _OSC: OS supports [ExtendedConfig ASPM ClockPM Segments MSI HPX-Type3]
[    0.309349] acpi PNP0A08:00: _OSC: platform does not support [PCIeHotplug SHPCHotplug PME AER]
[    0.309567] acpi PNP0A08:00: _OSC: OS now controls [PCIeCapability LTR]
[    0.309568] acpi PNP0A08:00: FADT indicates ASPM is unsupported, using BIOS configuration
[    0.310655] PCI host bridge to bus 0000:00
[    0.310657] pci_bus 0000:00: root bus resource [io  0x0000-0x0cf7 window]
[    0.310658] pci_bus 0000:00: root bus resource [io  0x0d00-0xffff window]
[    0.310659] pci_bus 0000:00: root bus resource [mem 0x000a0000-0x000bffff window]
[    0.310660] pci_bus 0000:00: root bus resource [mem 0x90000000-0xdfffffff window]
[    0.310661] pci_bus 0000:00: root bus resource [mem 0xfc800000-0xfe7fffff window]
[    0.310662] pci_bus 0000:00: root bus resource [bus 00-fe]
[    0.310670] pci 0000:00:00.0: [8086:3ec2] type 00 class 0x060000
[    0.311090] pci 0000:00:02.0: [8086:3e92] type 00 class 0x030000
[    0.311099] pci 0000:00:02.0: reg 0x10: [mem 0xa0000000-0xa0ffffff 64bit]
[    0.311104] pci 0000:00:02.0: reg 0x18: [mem 0x90000000-0x9fffffff 64bit pref]
[    0.311107] pci 0000:00:02.0: reg 0x20: [io  0x4000-0x403f]
[    0.311121] pci 0000:00:02.0: BAR 2: assigned to efifb
[    0.311315] pci 0000:00:08.0: [8086:1911] type 00 class 0x088000
[    0.311325] pci 0000:00:08.0: reg 0x10: [mem 0xa121e000-0xa121efff 64bit]
[    0.311559] pci 0000:00:12.0: [8086:a379] type 00 class 0x118000
[    0.311596] pci 0000:00:12.0: reg 0x10: [mem 0xa121d000-0xa121dfff 64bit]
[    0.311899] pci 0000:00:14.0: [8086:a36d] type 00 class 0x0c0330
[    0.311929] pci 0000:00:14.0: reg 0x10: [mem 0xa1200000-0xa120ffff 64bit]
[    0.312025] pci 0000:00:14.0: PME# supported from D3hot D3cold
[    0.312240] pci 0000:00:14.2: [8086:a36f] type 00 class 0x050000
[    0.312269] pci 0000:00:14.2: reg 0x10: [mem 0xa1216000-0xa1217fff 64bit]
[    0.312284] pci 0000:00:14.2: reg 0x18: [mem 0xa121c000-0xa121cfff 64bit]
[    0.312518] pci 0000:00:16.0: [8086:a360] type 00 class 0x078000
[    0.312554] pci 0000:00:16.0: reg 0x10: [mem 0xa121b000-0xa121bfff 64bit]
[    0.312658] pci 0000:00:16.0: PME# supported from D3hot
[    0.312948] pci 0000:00:17.0: [8086:a352] type 00 class 0x010601
[    0.312975] pci 0000:00:17.0: reg 0x10: [mem 0xa1214000-0xa1215fff]
[    0.312986] pci 0000:00:17.0: reg 0x14: [mem 0xa121a000-0xa121a0ff]
[    0.312996] pci 0000:00:17.0: reg 0x18: [io  0x4090-0x4097]
[    0.313007] pci 0000:00:17.0: reg 0x1c: [io  0x4080-0x4083]
[    0.313017] pci 0000:00:17.0: reg 0x20: [io  0x4060-0x407f]
[    0.313028] pci 0000:00:17.0: reg 0x24: [mem 0xa1219000-0xa12197ff]
[    0.313089] pci 0000:00:17.0: PME# supported from D3hot
[    0.313354] pci 0000:00:1c.0: [8086:a33c] type 01 class 0x060400
[    0.313492] pci 0000:00:1c.0: PME# supported from D0 D3hot D3cold
[    0.313517] pci 0000:00:1c.0: PTM enabled (root), 4ns granularity
[    0.313816] pci 0000:00:1f.0: [8086:a308] type 00 class 0x060100
[    0.314240] pci 0000:00:1f.3: [8086:a348] type 00 class 0x040300
[    0.314307] pci 0000:00:1f.3: reg 0x10: [mem 0xa1210000-0xa1213fff 64bit]
[    0.314377] pci 0000:00:1f.3: reg 0x20: [mem 0xa1000000-0xa10fffff 64bit]
[    0.314507] pci 0000:00:1f.3: PME# supported from D3hot D3cold
[    0.314835] pci 0000:00:1f.4: [8086:a323] type 00 class 0x0c0500
[    0.314907] pci 0000:00:1f.4: reg 0x10: [mem 0xa1218000-0xa12180ff 64bit]
[    0.314970] pci 0000:00:1f.4: reg 0x20: [io  0xefa0-0xefbf]
[    0.315219] pci 0000:00:1f.5: [8086:a324] type 00 class 0x0c8000
[    0.315242] pci 0000:00:1f.5: reg 0x10: [mem 0xfe010000-0xfe010fff]
[    0.315570] pci 0000:01:00.0: [10ec:8168] type 00 class 0x020000
[    0.315609] pci 0000:01:00.0: reg 0x10: [io  0x3000-0x30ff]
[    0.315646] pci 0000:01:00.0: reg 0x18: [mem 0xa1104000-0xa1104fff 64bit]
[    0.315668] pci 0000:01:00.0: reg 0x20: [mem 0xa1100000-0xa1103fff 64bit]
[    0.315804] pci 0000:01:00.0: supports D1 D2
[    0.315805] pci 0000:01:00.0: PME# supported from D0 D1 D2 D3hot D3cold
[    0.315945] pci 0000:00:1c.0: PCI bridge to [bus 01]
[    0.315949] pci 0000:00:1c.0:   bridge window [io  0x3000-0x3fff]
[    0.315952] pci 0000:00:1c.0:   bridge window [mem 0xa1100000-0xa11fffff]
[    0.317733] ACPI: PCI Interrupt Link [LNKA] (IRQs) *0
[    0.317773] ACPI: PCI Interrupt Link [LNKB] (IRQs) *1
[    0.317813] ACPI: PCI Interrupt Link [LNKC] (IRQs) *0
[    0.317852] ACPI: PCI Interrupt Link [LNKD] (IRQs) *0
[    0.317890] ACPI: PCI Interrupt Link [LNKE] (IRQs) *0
[    0.317929] ACPI: PCI Interrupt Link [LNKF] (IRQs) *0
[    0.317967] ACPI: PCI Interrupt Link [LNKG] (IRQs) *0
[    0.318005] ACPI: PCI Interrupt Link [LNKH] (IRQs) *0
[    0.319489] SCSI subsystem initialized
[    0.319500] libata version 3.00 loaded.
[    0.319500] pci 0000:00:02.0: vgaarb: setting as boot VGA device
[    0.319500] pci 0000:00:02.0: vgaarb: VGA device added: decodes=io+mem,owns=io+mem,locks=none
[    0.319500] pci 0000:00:02.0: vgaarb: bridge control possible
[    0.319500] vgaarb: loaded
[    0.319500] ACPI: bus type USB registered
[    0.319500] usbcore: registered new interface driver usbfs
[    0.319500] usbcore: registered new interface driver hub
[    0.319500] usbcore: registered new device driver usb
[    0.319500] pps_core: LinuxPPS API ver. 1 registered
[    0.319500] pps_core: Software ver. 5.3.6 - Copyright 2005-2007 Rodolfo Giometti <giometti@linux.it>
[    0.319500] PTP clock support registered
[    0.319500] EDAC MC: Ver: 3.0.0
[    0.319500] Registered efivars operations
[    0.319500] PCI: Using ACPI for IRQ routing
[    0.406380] PCI: pci_cache_line_size set to 64 bytes
[    0.406452] e820: reserve RAM buffer [mem 0x0005e000-0x0005ffff]
[    0.406454] e820: reserve RAM buffer [mem 0x836d1000-0x83ffffff]
[    0.406455] e820: reserve RAM buffer [mem 0x853e1000-0x87ffffff]
[    0.406455] e820: reserve RAM buffer [mem 0x86b97000-0x87ffffff]
[    0.406456] e820: reserve RAM buffer [mem 0x89d2f000-0x8bffffff]
[    0.406457] e820: reserve RAM buffer [mem 0x8a38e000-0x8bffffff]
[    0.406458] e820: reserve RAM buffer [mem 0x8b000000-0x8bffffff]
[    0.406458] e820: reserve RAM buffer [mem 0x46e000000-0x46fffffff]
[    0.406543] NetLabel: Initializing
[    0.406543] NetLabel:  domain hash size = 128
[    0.406543] NetLabel:  protocols = UNLABELED CIPSOv4 CALIPSO
[    0.406555] NetLabel:  unlabeled traffic allowed by default
[    0.406566] hpet0: at MMIO 0xfed00000, IRQs 2, 8, 0, 0, 0, 0, 0, 0
[    0.406566] hpet0: 8 comparators, 64-bit 24.000000 MHz counter
[    0.407354] clocksource: Switched to clocksource tsc-early
[    0.417269] VFS: Disk quotas dquot_6.6.0
[    0.417282] VFS: Dquot-cache hash table entries: 512 (order 0, 4096 bytes)
[    0.417306] *** VALIDATE hugetlbfs ***
[    0.417372] AppArmor: AppArmor Filesystem Enabled
[    0.417393] pnp: PnP ACPI init
[    0.417746] system 00:00: [io  0x0a00-0x0a0f] has been reserved
[    0.417748] system 00:00: [io  0x0a10-0x0a1f] has been reserved
[    0.417749] system 00:00: [io  0x0a20-0x0a2f] has been reserved
[    0.417750] system 00:00: [io  0x0a30-0x0a3f] has been reserved
[    0.417754] system 00:00: Plug and Play ACPI device, IDs PNP0c02 (active)
[    0.418420] pnp 00:01: [dma 0 disabled]
[    0.418608] pnp 00:01: Plug and Play ACPI device, IDs PNP0400 (active)
[    0.419132] pnp 00:02: [dma 0 disabled]
[    0.419166] pnp 00:02: Plug and Play ACPI device, IDs PNP0501 (active)
[    0.419277] system 00:03: [io  0x0680-0x069f] has been reserved
[    0.419279] system 00:03: [io  0x164e-0x164f] has been reserved
[    0.419281] system 00:03: Plug and Play ACPI device, IDs PNP0c02 (active)
[    0.419298] pnp 00:04: Plug and Play ACPI device, IDs PNP0b00 (active)
[    0.419399] system 00:05: [io  0x1854-0x1857] has been reserved
[    0.419402] system 00:05: Plug and Play ACPI device, IDs INT3f0d PNP0c02 (active)
[    0.419612] system 00:06: [mem 0xfed10000-0xfed17fff] has been reserved
[    0.419613] system 00:06: [mem 0xfed18000-0xfed18fff] has been reserved
[    0.419614] system 00:06: [mem 0xfed19000-0xfed19fff] has been reserved
[    0.419615] system 00:06: [mem 0xe0000000-0xefffffff] has been reserved
[    0.419616] system 00:06: [mem 0xfed20000-0xfed3ffff] has been reserved
[    0.419617] system 00:06: [mem 0xfed90000-0xfed93fff] has been reserved
[    0.419618] system 00:06: [mem 0xfed45000-0xfed8ffff] has been reserved
[    0.419619] system 00:06: [mem 0xfee00000-0xfeefffff] could not be reserved
[    0.419622] system 00:06: Plug and Play ACPI device, IDs PNP0c02 (active)
[    0.419862] system 00:07: [io  0x1800-0x18fe] could not be reserved
[    0.419864] system 00:07: [mem 0xfd000000-0xfd69ffff] has been reserved
[    0.419865] system 00:07: [mem 0xfd6c0000-0xfd6cffff] has been reserved
[    0.419865] system 00:07: [mem 0xfd6f0000-0xfdffffff] has been reserved
[    0.419867] system 00:07: [mem 0xfe000000-0xfe01ffff] could not be reserved
[    0.419868] system 00:07: [mem 0xfe200000-0xfe7fffff] has been reserved
[    0.419869] system 00:07: [mem 0xff000000-0xffffffff] has been reserved
[    0.419871] system 00:07: Plug and Play ACPI device, IDs PNP0c02 (active)
[    0.420197] system 00:08: [io  0x2000-0x20fe] has been reserved
[    0.420200] system 00:08: Plug and Play ACPI device, IDs PNP0c02 (active)
[    0.420501] system 00:09: [mem 0xfd6e0000-0xfd6effff] has been reserved
[    0.420502] system 00:09: [mem 0xfd6d0000-0xfd6dffff] has been reserved
[    0.420503] system 00:09: [mem 0xfd6b0000-0xfd6bffff] has been reserved
[    0.420504] system 00:09: [mem 0xfd6a0000-0xfd6affff] has been reserved
[    0.420507] system 00:09: Plug and Play ACPI device, IDs PNP0c02 (active)
[    0.421632] system 00:0a: Plug and Play ACPI device, IDs PNP0c02 (active)
[    0.422487] pnp: PnP ACPI: found 11 devices
[    0.423497] thermal_sys: Registered thermal governor 'fair_share'
[    0.423498] thermal_sys: Registered thermal governor 'bang_bang'
[    0.423498] thermal_sys: Registered thermal governor 'step_wise'
[    0.423499] thermal_sys: Registered thermal governor 'user_space'
[    0.423500] thermal_sys: Registered thermal governor 'power_allocator'
[    0.427994] clocksource: acpi_pm: mask: 0xffffff max_cycles: 0xffffff, max_idle_ns: 2085701024 ns
[    0.428022] pci 0000:00:1c.0: PCI bridge to [bus 01]
[    0.428028] pci 0000:00:1c.0:   bridge window [io  0x3000-0x3fff]
[    0.428033] pci 0000:00:1c.0:   bridge window [mem 0xa1100000-0xa11fffff]
[    0.428043] pci_bus 0000:00: resource 4 [io  0x0000-0x0cf7 window]
[    0.428044] pci_bus 0000:00: resource 5 [io  0x0d00-0xffff window]
[    0.428045] pci_bus 0000:00: resource 6 [mem 0x000a0000-0x000bffff window]
[    0.428046] pci_bus 0000:00: resource 7 [mem 0x90000000-0xdfffffff window]
[    0.428046] pci_bus 0000:00: resource 8 [mem 0xfc800000-0xfe7fffff window]
[    0.428047] pci_bus 0000:01: resource 0 [io  0x3000-0x3fff]
[    0.428048] pci_bus 0000:01: resource 1 [mem 0xa1100000-0xa11fffff]
[    0.428222] NET: Registered protocol family 2
[    0.428363] tcp_listen_portaddr_hash hash table entries: 8192 (order: 5, 131072 bytes, linear)
[    0.428441] TCP established hash table entries: 131072 (order: 8, 1048576 bytes, linear)
[    0.428642] TCP bind hash table entries: 65536 (order: 8, 1048576 bytes, linear)
[    0.428705] TCP: Hash tables configured (established 131072 bind 65536)
[    0.428740] UDP hash table entries: 8192 (order: 6, 262144 bytes, linear)
[    0.428779] UDP-Lite hash table entries: 8192 (order: 6, 262144 bytes, linear)
[    0.428857] NET: Registered protocol family 1
[    0.428861] NET: Registered protocol family 44
[    0.428870] pci 0000:00:02.0: Video device with shadowed ROM at [mem 0x000c0000-0x000dffff]
[    0.428943] PCI: CLS 64 bytes, default 64
[    0.428975] Trying to unpack rootfs image as initramfs...
[    0.952257] Freeing initrd memory: 40488K
[    0.952296] PCI-DMA: Using software bounce buffering for IO (SWIOTLB)
[    0.952297] software IO TLB: mapped [mem 0x7f305000-0x83305000] (64MB)
[    0.952554] check: Scanning for low memory corruption every 60 seconds
[    0.953761] Initialise system trusted keyrings
[    0.953767] Key type blacklist registered
[    0.953789] workingset: timestamp_bits=36 max_order=22 bucket_order=0
[    0.954855] zbud: loaded
[    0.955150] squashfs: version 4.0 (2009/01/31) Phillip Lougher
[    0.955263] fuse: init (API version 7.31)
[    0.955349] Platform Keyring initialized
[    0.958945] Key type asymmetric registered
[    0.958946] Asymmetric key parser 'x509' registered
[    0.958955] Block layer SCSI generic (bsg) driver version 0.4 loaded (major 244)
[    0.958983] io scheduler mq-deadline registered
[    0.959396] shpchp: Standard Hot Plug PCI Controller Driver version: 0.4
[    0.959446] efifb: probing for efifb
[    0.959459] efifb: showing boot graphics
[    0.959924] efifb: framebuffer at 0x90000000, using 3072k, total 3072k
[    0.959925] efifb: mode is 1024x768x32, linelength=4096, pages=1
[    0.959925] efifb: scrolling: redraw
[    0.959926] efifb: Truecolor: size=8:8:8:8, shift=24:16:8:0
[    0.959962] fbcon: Deferring console take-over
[    0.959963] fb0: EFI VGA frame buffer device
[    0.959969] intel_idle: MWAIT substates: 0x11142120
[    0.959970] intel_idle: v0.4.1 model 0x9E
[    0.960310] intel_idle: lapic_timer_reliable_states 0xffffffff
[    0.960468] input: Sleep Button as /devices/LNXSYSTM:00/LNXSYBUS:00/PNP0C0E:00/input/input0
[    0.960474] ACPI: Sleep Button [SLPB]
[    0.960499] input: Power Button as /devices/LNXSYSTM:00/LNXSYBUS:00/PNP0C0C:00/input/input1
[    0.960503] ACPI: Power Button [PWRB]
[    0.960526] input: Power Button as /devices/LNXSYSTM:00/LNXPWRBN:00/input/input2
[    0.960535] ACPI: Power Button [PWRF]
[    0.962233] thermal LNXTHERM:00: registered as thermal_zone0
[    0.962234] ACPI: Thermal Zone [TZ00] (28 C)
[    0.962407] Serial: 8250/16550 driver, 32 ports, IRQ sharing enabled
[    0.984391] 00:02: ttyS0 at I/O 0x3f8 (irq = 4, base_baud = 115200) is a 16550A
[    1.006466] serial8250: ttyS1 at I/O 0x2f8 (irq = 3, base_baud = 115200) is a 16550A
[    1.007815] Linux agpgart interface v0.103
[    1.009550] loop: module loaded
[    1.009713] libphy: Fixed MDIO Bus: probed
[    1.009713] tun: Universal TUN/TAP device driver, 1.6
[    1.009733] PPP generic driver version 2.4.2
[    1.009759] ehci_hcd: USB 2.0 'Enhanced' Host Controller (EHCI) Driver
[    1.009760] ehci-pci: EHCI PCI platform driver
[    1.009768] ehci-platform: EHCI generic platform driver
[    1.009775] ohci_hcd: USB 1.1 'Open' Host Controller (OHCI) Driver
[    1.009776] ohci-pci: OHCI PCI platform driver
[    1.009782] ohci-platform: OHCI generic platform driver
[    1.009788] uhci_hcd: USB Universal Host Controller Interface driver
[    1.009840] xhci_hcd 0000:00:14.0: xHCI Host Controller
[    1.009844] xhci_hcd 0000:00:14.0: new USB bus registered, assigned bus number 1
[    1.010921] xhci_hcd 0000:00:14.0: hcc params 0x20007fc1 hci version 0x110 quirks 0x0000000000009810
[    1.010926] xhci_hcd 0000:00:14.0: cache line size of 64 is not supported
[    1.011089] usb usb1: New USB device found, idVendor=1d6b, idProduct=0002, bcdDevice= 5.03
[    1.011090] usb usb1: New USB device strings: Mfr=3, Product=2, SerialNumber=1
[    1.011091] usb usb1: Product: xHCI Host Controller
[    1.011092] usb usb1: Manufacturer: Linux 5.3.0-51-generic xhci-hcd
[    1.011093] usb usb1: SerialNumber: 0000:00:14.0
[    1.011167] hub 1-0:1.0: USB hub found
[    1.011186] hub 1-0:1.0: 16 ports detected
[    1.012839] xhci_hcd 0000:00:14.0: xHCI Host Controller
[    1.012841] xhci_hcd 0000:00:14.0: new USB bus registered, assigned bus number 2
[    1.012844] xhci_hcd 0000:00:14.0: Host supports USB 3.1 Enhanced SuperSpeed
[    1.012875] usb usb2: New USB device found, idVendor=1d6b, idProduct=0003, bcdDevice= 5.03
[    1.012875] usb usb2: New USB device strings: Mfr=3, Product=2, SerialNumber=1
[    1.012876] usb usb2: Product: xHCI Host Controller
[    1.012877] usb usb2: Manufacturer: Linux 5.3.0-51-generic xhci-hcd
[    1.012878] usb usb2: SerialNumber: 0000:00:14.0
[    1.012970] hub 2-0:1.0: USB hub found
[    1.012982] hub 2-0:1.0: 6 ports detected
[    1.013678] i8042: PNP: No PS/2 controller found.
[    1.013773] mousedev: PS/2 mouse device common for all mice
[    1.013983] rtc_cmos 00:04: RTC can wake from S4
[    1.015007] rtc_cmos 00:04: registered as rtc0
[    1.015017] rtc_cmos 00:04: alarms up to one month, y3k, 242 bytes nvram, hpet irqs
[    1.015022] i2c /dev entries driver
[    1.015052] device-mapper: uevent: version 1.0.3
[    1.015092] device-mapper: ioctl: 4.40.0-ioctl (2019-01-18) initialised: dm-devel@redhat.com
[    1.015105] platform eisa.0: Probing EISA bus 0
[    1.015106] platform eisa.0: EISA: Cannot allocate resource for mainboard
[    1.015107] platform eisa.0: Cannot allocate resource for EISA slot 1
[    1.015108] platform eisa.0: Cannot allocate resource for EISA slot 2
[    1.015109] platform eisa.0: Cannot allocate resource for EISA slot 3
[    1.015109] platform eisa.0: Cannot allocate resource for EISA slot 4
[    1.015110] platform eisa.0: Cannot allocate resource for EISA slot 5
[    1.015111] platform eisa.0: Cannot allocate resource for EISA slot 6
[    1.015111] platform eisa.0: Cannot allocate resource for EISA slot 7
[    1.015112] platform eisa.0: Cannot allocate resource for EISA slot 8
[    1.015113] platform eisa.0: EISA: Detected 0 cards
[    1.015115] intel_pstate: Intel P-state driver initializing
[    1.015585] intel_pstate: HWP enabled
[    1.015642] ledtrig-cpu: registered to indicate activity on CPUs
[    1.015644] EFI Variables Facility v0.08 2004-May-17
[    1.038316] intel_pmc_core INT33A1:00:  initialized
[    1.038451] NET: Registered protocol family 10
[    1.042195] Segment Routing with IPv6
[    1.042208] NET: Registered protocol family 17
[    1.042263] Key type dns_resolver registered
[    1.042712] RAS: Correctable Errors collector initialized.
[    1.042729] microcode: sig=0x906ea, pf=0x2, revision=0xca
[    1.042838] microcode: Microcode Update Driver: v2.2.
[    1.042844] sched_clock: Marking stable (1038274587, 4562012)->(1047433661, -4597062)
[    1.043027] registered taskstats version 1
[    1.043032] Loading compiled-in X.509 certificates
[    1.044063] Loaded X.509 cert 'Build time autogenerated kernel key: 7cd0712136ca74a0c76150d573aa1e9abe4a5a50'
[    1.044082] zswap: loaded using pool lzo/zbud
[    1.047991] Key type big_key registered
[    1.049829] Key type encrypted registered
[    1.049830] AppArmor: AppArmor sha1 policy hashing enabled
[    1.051180] ima: No TPM chip found, activating TPM-bypass!
[    1.051182] ima: Allocated hash algorithm: sha1
[    1.051185] No architecture policies found
[    1.051189] evm: Initialising EVM extended attributes:
[    1.051190] evm: security.selinux
[    1.051190] evm: security.SMACK64
[    1.051191] evm: security.SMACK64EXEC
[    1.051191] evm: security.SMACK64TRANSMUTE
[    1.051191] evm: security.SMACK64MMAP
[    1.051191] evm: security.apparmor
[    1.051192] evm: security.ima
[    1.051192] evm: security.capability
[    1.051192] evm: HMAC attrs: 0x1
[    1.051937] PM:   Magic number: 4:879:326
[    1.052172] rtc_cmos 00:04: setting system clock to 2020-05-06T11:19:20 UTC (1588763960)
[    1.053022] Freeing unused decrypted memory: 2040K
[    1.053325] Freeing unused kernel image memory: 2664K
[    1.083487] Write protecting the kernel read-only data: 22528k
[    1.083949] Freeing unused kernel image memory: 2008K
[    1.084127] Freeing unused kernel image memory: 1476K
[    1.090084] x86/mm: Checked W+X mappings: passed, no W+X pages found.
[    1.090085] x86/mm: Checking user space page tables
[    1.095933] x86/mm: Checked W+X mappings: passed, no W+X pages found.
[    1.095934] Run /init as init process
[    1.150880] acpi PNP0C14:03: duplicate WMI GUID 05901221-D566-11D1-B2F0-00A0C9062910 (first instance was on PNP0C14:02)
[    1.158337] ahci 0000:00:17.0: version 3.0
[    1.158427] r8169 0000:01:00.0: can't disable ASPM; OS doesn't have ASPM control
[    1.168501] libphy: r8169: probed
[    1.168640] r8169 0000:01:00.0 eth0: RTL8168h/8111h, 30:9c:23:d3:8a:ef, XID 541, IRQ 123
[    1.168641] r8169 0000:01:00.0 eth0: jumbo features [frames: 9200 bytes, tx checksumming: ko]
[    1.169160] r8169 0000:01:00.0 enp1s0: renamed from eth0
[    1.171389] ahci 0000:00:17.0: AHCI 0001.0301 32 slots 6 ports 6 Gbps 0x3f impl SATA mode
[    1.171390] ahci 0000:00:17.0: flags: 64bit ncq sntf clo only pio slum part ems deso sadm sds apst 
[    1.231990] scsi host0: ahci
[    1.232242] scsi host1: ahci
[    1.232495] scsi host2: ahci
[    1.232617] scsi host3: ahci
[    1.232809] scsi host4: ahci
[    1.232915] scsi host5: ahci
[    1.232952] ata1: SATA max UDMA/133 abar m2048@0xa1219000 port 0xa1219100 irq 122
[    1.232953] ata2: SATA max UDMA/133 abar m2048@0xa1219000 port 0xa1219180 irq 122
[    1.232955] ata3: SATA max UDMA/133 abar m2048@0xa1219000 port 0xa1219200 irq 122
[    1.232957] ata4: SATA max UDMA/133 abar m2048@0xa1219000 port 0xa1219280 irq 122
[    1.232958] ata5: SATA max UDMA/133 abar m2048@0xa1219000 port 0xa1219300 irq 122
[    1.232960] ata6: SATA max UDMA/133 abar m2048@0xa1219000 port 0xa1219380 irq 122
[    1.547657] ata5: SATA link up 6.0 Gbps (SStatus 133 SControl 300)
[    1.547671] ata6: SATA link down (SStatus 4 SControl 300)
[    1.547688] ata2: SATA link down (SStatus 4 SControl 300)
[    1.547707] ata1: SATA link up 6.0 Gbps (SStatus 133 SControl 300)
[    1.547744] ata4: SATA link down (SStatus 4 SControl 300)
[    1.547760] ata3: SATA link down (SStatus 4 SControl 300)
[    1.548405] ata1.00: ACPI cmd ef/10:06:00:00:00:00 (SET FEATURES) succeeded
[    1.548407] ata1.00: ACPI cmd f5/00:00:00:00:00:00 (SECURITY FREEZE LOCK) filtered out
[    1.548408] ata1.00: ACPI cmd b1/c1:00:00:00:00:00 (DEVICE CONFIGURATION OVERLAY) filtered out
[    1.548589] ata1.00: supports DRM functions and may not be fully accessible
[    1.548682] ata1.00: ATA-10: CT250MX500SSD1, M3CR010, max UDMA/133
[    1.548683] ata1.00: 488397168 sectors, multi 1: LBA48 NCQ (depth 32), AA
[    1.549306] ata5.00: ACPI cmd ef/10:06:00:00:00:00 (SET FEATURES) succeeded
[    1.549307] ata5.00: ACPI cmd f5/00:00:00:00:00:00 (SECURITY FREEZE LOCK) filtered out
[    1.549308] ata5.00: ACPI cmd b1/c1:00:00:00:00:00 (DEVICE CONFIGURATION OVERLAY) filtered out
[    1.550513] ata1.00: ACPI cmd ef/10:06:00:00:00:00 (SET FEATURES) succeeded
[    1.550514] ata1.00: ACPI cmd f5/00:00:00:00:00:00 (SECURITY FREEZE LOCK) filtered out
[    1.550515] ata1.00: ACPI cmd b1/c1:00:00:00:00:00 (DEVICE CONFIGURATION OVERLAY) filtered out
[    1.550633] ata1.00: supports DRM functions and may not be fully accessible
[    1.550799] ata5.00: ATA-8: HGST HUS724020ALA640, MF6OAA70, max UDMA/133
[    1.550800] ata5.00: 3907029168 sectors, multi 16: LBA48 NCQ (depth 32), AA
[    1.551283] ata1.00: configured for UDMA/133
[    1.551426] scsi 0:0:0:0: Direct-Access     ATA      CT250MX500SSD1   010  PQ: 0 ANSI: 5
[    1.551550] scsi 0:0:0:0: Attached scsi generic sg0 type 0
[    1.551712] sd 0:0:0:0: [sda] 488397168 512-byte logical blocks: (250 GB/233 GiB)
[    1.551713] sd 0:0:0:0: [sda] 4096-byte physical blocks
[    1.551734] sd 0:0:0:0: [sda] Write Protect is off
[    1.551735] sd 0:0:0:0: [sda] Mode Sense: 00 3a 00 00
[    1.551741] sd 0:0:0:0: [sda] Write cache: enabled, read cache: enabled, doesn't support DPO or FUA
[    1.552534] ata5.00: ACPI cmd ef/10:06:00:00:00:00 (SET FEATURES) succeeded
[    1.552535] ata5.00: ACPI cmd f5/00:00:00:00:00:00 (SECURITY FREEZE LOCK) filtered out
[    1.552536] ata5.00: ACPI cmd b1/c1:00:00:00:00:00 (DEVICE CONFIGURATION OVERLAY) filtered out
[    1.553191]  sda: sda1 sda2 sda3 sda4 sda5
[    1.553662] sd 0:0:0:0: [sda] supports TCG Opal
[    1.553663] sd 0:0:0:0: [sda] Attached SCSI disk
[    1.553849] ata5.00: configured for UDMA/133
[    1.553918] scsi 4:0:0:0: Direct-Access     ATA      HGST HUS724020AL AA70 PQ: 0 ANSI: 5
[    1.554038] sd 4:0:0:0: Attached scsi generic sg1 type 0
[    1.554045] sd 4:0:0:0: [sdb] 3907029168 512-byte logical blocks: (2.00 TB/1.82 TiB)
[    1.554048] sd 4:0:0:0: [sdb] Write Protect is off
[    1.554049] sd 4:0:0:0: [sdb] Mode Sense: 00 3a 00 00
[    1.554054] sd 4:0:0:0: [sdb] Write cache: enabled, read cache: enabled, doesn't support DPO or FUA
[    1.610191]  sdb: sdb1 sdb2
[    1.610367] sd 4:0:0:0: [sdb] Attached SCSI disk
[    1.979460] tsc: Refined TSC clocksource calibration: 2808.007 MHz
[    1.979480] clocksource: tsc: mask: 0xffffffffffffffff max_cycles: 0x2879ccbd1c9, max_idle_ns: 440795272325 ns
[    1.979540] clocksource: Switched to clocksource tsc
[    1.986461] fbcon: Taking over console
[    1.986507] Console: switching to colour frame buffer device 128x48
[    2.018384] EXT4-fs (sda5): mounted filesystem with ordered data mode. Opts: (null)
[    2.226065] systemd[1]: systemd 237 running in system mode. (+PAM +AUDIT +SELINUX +IMA +APPARMOR +SMACK +SYSVINIT +UTMP +LIBCRYPTSETUP +GCRYPT +GNUTLS +ACL +XZ +LZ4 +SECCOMP +BLKID +ELFUTILS +KMOD -IDN2 +IDN -PCRE2 default-hierarchy=hybrid)
[    2.243691] systemd[1]: Detected architecture x86-64.
[    2.245487] systemd[1]: Set hostname to <tommy-MS-7B24>.
[    2.361936] systemd[1]: Created slice System Slice.
[    2.362006] systemd[1]: Listening on /dev/initctl Compatibility Named Pipe.
[    2.362037] systemd[1]: Started Forward Password Requests to Wall Directory Watch.
[    2.362044] systemd[1]: Reached target User and Group Name Lookups.
[    2.362048] systemd[1]: Reached target Remote File Systems.
[    2.362087] systemd[1]: Listening on Journal Socket (/dev/log).
[    2.362123] systemd[1]: Listening on fsck to fsckd communication Socket.
[    2.371984] EXT4-fs (sda5): re-mounted. Opts: errors=remount-ro
[    2.378802] lp: driver loaded but no devices found
[    2.381918] ppdev: user-space parallel port driver
[    2.384422] parport_pc 00:01: reported by Plug and Play ACPI
[    2.384511] parport0: PC-style at 0x378, irq 5 [PCSPP]
[    2.438884] systemd-journald[354]: Received request to flush runtime journal from PID 1
[    2.483520] lp0: using parport0 (interrupt-driven).
[    2.937469] mei_me 0000:00:16.0: enabling device (0000 -> 0002)
[    3.068044] RAPL PMU: API unit is 2^-32 Joules, 4 fixed counters, 655360 ms ovfl timer
[    3.068045] RAPL PMU: hw unit of domain pp0-core 2^-14 Joules
[    3.068045] RAPL PMU: hw unit of domain package 2^-14 Joules
[    3.068045] RAPL PMU: hw unit of domain dram 2^-14 Joules
[    3.068046] RAPL PMU: hw unit of domain pp1-gpu 2^-14 Joules
[    3.079447] cryptd: max_cpu_qlen set to 1000
[    3.131975] AVX2 version of gcm_enc/dec engaged.
[    3.131976] AES CTR mode by8 optimization enabled
[    3.183174] checking generic (90000000 300000) vs hw (90000000 10000000)
[    3.183175] fb0: switching to inteldrmfb from EFI VGA
[    3.183224] Console: switching to colour dummy device 80x25
[    3.183249] i915 0000:00:02.0: vgaarb: deactivate vga console
[    3.184204] [drm] Supports vblank timestamp caching Rev 2 (21.10.2013).
[    3.184205] [drm] Driver supports precise vblank timestamp query.
[    3.184614] i915 0000:00:02.0: vgaarb: changed VGA decodes: olddecodes=io+mem,decodes=io+mem:owns=io+mem
[    3.209770] [drm] Finished loading DMC firmware i915/kbl_dmc_ver1_04.bin (v1.4)
[    3.224551] snd_hda_intel 0000:00:1f.3: enabling device (0000 -> 0002)
[    3.460794] [drm] failed to retrieve link info, disabling eDP
[    3.467632] intel_rapl_common: Found RAPL domain package
[    3.467633] intel_rapl_common: Found RAPL domain core
[    3.467633] intel_rapl_common: Found RAPL domain uncore
[    3.467634] intel_rapl_common: Found RAPL domain dram
[    3.468943] [drm] Initialized i915 1.6.0 20190619 for 0000:00:02.0 on minor 0
[    3.470565] ACPI: Video Device [GFX0] (multi-head: yes  rom: no  post: no)
[    3.470877] input: Video Bus as /devices/LNXSYSTM:00/LNXSYBUS:00/PNP0A08:00/LNXVIDEO:00/input/input3
[    3.471008] snd_hda_intel 0000:00:1f.3: bound 0000:00:02.0 (ops i915_audio_component_bind_ops [i915])
[    3.508251] fbcon: i915drmfb (fb0) is primary device
[    3.508284] Console: switching to colour frame buffer device 180x56
[    3.508306] i915 0000:00:02.0: fb0: i915drmfb frame buffer device
[    3.584796] snd_hda_codec_realtek hdaudioC0D0: autoconfig for ALC887-VD: line_outs=1 (0x14/0x0/0x0/0x0/0x0) type:line
[    3.584797] snd_hda_codec_realtek hdaudioC0D0:    speaker_outs=0 (0x0/0x0/0x0/0x0/0x0)
[    3.584798] snd_hda_codec_realtek hdaudioC0D0:    hp_outs=1 (0x1b/0x0/0x0/0x0/0x0)
[    3.584798] snd_hda_codec_realtek hdaudioC0D0:    mono: mono_out=0x0
[    3.584799] snd_hda_codec_realtek hdaudioC0D0:    inputs:
[    3.584800] snd_hda_codec_realtek hdaudioC0D0:      Front Mic=0x19
[    3.584800] snd_hda_codec_realtek hdaudioC0D0:      Rear Mic=0x18
[    3.584801] snd_hda_codec_realtek hdaudioC0D0:      Line=0x1a
[    3.608126] input: HDA Intel PCH Front Mic as /devices/pci0000:00/0000:00:1f.3/sound/card0/input4
[    3.608154] input: HDA Intel PCH Rear Mic as /devices/pci0000:00/0000:00:1f.3/sound/card0/input5
[    3.608178] input: HDA Intel PCH Line as /devices/pci0000:00/0000:00:1f.3/sound/card0/input6
[    3.608201] input: HDA Intel PCH Line Out as /devices/pci0000:00/0000:00:1f.3/sound/card0/input7
[    3.608224] input: HDA Intel PCH Front Headphone as /devices/pci0000:00/0000:00:1f.3/sound/card0/input8
[    3.608247] input: HDA Intel PCH HDMI/DP,pcm=3 as /devices/pci0000:00/0000:00:1f.3/sound/card0/input9
[    3.608269] input: HDA Intel PCH HDMI/DP,pcm=7 as /devices/pci0000:00/0000:00:1f.3/sound/card0/input10
[    3.608292] input: HDA Intel PCH HDMI/DP,pcm=8 as /devices/pci0000:00/0000:00:1f.3/sound/card0/input11
[    3.608315] input: HDA Intel PCH HDMI/DP,pcm=9 as /devices/pci0000:00/0000:00:1f.3/sound/card0/input12
[    3.608341] input: HDA Intel PCH HDMI/DP,pcm=10 as /devices/pci0000:00/0000:00:1f.3/sound/card0/input13
[    4.059522] Adding 1998844k swap on /dev/sdb1.  Priority:-2 extents:1 across:1998844k FS
[    4.543908] EXT4-fs (sdb2): mounted filesystem with ordered data mode. Opts: (null)
[    4.588703] audit: type=1400 audit(1588763964.031:2): apparmor="STATUS" operation="profile_load" profile="unconfined" name="libreoffice-senddoc" pid=876 comm="apparmor_parser"
[    4.589544] audit: type=1400 audit(1588763964.031:3): apparmor="STATUS" operation="profile_load" profile="unconfined" name="libreoffice-oopslash" pid=875 comm="apparmor_parser"
[    4.590956] audit: type=1400 audit(1588763964.031:4): apparmor="STATUS" operation="profile_load" profile="unconfined" name="/usr/bin/man" pid=874 comm="apparmor_parser"
[    4.590958] audit: type=1400 audit(1588763964.031:5): apparmor="STATUS" operation="profile_load" profile="unconfined" name="man_filter" pid=874 comm="apparmor_parser"
[    4.590959] audit: type=1400 audit(1588763964.031:6): apparmor="STATUS" operation="profile_load" profile="unconfined" name="man_groff" pid=874 comm="apparmor_parser"
[    4.591845] audit: type=1400 audit(1588763964.035:7): apparmor="STATUS" operation="profile_load" profile="unconfined" name="libreoffice-xpdfimport" pid=878 comm="apparmor_parser"
[    4.592858] audit: type=1400 audit(1588763964.035:8): apparmor="STATUS" operation="profile_load" profile="unconfined" name="/usr/sbin/cups-browsed" pid=885 comm="apparmor_parser"
[    4.593308] audit: type=1400 audit(1588763964.035:9): apparmor="STATUS" operation="profile_load" profile="unconfined" name="libreoffice-soffice" pid=877 comm="apparmor_parser"
[    4.593310] audit: type=1400 audit(1588763964.035:10): apparmor="STATUS" operation="profile_load" profile="unconfined" name="libreoffice-soffice//gpg" pid=877 comm="apparmor_parser"
[    4.921980] Generic Realtek PHY r8169-100:00: attached PHY driver [Generic Realtek PHY] (mii_bus:phy_addr=r8169-100:00, irq=IGNORE)
[    5.036545] r8169 0000:01:00.0 enp1s0: Link is Down
[    5.069098] aufs 4.x-rcN-20190805
[    8.495509] r8169 0000:01:00.0 enp1s0: Link is Up - 1Gbps/Full - flow control off
[    8.495517] IPv6: ADDRCONF(NETDEV_CHANGE): enp1s0: link becomes ready
[    8.538757] vboxdrv: loading out-of-tree module taints kernel.
[    8.538918] vboxdrv: module verification failed: signature and/or required key missing - tainting kernel
[    8.543335] vboxdrv: Found 6 processor cores
[    8.563658] vboxdrv: TSC mode is Invariant, tentative frequency 2808007104 Hz
[    8.563659] vboxdrv: Successfully loaded version 5.2.34_Ubuntu (interface 0x00290001)
[    8.567136] VBoxNetFlt: Successfully started.
[    8.570364] VBoxNetAdp: Successfully started.
[    8.573993] VBoxPciLinuxInit
[    8.575165] vboxpci: IOMMU not found (not registered)
[  199.369329] khttpd: module init
[  199.369342] khttpd_wq : 0xe6286200
[  201.857173] khttpd: module unloaded
[ 4228.356618] khttpd: module init
[ 4228.356628] khttpd: kernel_bind() failure, err=-98
[ 4228.356632] khttpd: can't open listen socket
[ 4259.259300] khttpd: module init
[ 4259.259337] khttpd_wq : 0xdf3fe400
[ 4259.259540] hi 1!
[ 4263.780126] khttpd: module unloaded
[ 4274.348610] khttpd: module init
[ 4274.348623] khttpd_wq : 0xf0e28200
[ 4274.348731] hi 1!
[ 4276.764992] khttpd: module unloaded
[ 4482.582729] khttpd: module init
[ 4482.582740] khttpd_wq : 0xdf3ffc00
[ 4482.582905] hi 1!
[ 4486.594320] hi 2!
[ 4486.594323] socket : 0xf2682080
[ 4486.594325] hi 1!
[ 4493.454732] khttpd: module unloaded
[ 5535.992043] khttpd: module init
[ 5535.992055] khttpd_wq : 0xe6286c00
[ 5535.992120] hi 1!
[ 5540.025040] khttpd: module unloaded
