[    0.000000] microcode: microcode updated early to revision 0xca, date = 2019-10-03
[    0.000000] Linux version 5.3.0-51-generic (buildd@lgw01-amd64-018) (gcc version 7.5.0 (Ubuntu 7.5.0-3ubuntu1~18.04)) #44~18.04.2-Ubuntu SMP Thu Apr 23 14:27:18 UTC 2020 (Ubuntu 5.3.0-51.44~18.04.2-generic 5.3.18)
[    0.000000] Command line: BOOT_IMAGE=/boot/vmlinuz-5.3.0-51-generic root=UUID=b63b633b-ae43-4730-ab2b-d0bd2b330291 ro quiet splash vt.handoff=1
[    0.000000] KERNEL supported cpus:
[    0.000000]   Intel GenuineIntel
[    0.000000]   AMD AuthenticAMD
[    0.000000]   Hygon HygonGenuine
[    0.000000]   Centaur CentaurHauls
[    0.000000]   zhaoxin   Shanghai  
[    0.000000] x86/fpu: Supporting XSAVE feature 0x001: 'x87 floating point registers'
[    0.000000] x86/fpu: Supporting XSAVE feature 0x002: 'SSE registers'
[    0.000000] x86/fpu: Supporting XSAVE feature 0x004: 'AVX registers'
[    0.000000] x86/fpu: Supporting XSAVE feature 0x008: 'MPX bounds registers'
[    0.000000] x86/fpu: Supporting XSAVE feature 0x010: 'MPX CSR'
[    0.000000] x86/fpu: xstate_offset[2]:  576, xstate_sizes[2]:  256
[    0.000000] x86/fpu: xstate_offset[3]:  832, xstate_sizes[3]:   64
[    0.000000] x86/fpu: xstate_offset[4]:  896, xstate_sizes[4]:   64
[    0.000000] x86/fpu: Enabled xstate features 0x1f, context size is 960 bytes, using 'compacted' format.
[    0.000000] BIOS-provided physical RAM map:
[    0.000000] BIOS-e820: [mem 0x0000000000000000-0x000000000005dfff] usable
[    0.000000] BIOS-e820: [mem 0x000000000005e000-0x000000000005efff] reserved
[    0.000000] BIOS-e820: [mem 0x000000000005f000-0x000000000009ffff] usable
[    0.000000] BIOS-e820: [mem 0x00000000000a0000-0x00000000000fffff] reserved
[    0.000000] BIOS-e820: [mem 0x0000000000100000-0x00000000836d0fff] usable
[    0.000000] BIOS-e820: [mem 0x00000000836d1000-0x00000000836d1fff] ACPI NVS
[    0.000000] BIOS-e820: [mem 0x00000000836d2000-0x00000000836d2fff] reserved
[    0.000000] BIOS-e820: [mem 0x00000000836d3000-0x0000000089d2efff] usable
[    0.000000] BIOS-e820: [mem 0x0000000089d2f000-0x000000008a1aefff] reserved
[    0.000000] BIOS-e820: [mem 0x000000008a1af000-0x000000008a38dfff] usable
[    0.000000] BIOS-e820: [mem 0x000000008a38e000-0x000000008a73efff] ACPI NVS
[    0.000000] BIOS-e820: [mem 0x000000008a73f000-0x000000008af3efff] reserved
[    0.000000] BIOS-e820: [mem 0x000000008af3f000-0x000000008affefff] type 20
[    0.000000] BIOS-e820: [mem 0x000000008afff000-0x000000008affffff] usable
[    0.000000] BIOS-e820: [mem 0x000000008b000000-0x000000008fffffff] reserved
[    0.000000] BIOS-e820: [mem 0x00000000e0000000-0x00000000efffffff] reserved
[    0.000000] BIOS-e820: [mem 0x00000000fe000000-0x00000000fe010fff] reserved
[    0.000000] BIOS-e820: [mem 0x00000000fec00000-0x00000000fec00fff] reserved
[    0.000000] BIOS-e820: [mem 0x00000000fee00000-0x00000000fee00fff] reserved
[    0.000000] BIOS-e820: [mem 0x00000000ff000000-0x00000000ffffffff] reserved
[    0.000000] BIOS-e820: [mem 0x0000000100000000-0x000000046dffffff] usable
[    0.000000] NX (Execute Disable) protection: active
[    0.000000] efi: EFI v2.60 by American Megatrends
[    0.000000] efi:  ACPI 2.0=0x8a6a0000  ACPI=0x8a6a0000  SMBIOS=0x8ad38000  MPS=0xfcb20  ESRT=0x86b97218  MEMATTR=0x86ff0018 
[    0.000000] secureboot: Secure boot could not be determined (mode 0)
[    0.000000] SMBIOS 2.8 present.
[    0.000000] DMI: Micro-Star International Co., Ltd. MS-7B24/B360M BAZOOKA (MS-7B24), BIOS 2.10 04/02/2018
[    0.000000] tsc: Detected 2800.000 MHz processor
[    0.001703] tsc: Detected 2799.927 MHz TSC
[    0.001703] e820: update [mem 0x00000000-0x00000fff] usable ==> reserved
[    0.001705] e820: remove [mem 0x000a0000-0x000fffff] usable
[    0.001710] last_pfn = 0x46e000 max_arch_pfn = 0x400000000
[    0.001714] MTRR default type: write-back
[    0.001715] MTRR fixed ranges enabled:
[    0.001716]   00000-9FFFF write-back
[    0.001716]   A0000-BFFFF uncachable
[    0.001717]   C0000-FFFFF write-protect
[    0.001717] MTRR variable ranges enabled:
[    0.001719]   0 base 00C0000000 mask 7FC0000000 uncachable
[    0.001720]   1 base 00A0000000 mask 7FE0000000 uncachable
[    0.001720]   2 base 0090000000 mask 7FF0000000 write-combining
[    0.001721]   3 base 008C000000 mask 7FFC000000 uncachable
[    0.001722]   4 base 008B800000 mask 7FFF800000 uncachable
[    0.001722]   5 disabled
[    0.001722]   6 disabled
[    0.001723]   7 disabled
[    0.001723]   8 disabled
[    0.001724]   9 disabled
[    0.002036] x86/PAT: Configuration [0-7]: WB  WC  UC- UC  WB  WP  UC- WT  
[    0.002185] last_pfn = 0x8b000 max_arch_pfn = 0x400000000
[    0.009321] found SMP MP-table at [mem 0x000fcd60-0x000fcd6f]
[    0.009331] esrt: Reserving ESRT space from 0x0000000086b97218 to 0x0000000086b97250.
[    0.009335] e820: update [mem 0x86b97000-0x86b97fff] usable ==> reserved
[    0.009347] check: Scanning 1 areas for low memory corruption
[    0.009351] Using GB pages for direct mapping
[    0.009353] BRK [0x07c01000, 0x07c01fff] PGTABLE
[    0.009354] BRK [0x07c02000, 0x07c02fff] PGTABLE
[    0.009354] BRK [0x07c03000, 0x07c03fff] PGTABLE
[    0.009381] BRK [0x07c04000, 0x07c04fff] PGTABLE
[    0.009382] BRK [0x07c05000, 0x07c05fff] PGTABLE
[    0.009672] BRK [0x07c06000, 0x07c06fff] PGTABLE
[    0.009730] BRK [0x07c07000, 0x07c07fff] PGTABLE
[    0.009731] BRK [0x07c08000, 0x07c08fff] PGTABLE
[    0.009784] BRK [0x07c09000, 0x07c09fff] PGTABLE
[    0.009836] RAMDISK: [mem 0x330db000-0x35864fff]
[    0.009848] ACPI: Early table checksum verification disabled
[    0.009850] ACPI: RSDP 0x000000008A6A0000 000024 (v02 ALASKA)
[    0.009853] ACPI: XSDT 0x000000008A6A00A0 0000BC (v01 ALASKA A M I    01072009 AMI  00010013)
[    0.009857] ACPI: FACP 0x000000008A6E15E0 000114 (v06 ALASKA A M I    01072009 AMI  00010013)
[    0.009862] ACPI: DSDT 0x000000008A6A01F0 0413EF (v02 ALASKA A M I    01072009 INTL 20160527)
[    0.009864] ACPI: FACS 0x000000008A73D080 000040
[    0.009866] ACPI: APIC 0x000000008A6E16F8 0000A0 (v04 ALASKA A M I    01072009 AMI  00010013)
[    0.009868] ACPI: FPDT 0x000000008A6E1798 000044 (v01 ALASKA A M I    01072009 AMI  00010013)
[    0.009870] ACPI: FIDT 0x000000008A6E17E0 00009C (v01 ALASKA A M I    01072009 AMI  00010013)
[    0.009872] ACPI: MCFG 0x000000008A6E1880 00003C (v01 ALASKA A M I    01072009 MSFT 00000097)
[    0.009875] ACPI: SSDT 0x000000008A6E18C0 000378 (v01 SataRe SataTabl 00001000 INTL 20160527)
[    0.009877] ACPI: SSDT 0x000000008A6E1C38 0017D5 (v02 CpuRef CpuSsdt  00003000 INTL 20160527)
[    0.009879] ACPI: SSDT 0x000000008A6E3410 0031C7 (v02 SaSsdt SaSsdt   00003000 INTL 20160527)
[    0.009882] ACPI: HPET 0x000000008A6E65D8 000038 (v01 INTEL  A M I    00000002      01000013)
[    0.009884] ACPI: SSDT 0x000000008A6E6610 000F9E (v02 INTEL  Ther_Rvp 00001000 INTL 20160527)
[    0.009886] ACPI: SSDT 0x000000008A6E75B0 00294D (v02 INTEL  xh_cfsd4 00000000 INTL 20160527)
[    0.009888] ACPI: UEFI 0x000000008A6E9F00 000048 (v01 ALASKA A M I    00000002      01000013)
[    0.009890] ACPI: LPIT 0x000000008A6E9F48 00005C (v01 INTEL  A M I    00000002      01000013)
[    0.009892] ACPI: SSDT 0x000000008A6E9FA8 0027DE (v02 INTEL  PtidDevc 00001000 INTL 20160527)
[    0.009895] ACPI: SSDT 0x000000008A6EC788 000FFE (v02 INTEL  TbtTypeC 00000000 INTL 20160527)
[    0.009897] ACPI: DBGP 0x000000008A6ED788 000034 (v01 ALASKA A M I    00000002      01000013)
[    0.009899] ACPI: DBG2 0x000000008A6ED7C0 000054 (v00 ALASKA A M I    00000002      01000013)
[    0.009901] ACPI: BGRT 0x000000008A6ED818 000038 (v01 ALASKA A M I    01072009 AMI  00010013)
[    0.009903] ACPI: WSMT 0x000000008A6ED850 000028 (v01 ALASKA A M I    01072009 AMI  00010013)
[    0.009912] ACPI: Local APIC address 0xfee00000
[    0.010208] No NUMA configuration found
[    0.010208] Faking a node at [mem 0x0000000000000000-0x000000046dffffff]
[    0.010217] NODE_DATA(0) allocated [mem 0x46dfd3000-0x46dffdfff]
[    0.010395] Zone ranges:
[    0.010396]   DMA      [mem 0x0000000000001000-0x0000000000ffffff]
[    0.010397]   DMA32    [mem 0x0000000001000000-0x00000000ffffffff]
[    0.010398]   Normal   [mem 0x0000000100000000-0x000000046dffffff]
[    0.010399]   Device   empty
[    0.010399] Movable zone start for each node
[    0.010402] Early memory node ranges
[    0.010403]   node   0: [mem 0x0000000000001000-0x000000000005dfff]
[    0.010404]   node   0: [mem 0x000000000005f000-0x000000000009ffff]
[    0.010404]   node   0: [mem 0x0000000000100000-0x00000000836d0fff]
[    0.010405]   node   0: [mem 0x00000000836d3000-0x0000000089d2efff]
[    0.010406]   node   0: [mem 0x000000008a1af000-0x000000008a38dfff]
[    0.010406]   node   0: [mem 0x000000008afff000-0x000000008affffff]
[    0.010407]   node   0: [mem 0x0000000100000000-0x000000046dffffff]
[    0.010616] Zeroed struct page in unavailable ranges: 33109 pages
[    0.010617] Initmem setup node 0 [mem 0x0000000000001000-0x000000046dffffff]
[    0.010618] On node 0 totalpages: 4161195
[    0.010619]   DMA zone: 64 pages used for memmap
[    0.010619]   DMA zone: 27 pages reserved
[    0.010620]   DMA zone: 3998 pages, LIFO batch:0
[    0.010664]   DMA32 zone: 8765 pages used for memmap
[    0.010665]   DMA32 zone: 560909 pages, LIFO batch:63
[    0.019299]   Normal zone: 56192 pages used for memmap
[    0.019300]   Normal zone: 3596288 pages, LIFO batch:63
[    0.059112] Reserving Intel graphics memory at [mem 0x8c000000-0x8fffffff]
[    0.059458] ACPI: PM-Timer IO Port: 0x1808
[    0.059459] ACPI: Local APIC address 0xfee00000
[    0.059464] ACPI: LAPIC_NMI (acpi_id[0x01] high edge lint[0x1])
[    0.059465] ACPI: LAPIC_NMI (acpi_id[0x02] high edge lint[0x1])
[    0.059465] ACPI: LAPIC_NMI (acpi_id[0x03] high edge lint[0x1])
[    0.059466] ACPI: LAPIC_NMI (acpi_id[0x04] high edge lint[0x1])
[    0.059466] ACPI: LAPIC_NMI (acpi_id[0x05] high edge lint[0x1])
[    0.059467] ACPI: LAPIC_NMI (acpi_id[0x06] high edge lint[0x1])
[    0.059510] IOAPIC[0]: apic_id 2, version 32, address 0xfec00000, GSI 0-119
[    0.059512] ACPI: INT_SRC_OVR (bus 0 bus_irq 0 global_irq 2 dfl dfl)
[    0.059513] ACPI: INT_SRC_OVR (bus 0 bus_irq 9 global_irq 9 high level)
[    0.059514] ACPI: IRQ0 used by override.
[    0.059515] ACPI: IRQ9 used by override.
[    0.059516] Using ACPI (MADT) for SMP configuration information
[    0.059518] ACPI: HPET id: 0x8086a201 base: 0xfed00000
[    0.059522] e820: update [mem 0x853e1000-0x8543dfff] usable ==> reserved
[    0.059530] smpboot: Allowing 6 CPUs, 0 hotplug CPUs
[    0.059546] PM: Registered nosave memory: [mem 0x00000000-0x00000fff]
[    0.059548] PM: Registered nosave memory: [mem 0x0005e000-0x0005efff]
[    0.059549] PM: Registered nosave memory: [mem 0x000a0000-0x000fffff]
[    0.059550] PM: Registered nosave memory: [mem 0x836d1000-0x836d1fff]
[    0.059551] PM: Registered nosave memory: [mem 0x836d2000-0x836d2fff]
[    0.059552] PM: Registered nosave memory: [mem 0x853e1000-0x8543dfff]
[    0.059553] PM: Registered nosave memory: [mem 0x86b97000-0x86b97fff]
[    0.059554] PM: Registered nosave memory: [mem 0x89d2f000-0x8a1aefff]
[    0.059556] PM: Registered nosave memory: [mem 0x8a38e000-0x8a73efff]
[    0.059556] PM: Registered nosave memory: [mem 0x8a73f000-0x8af3efff]
[    0.059557] PM: Registered nosave memory: [mem 0x8af3f000-0x8affefff]
[    0.059558] PM: Registered nosave memory: [mem 0x8b000000-0x8fffffff]
[    0.059558] PM: Registered nosave memory: [mem 0x90000000-0xdfffffff]
[    0.059559] PM: Registered nosave memory: [mem 0xe0000000-0xefffffff]
[    0.059559] PM: Registered nosave memory: [mem 0xf0000000-0xfdffffff]
[    0.059560] PM: Registered nosave memory: [mem 0xfe000000-0xfe010fff]
[    0.059560] PM: Registered nosave memory: [mem 0xfe011000-0xfebfffff]
[    0.059561] PM: Registered nosave memory: [mem 0xfec00000-0xfec00fff]
[    0.059561] PM: Registered nosave memory: [mem 0xfec01000-0xfedfffff]
[    0.059561] PM: Registered nosave memory: [mem 0xfee00000-0xfee00fff]
[    0.059562] PM: Registered nosave memory: [mem 0xfee01000-0xfeffffff]
[    0.059562] PM: Registered nosave memory: [mem 0xff000000-0xffffffff]
[    0.059564] [mem 0x90000000-0xdfffffff] available for PCI devices
[    0.059565] Booting paravirtualized kernel on bare hardware
[    0.059567] clocksource: refined-jiffies: mask: 0xffffffff max_cycles: 0xffffffff, max_idle_ns: 7645519600211568 ns
[    0.059572] setup_percpu: NR_CPUS:8192 nr_cpumask_bits:6 nr_cpu_ids:6 nr_node_ids:1
[    0.059750] percpu: Embedded 54 pages/cpu s184320 r8192 d28672 u262144
[    0.059756] pcpu-alloc: s184320 r8192 d28672 u262144 alloc=1*2097152
[    0.059757] pcpu-alloc: [0] 0 1 2 3 4 5 - - 
[    0.059780] Built 1 zonelists, mobility grouping on.  Total pages: 4096147
[    0.059780] Policy zone: Normal
[    0.059781] Kernel command line: BOOT_IMAGE=/boot/vmlinuz-5.3.0-51-generic root=UUID=b63b633b-ae43-4730-ab2b-d0bd2b330291 ro quiet splash vt.handoff=1
[    0.060689] Dentry cache hash table entries: 2097152 (order: 12, 16777216 bytes, linear)
[    0.061137] Inode-cache hash table entries: 1048576 (order: 11, 8388608 bytes, linear)
[    0.061192] mem auto-init: stack:off, heap alloc:on, heap free:off
[    0.064749] Calgary: detecting Calgary via BIOS EBDA area
[    0.064751] Calgary: Unable to locate Rio Grande table in EBDA - bailing!
[    0.101688] Memory: 16141888K/16644780K available (14339K kernel code, 2369K rwdata, 4668K rodata, 2664K init, 5072K bss, 502892K reserved, 0K cma-reserved)
[    0.101796] SLUB: HWalign=64, Order=0-3, MinObjects=0, CPUs=6, Nodes=1
[    0.101805] Kernel/User page tables isolation: enabled
[    0.101818] ftrace: allocating 43304 entries in 170 pages
[    0.116611] rcu: Hierarchical RCU implementation.
[    0.116613] rcu: 	RCU restricting CPUs from NR_CPUS=8192 to nr_cpu_ids=6.
[    0.116613] 	Tasks RCU enabled.
[    0.116614] rcu: RCU calculated value of scheduler-enlistment delay is 25 jiffies.
[    0.116615] rcu: Adjusting geometry for rcu_fanout_leaf=16, nr_cpu_ids=6
[    0.119528] NR_IRQS: 524544, nr_irqs: 1536, preallocated irqs: 16
[    0.120057] random: crng done (trusting CPU's manufacturer)
[    0.120077] vt handoff: transparent VT on vt#1
[    0.120086] Console: colour dummy device 80x25
[    0.120089] printk: console [tty0] enabled
[    0.120102] ACPI: Core revision 20190703
[    0.120443] clocksource: hpet: mask: 0xffffffff max_cycles: 0xffffffff, max_idle_ns: 79635855245 ns
[    0.120546] APIC: Switch to symmetric I/O mode setup
[    0.122657] x2apic: IRQ remapping doesn't support X2APIC mode
[    0.129968] ..TIMER: vector=0x30 apic1=0 pin1=2 apic2=-1 pin2=-1
[    0.148578] clocksource: tsc-early: mask: 0xffffffffffffffff max_cycles: 0x285bfbafad2, max_idle_ns: 440795215530 ns
[    0.148582] Calibrating delay loop (skipped), value calculated using timer frequency.. 5599.85 BogoMIPS (lpj=11199708)
[    0.148584] pid_max: default: 32768 minimum: 301
[    0.151512] LSM: Security Framework initializing
[    0.151520] Yama: becoming mindful.
[    0.151551] AppArmor: AppArmor initialized
[    0.151604] Mount-cache hash table entries: 32768 (order: 6, 262144 bytes, linear)
[    0.151642] Mountpoint-cache hash table entries: 32768 (order: 6, 262144 bytes, linear)
[    0.151775] *** VALIDATE proc ***
[    0.151816] *** VALIDATE cgroup1 ***
[    0.151817] *** VALIDATE cgroup2 ***
[    0.151864] mce: CPU0: Thermal monitoring enabled (TM1)
[    0.151888] process: using mwait in idle threads
[    0.151890] Last level iTLB entries: 4KB 128, 2MB 8, 4MB 8
[    0.151891] Last level dTLB entries: 4KB 64, 2MB 0, 4MB 0, 1GB 4
[    0.151892] Spectre V1 : Mitigation: usercopy/swapgs barriers and __user pointer sanitization
[    0.151894] Spectre V2 : Mitigation: Full generic retpoline
[    0.151894] Spectre V2 : Spectre v2 / SpectreRSB mitigation: Filling RSB on context switch
[    0.151895] Spectre V2 : Enabling Restricted Speculation for firmware calls
[    0.151896] Spectre V2 : mitigation: Enabling conditional Indirect Branch Prediction Barrier
[    0.151897] Speculative Store Bypass: Mitigation: Speculative Store Bypass disabled via prctl and seccomp
[    0.151899] MDS: Mitigation: Clear CPU buffers
[    0.152117] Freeing SMP alternatives memory: 40K
[    0.154009] TSC deadline timer enabled
[    0.154014] smpboot: CPU0: Intel(R) Core(TM) i5-8400 CPU @ 2.80GHz (family: 0x6, model: 0x9e, stepping: 0xa)
[    0.154099] Performance Events: PEBS fmt3+, Skylake events, 32-deep LBR, full-width counters, Intel PMU driver.
[    0.154104] ... version:                4
[    0.154104] ... bit width:              48
[    0.154105] ... generic registers:      8
[    0.154105] ... value mask:             0000ffffffffffff
[    0.154106] ... max period:             00007fffffffffff
[    0.154106] ... fixed-purpose events:   3
[    0.154107] ... event mask:             00000007000000ff
[    0.154140] rcu: Hierarchical SRCU implementation.
[    0.155046] NMI watchdog: Enabled. Permanently consumes one hw-PMU counter.
[    0.155101] smp: Bringing up secondary CPUs ...
[    0.155178] x86: Booting SMP configuration:
[    0.155179] .... node  #0, CPUs:      #1 #2 #3 #4 #5
[    0.162462] smp: Brought up 1 node, 6 CPUs
[    0.162462] smpboot: Max logical packages: 1
[    0.162462] smpboot: Total of 6 processors activated (33599.12 BogoMIPS)
[    0.164908] devtmpfs: initialized
[    0.164908] x86/mm: Memory block size: 128MB
[    0.165949] PM: Registering ACPI NVS region [mem 0x836d1000-0x836d1fff] (4096 bytes)
[    0.165949] PM: Registering ACPI NVS region [mem 0x8a38e000-0x8a73efff] (3870720 bytes)
[    0.165949] clocksource: jiffies: mask: 0xffffffff max_cycles: 0xffffffff, max_idle_ns: 7645041785100000 ns
[    0.165949] futex hash table entries: 2048 (order: 5, 131072 bytes, linear)
[    0.165949] pinctrl core: initialized pinctrl subsystem
[    0.165949] PM: RTC time: 13:01:27, date: 2020-05-06
[    0.165949] NET: Registered protocol family 16
[    0.165949] audit: initializing netlink subsys (disabled)
[    0.165949] audit: type=2000 audit(1588770087.040:1): state=initialized audit_enabled=0 res=1
[    0.165949] EISA bus registered
[    0.165949] cpuidle: using governor ladder
[    0.165949] cpuidle: using governor menu
[    0.165949] KVM setup pv remote TLB flush
[    0.165949] ACPI FADT declares the system doesn't support PCIe ASPM, so disable it
[    0.165949] ACPI: bus type PCI registered
[    0.165949] acpiphp: ACPI Hot Plug PCI Controller Driver version: 0.5
[    0.165949] PCI: MMCONFIG for domain 0000 [bus 00-ff] at [mem 0xe0000000-0xefffffff] (base 0xe0000000)
[    0.165949] PCI: MMCONFIG at [mem 0xe0000000-0xefffffff] reserved in E820
[    0.165949] PCI: Using configuration type 1 for base access
[    0.169160] HugeTLB registered 1.00 GiB page size, pre-allocated 0 pages
[    0.169160] HugeTLB registered 2.00 MiB page size, pre-allocated 0 pages
[    0.169160] ACPI: Added _OSI(Module Device)
[    0.169160] ACPI: Added _OSI(Processor Device)
[    0.169160] ACPI: Added _OSI(3.0 _SCP Extensions)
[    0.169160] ACPI: Added _OSI(Processor Aggregator Device)
[    0.169160] ACPI: Added _OSI(Linux-Dell-Video)
[    0.169160] ACPI: Added _OSI(Linux-Lenovo-NV-HDMI-Audio)
[    0.169160] ACPI: Added _OSI(Linux-HPI-Hybrid-Graphics)
[    0.244022] ACPI: 8 ACPI AML tables successfully acquired and loaded
[    0.254496] ACPI: Dynamic OEM Table Load:
[    0.254501] ACPI: SSDT 0xFFFF96E39B48D000 000684 (v02 PmRef  Cpu0Ist  00003000 INTL 20160527)
[    0.256233] ACPI: \_SB_.PR00: _OSC native thermal LVT Acked
[    0.258240] ACPI: Dynamic OEM Table Load:
[    0.258245] ACPI: SSDT 0xFFFF96E39B1F5400 000400 (v02 PmRef  Cpu0Cst  00003001 INTL 20160527)
[    0.259833] ACPI: Dynamic OEM Table Load:
[    0.259837] ACPI: SSDT 0xFFFF96E39B7E2A00 00010A (v02 PmRef  Cpu0Hwp  00003000 INTL 20160527)
[    0.261364] ACPI: Dynamic OEM Table Load:
[    0.261367] ACPI: SSDT 0xFFFF96E39B48A000 000724 (v02 PmRef  HwpLvt   00003000 INTL 20160527)
[    0.263360] ACPI: Dynamic OEM Table Load:
[    0.263366] ACPI: SSDT 0xFFFF96E39B4DE000 000EF1 (v02 PmRef  ApIst    00003000 INTL 20160527)
[    0.265855] ACPI: Dynamic OEM Table Load:
[    0.265859] ACPI: SSDT 0xFFFF96E39B1F6800 000317 (v02 PmRef  ApHwp    00003000 INTL 20160527)
[    0.267490] ACPI: Dynamic OEM Table Load:
[    0.267493] ACPI: SSDT 0xFFFF96E39B1F6400 00030A (v02 PmRef  ApCst    00003000 INTL 20160527)
[    0.273406] ACPI: Interpreter enabled
[    0.273446] ACPI: (supports S0 S3 S4 S5)
[    0.273447] ACPI: Using IOAPIC for interrupt routing
[    0.273488] PCI: Using host bridge windows from ACPI; if necessary, use "pci=nocrs" and report a bug
[    0.275066] ACPI: Enabled 6 GPEs in block 00 to 7F
[    0.290502] ACPI: Power Resource [USBC] (on)
[    0.294306] ACPI: Power Resource [V0PR] (on)
[    0.294528] ACPI: Power Resource [V1PR] (on)
[    0.294742] ACPI: Power Resource [V2PR] (on)
[    0.301160] ACPI: Power Resource [WRST] (on)
[    0.306681] ACPI: Power Resource [FN00] (off)
[    0.306781] ACPI: Power Resource [FN01] (off)
[    0.306877] ACPI: Power Resource [FN02] (off)
[    0.306972] ACPI: Power Resource [FN03] (off)
[    0.307071] ACPI: Power Resource [FN04] (off)
[    0.307866] ACPI: Power Resource [PIN] (off)
[    0.308451] ACPI: PCI Root Bridge [PCI0] (domain 0000 [bus 00-fe])
[    0.308456] acpi PNP0A08:00: _OSC: OS supports [ExtendedConfig ASPM ClockPM Segments MSI HPX-Type3]
[    0.308683] acpi PNP0A08:00: _OSC: platform does not support [PCIeHotplug SHPCHotplug PME AER]
[    0.308896] acpi PNP0A08:00: _OSC: OS now controls [PCIeCapability LTR]
[    0.308897] acpi PNP0A08:00: FADT indicates ASPM is unsupported, using BIOS configuration
[    0.309981] PCI host bridge to bus 0000:00
[    0.309982] pci_bus 0000:00: root bus resource [io  0x0000-0x0cf7 window]
[    0.309983] pci_bus 0000:00: root bus resource [io  0x0d00-0xffff window]
[    0.309984] pci_bus 0000:00: root bus resource [mem 0x000a0000-0x000bffff window]
[    0.309985] pci_bus 0000:00: root bus resource [mem 0x90000000-0xdfffffff window]
[    0.309986] pci_bus 0000:00: root bus resource [mem 0xfc800000-0xfe7fffff window]
[    0.309987] pci_bus 0000:00: root bus resource [bus 00-fe]
[    0.309995] pci 0000:00:00.0: [8086:3ec2] type 00 class 0x060000
[    0.310400] pci 0000:00:02.0: [8086:3e92] type 00 class 0x030000
[    0.310409] pci 0000:00:02.0: reg 0x10: [mem 0xa0000000-0xa0ffffff 64bit]
[    0.310414] pci 0000:00:02.0: reg 0x18: [mem 0x90000000-0x9fffffff 64bit pref]
[    0.310417] pci 0000:00:02.0: reg 0x20: [io  0x4000-0x403f]
[    0.310431] pci 0000:00:02.0: BAR 2: assigned to efifb
[    0.310626] pci 0000:00:08.0: [8086:1911] type 00 class 0x088000
[    0.310635] pci 0000:00:08.0: reg 0x10: [mem 0xa121e000-0xa121efff 64bit]
[    0.310871] pci 0000:00:12.0: [8086:a379] type 00 class 0x118000
[    0.310907] pci 0000:00:12.0: reg 0x10: [mem 0xa121d000-0xa121dfff 64bit]
[    0.311208] pci 0000:00:14.0: [8086:a36d] type 00 class 0x0c0330
[    0.311238] pci 0000:00:14.0: reg 0x10: [mem 0xa1200000-0xa120ffff 64bit]
[    0.311335] pci 0000:00:14.0: PME# supported from D3hot D3cold
[    0.311545] pci 0000:00:14.2: [8086:a36f] type 00 class 0x050000
[    0.311574] pci 0000:00:14.2: reg 0x10: [mem 0xa1216000-0xa1217fff 64bit]
[    0.311589] pci 0000:00:14.2: reg 0x18: [mem 0xa121c000-0xa121cfff 64bit]
[    0.311823] pci 0000:00:16.0: [8086:a360] type 00 class 0x078000
[    0.311860] pci 0000:00:16.0: reg 0x10: [mem 0xa121b000-0xa121bfff 64bit]
[    0.311964] pci 0000:00:16.0: PME# supported from D3hot
[    0.312252] pci 0000:00:17.0: [8086:a352] type 00 class 0x010601
[    0.312279] pci 0000:00:17.0: reg 0x10: [mem 0xa1214000-0xa1215fff]
[    0.312290] pci 0000:00:17.0: reg 0x14: [mem 0xa121a000-0xa121a0ff]
[    0.312300] pci 0000:00:17.0: reg 0x18: [io  0x4090-0x4097]
[    0.312311] pci 0000:00:17.0: reg 0x1c: [io  0x4080-0x4083]
[    0.312322] pci 0000:00:17.0: reg 0x20: [io  0x4060-0x407f]
[    0.312332] pci 0000:00:17.0: reg 0x24: [mem 0xa1219000-0xa12197ff]
[    0.312393] pci 0000:00:17.0: PME# supported from D3hot
[    0.312656] pci 0000:00:1c.0: [8086:a33c] type 01 class 0x060400
[    0.312791] pci 0000:00:1c.0: PME# supported from D0 D3hot D3cold
[    0.312814] pci 0000:00:1c.0: PTM enabled (root), 4ns granularity
[    0.313114] pci 0000:00:1f.0: [8086:a308] type 00 class 0x060100
[    0.313536] pci 0000:00:1f.3: [8086:a348] type 00 class 0x040300
[    0.313603] pci 0000:00:1f.3: reg 0x10: [mem 0xa1210000-0xa1213fff 64bit]
[    0.313674] pci 0000:00:1f.3: reg 0x20: [mem 0xa1000000-0xa10fffff 64bit]
[    0.313807] pci 0000:00:1f.3: PME# supported from D3hot D3cold
[    0.314127] pci 0000:00:1f.4: [8086:a323] type 00 class 0x0c0500
[    0.314192] pci 0000:00:1f.4: reg 0x10: [mem 0xa1218000-0xa12180ff 64bit]
[    0.314255] pci 0000:00:1f.4: reg 0x20: [io  0xefa0-0xefbf]
[    0.314501] pci 0000:00:1f.5: [8086:a324] type 00 class 0x0c8000
[    0.314524] pci 0000:00:1f.5: reg 0x10: [mem 0xfe010000-0xfe010fff]
[    0.314852] pci 0000:01:00.0: [10ec:8168] type 00 class 0x020000
[    0.314890] pci 0000:01:00.0: reg 0x10: [io  0x3000-0x30ff]
[    0.314927] pci 0000:01:00.0: reg 0x18: [mem 0xa1104000-0xa1104fff 64bit]
[    0.314949] pci 0000:01:00.0: reg 0x20: [mem 0xa1100000-0xa1103fff 64bit]
[    0.315084] pci 0000:01:00.0: supports D1 D2
[    0.315084] pci 0000:01:00.0: PME# supported from D0 D1 D2 D3hot D3cold
[    0.315219] pci 0000:00:1c.0: PCI bridge to [bus 01]
[    0.315222] pci 0000:00:1c.0:   bridge window [io  0x3000-0x3fff]
[    0.315226] pci 0000:00:1c.0:   bridge window [mem 0xa1100000-0xa11fffff]
[    0.316969] ACPI: PCI Interrupt Link [LNKA] (IRQs) *0
[    0.317009] ACPI: PCI Interrupt Link [LNKB] (IRQs) *1
[    0.317047] ACPI: PCI Interrupt Link [LNKC] (IRQs) *0
[    0.317085] ACPI: PCI Interrupt Link [LNKD] (IRQs) *0
[    0.317123] ACPI: PCI Interrupt Link [LNKE] (IRQs) *0
[    0.317160] ACPI: PCI Interrupt Link [LNKF] (IRQs) *0
[    0.317198] ACPI: PCI Interrupt Link [LNKG] (IRQs) *0
[    0.317235] ACPI: PCI Interrupt Link [LNKH] (IRQs) *0
[    0.317941] SCSI subsystem initialized
[    0.317941] libata version 3.00 loaded.
[    0.317941] pci 0000:00:02.0: vgaarb: setting as boot VGA device
[    0.317941] pci 0000:00:02.0: vgaarb: VGA device added: decodes=io+mem,owns=io+mem,locks=none
[    0.317941] pci 0000:00:02.0: vgaarb: bridge control possible
[    0.317941] vgaarb: loaded
[    0.317941] ACPI: bus type USB registered
[    0.317941] usbcore: registered new interface driver usbfs
[    0.317941] usbcore: registered new interface driver hub
[    0.317941] usbcore: registered new device driver usb
[    0.317941] pps_core: LinuxPPS API ver. 1 registered
[    0.317941] pps_core: Software ver. 5.3.6 - Copyright 2005-2007 Rodolfo Giometti <giometti@linux.it>
[    0.317941] PTP clock support registered
[    0.317941] EDAC MC: Ver: 3.0.0
[    0.317941] Registered efivars operations
[    0.317941] PCI: Using ACPI for IRQ routing
[    0.405596] PCI: pci_cache_line_size set to 64 bytes
[    0.405669] e820: reserve RAM buffer [mem 0x0005e000-0x0005ffff]
[    0.405671] e820: reserve RAM buffer [mem 0x836d1000-0x83ffffff]
[    0.405672] e820: reserve RAM buffer [mem 0x853e1000-0x87ffffff]
[    0.405672] e820: reserve RAM buffer [mem 0x86b97000-0x87ffffff]
[    0.405673] e820: reserve RAM buffer [mem 0x89d2f000-0x8bffffff]
[    0.405674] e820: reserve RAM buffer [mem 0x8a38e000-0x8bffffff]
[    0.405675] e820: reserve RAM buffer [mem 0x8b000000-0x8bffffff]
[    0.405675] e820: reserve RAM buffer [mem 0x46e000000-0x46fffffff]
[    0.405759] NetLabel: Initializing
[    0.405760] NetLabel:  domain hash size = 128
[    0.405760] NetLabel:  protocols = UNLABELED CIPSOv4 CALIPSO
[    0.405772] NetLabel:  unlabeled traffic allowed by default
[    0.405783] hpet0: at MMIO 0xfed00000, IRQs 2, 8, 0, 0, 0, 0, 0, 0
[    0.405783] hpet0: 8 comparators, 64-bit 24.000000 MHz counter
[    0.408580] clocksource: Switched to clocksource tsc-early
[    0.418533] VFS: Disk quotas dquot_6.6.0
[    0.418545] VFS: Dquot-cache hash table entries: 512 (order 0, 4096 bytes)
[    0.418568] *** VALIDATE hugetlbfs ***
[    0.418633] AppArmor: AppArmor Filesystem Enabled
[    0.418656] pnp: PnP ACPI init
[    0.418999] system 00:00: [io  0x0a00-0x0a0f] has been reserved
[    0.419000] system 00:00: [io  0x0a10-0x0a1f] has been reserved
[    0.419001] system 00:00: [io  0x0a20-0x0a2f] has been reserved
[    0.419002] system 00:00: [io  0x0a30-0x0a3f] has been reserved
[    0.419006] system 00:00: Plug and Play ACPI device, IDs PNP0c02 (active)
[    0.419670] pnp 00:01: [dma 0 disabled]
[    0.419857] pnp 00:01: Plug and Play ACPI device, IDs PNP0400 (active)
[    0.420375] pnp 00:02: [dma 0 disabled]
[    0.420409] pnp 00:02: Plug and Play ACPI device, IDs PNP0501 (active)
[    0.420520] system 00:03: [io  0x0680-0x069f] has been reserved
[    0.420521] system 00:03: [io  0x164e-0x164f] has been reserved
[    0.420524] system 00:03: Plug and Play ACPI device, IDs PNP0c02 (active)
[    0.420540] pnp 00:04: Plug and Play ACPI device, IDs PNP0b00 (active)
[    0.420641] system 00:05: [io  0x1854-0x1857] has been reserved
[    0.420644] system 00:05: Plug and Play ACPI device, IDs INT3f0d PNP0c02 (active)
[    0.420855] system 00:06: [mem 0xfed10000-0xfed17fff] has been reserved
[    0.420856] system 00:06: [mem 0xfed18000-0xfed18fff] has been reserved
[    0.420857] system 00:06: [mem 0xfed19000-0xfed19fff] has been reserved
[    0.420858] system 00:06: [mem 0xe0000000-0xefffffff] has been reserved
[    0.420859] system 00:06: [mem 0xfed20000-0xfed3ffff] has been reserved
[    0.420860] system 00:06: [mem 0xfed90000-0xfed93fff] has been reserved
[    0.420861] system 00:06: [mem 0xfed45000-0xfed8ffff] has been reserved
[    0.420862] system 00:06: [mem 0xfee00000-0xfeefffff] could not be reserved
[    0.420865] system 00:06: Plug and Play ACPI device, IDs PNP0c02 (active)
[    0.421099] system 00:07: [io  0x1800-0x18fe] could not be reserved
[    0.421100] system 00:07: [mem 0xfd000000-0xfd69ffff] has been reserved
[    0.421101] system 00:07: [mem 0xfd6c0000-0xfd6cffff] has been reserved
[    0.421102] system 00:07: [mem 0xfd6f0000-0xfdffffff] has been reserved
[    0.421103] system 00:07: [mem 0xfe000000-0xfe01ffff] could not be reserved
[    0.421104] system 00:07: [mem 0xfe200000-0xfe7fffff] has been reserved
[    0.421105] system 00:07: [mem 0xff000000-0xffffffff] has been reserved
[    0.421108] system 00:07: Plug and Play ACPI device, IDs PNP0c02 (active)
[    0.421423] system 00:08: [io  0x2000-0x20fe] has been reserved
[    0.421426] system 00:08: Plug and Play ACPI device, IDs PNP0c02 (active)
[    0.421719] system 00:09: [mem 0xfd6e0000-0xfd6effff] has been reserved
[    0.421720] system 00:09: [mem 0xfd6d0000-0xfd6dffff] has been reserved
[    0.421721] system 00:09: [mem 0xfd6b0000-0xfd6bffff] has been reserved
[    0.421722] system 00:09: [mem 0xfd6a0000-0xfd6affff] has been reserved
[    0.421725] system 00:09: Plug and Play ACPI device, IDs PNP0c02 (active)
[    0.422812] system 00:0a: Plug and Play ACPI device, IDs PNP0c02 (active)
[    0.423638] pnp: PnP ACPI: found 11 devices
[    0.424653] thermal_sys: Registered thermal governor 'fair_share'
[    0.424654] thermal_sys: Registered thermal governor 'bang_bang'
[    0.424655] thermal_sys: Registered thermal governor 'step_wise'
[    0.424655] thermal_sys: Registered thermal governor 'user_space'
[    0.424656] thermal_sys: Registered thermal governor 'power_allocator'
[    0.429150] clocksource: acpi_pm: mask: 0xffffff max_cycles: 0xffffff, max_idle_ns: 2085701024 ns
[    0.429177] pci 0000:00:1c.0: PCI bridge to [bus 01]
[    0.429184] pci 0000:00:1c.0:   bridge window [io  0x3000-0x3fff]
[    0.429189] pci 0000:00:1c.0:   bridge window [mem 0xa1100000-0xa11fffff]
[    0.429198] pci_bus 0000:00: resource 4 [io  0x0000-0x0cf7 window]
[    0.429199] pci_bus 0000:00: resource 5 [io  0x0d00-0xffff window]
[    0.429200] pci_bus 0000:00: resource 6 [mem 0x000a0000-0x000bffff window]
[    0.429201] pci_bus 0000:00: resource 7 [mem 0x90000000-0xdfffffff window]
[    0.429202] pci_bus 0000:00: resource 8 [mem 0xfc800000-0xfe7fffff window]
[    0.429203] pci_bus 0000:01: resource 0 [io  0x3000-0x3fff]
[    0.429204] pci_bus 0000:01: resource 1 [mem 0xa1100000-0xa11fffff]
[    0.429377] NET: Registered protocol family 2
[    0.429521] tcp_listen_portaddr_hash hash table entries: 8192 (order: 5, 131072 bytes, linear)
[    0.429599] TCP established hash table entries: 131072 (order: 8, 1048576 bytes, linear)
[    0.429800] TCP bind hash table entries: 65536 (order: 8, 1048576 bytes, linear)
[    0.429863] TCP: Hash tables configured (established 131072 bind 65536)
[    0.429898] UDP hash table entries: 8192 (order: 6, 262144 bytes, linear)
[    0.429937] UDP-Lite hash table entries: 8192 (order: 6, 262144 bytes, linear)
[    0.430013] NET: Registered protocol family 1
[    0.430017] NET: Registered protocol family 44
[    0.430026] pci 0000:00:02.0: Video device with shadowed ROM at [mem 0x000c0000-0x000dffff]
[    0.430103] PCI: CLS 64 bytes, default 64
[    0.430136] Trying to unpack rootfs image as initramfs...
[    0.953411] Freeing initrd memory: 40488K
[    0.953448] PCI-DMA: Using software bounce buffering for IO (SWIOTLB)
[    0.953450] software IO TLB: mapped [mem 0x7f305000-0x83305000] (64MB)
[    0.953694] check: Scanning for low memory corruption every 60 seconds
[    0.954914] Initialise system trusted keyrings
[    0.954920] Key type blacklist registered
[    0.954940] workingset: timestamp_bits=36 max_order=22 bucket_order=0
[    0.956008] zbud: loaded
[    0.956303] squashfs: version 4.0 (2009/01/31) Phillip Lougher
[    0.956417] fuse: init (API version 7.31)
[    0.956504] Platform Keyring initialized
[    0.960220] Key type asymmetric registered
[    0.960221] Asymmetric key parser 'x509' registered
[    0.960228] Block layer SCSI generic (bsg) driver version 0.4 loaded (major 244)
[    0.960257] io scheduler mq-deadline registered
[    0.960651] shpchp: Standard Hot Plug PCI Controller Driver version: 0.4
[    0.960701] efifb: probing for efifb
[    0.960713] efifb: showing boot graphics
[    0.961177] efifb: framebuffer at 0x90000000, using 3072k, total 3072k
[    0.961178] efifb: mode is 1024x768x32, linelength=4096, pages=1
[    0.961179] efifb: scrolling: redraw
[    0.961180] efifb: Truecolor: size=8:8:8:8, shift=24:16:8:0
[    0.961215] fbcon: Deferring console take-over
[    0.961216] fb0: EFI VGA frame buffer device
[    0.961222] intel_idle: MWAIT substates: 0x11142120
[    0.961223] intel_idle: v0.4.1 model 0x9E
[    0.961564] intel_idle: lapic_timer_reliable_states 0xffffffff
[    0.961719] input: Sleep Button as /devices/LNXSYSTM:00/LNXSYBUS:00/PNP0C0E:00/input/input0
[    0.961726] ACPI: Sleep Button [SLPB]
[    0.961751] input: Power Button as /devices/LNXSYSTM:00/LNXSYBUS:00/PNP0C0C:00/input/input1
[    0.961756] ACPI: Power Button [PWRB]
[    0.961778] input: Power Button as /devices/LNXSYSTM:00/LNXPWRBN:00/input/input2
[    0.961788] ACPI: Power Button [PWRF]
[    0.963484] thermal LNXTHERM:00: registered as thermal_zone0
[    0.963485] ACPI: Thermal Zone [TZ00] (28 C)
[    0.963662] Serial: 8250/16550 driver, 32 ports, IRQ sharing enabled
[    0.985655] 00:02: ttyS0 at I/O 0x3f8 (irq = 4, base_baud = 115200) is a 16550A
[    1.007714] serial8250: ttyS1 at I/O 0x2f8 (irq = 3, base_baud = 115200) is a 16550A
[    1.009055] Linux agpgart interface v0.103
[    1.010796] loop: module loaded
[    1.010953] libphy: Fixed MDIO Bus: probed
[    1.010954] tun: Universal TUN/TAP device driver, 1.6
[    1.010991] PPP generic driver version 2.4.2
[    1.011017] ehci_hcd: USB 2.0 'Enhanced' Host Controller (EHCI) Driver
[    1.011019] ehci-pci: EHCI PCI platform driver
[    1.011027] ehci-platform: EHCI generic platform driver
[    1.011033] ohci_hcd: USB 1.1 'Open' Host Controller (OHCI) Driver
[    1.011035] ohci-pci: OHCI PCI platform driver
[    1.011041] ohci-platform: OHCI generic platform driver
[    1.011046] uhci_hcd: USB Universal Host Controller Interface driver
[    1.011099] xhci_hcd 0000:00:14.0: xHCI Host Controller
[    1.011103] xhci_hcd 0000:00:14.0: new USB bus registered, assigned bus number 1
[    1.012179] xhci_hcd 0000:00:14.0: hcc params 0x20007fc1 hci version 0x110 quirks 0x0000000000009810
[    1.012184] xhci_hcd 0000:00:14.0: cache line size of 64 is not supported
[    1.012348] usb usb1: New USB device found, idVendor=1d6b, idProduct=0002, bcdDevice= 5.03
[    1.012349] usb usb1: New USB device strings: Mfr=3, Product=2, SerialNumber=1
[    1.012350] usb usb1: Product: xHCI Host Controller
[    1.012351] usb usb1: Manufacturer: Linux 5.3.0-51-generic xhci-hcd
[    1.012352] usb usb1: SerialNumber: 0000:00:14.0
[    1.012419] hub 1-0:1.0: USB hub found
[    1.012438] hub 1-0:1.0: 16 ports detected
[    1.014082] xhci_hcd 0000:00:14.0: xHCI Host Controller
[    1.014084] xhci_hcd 0000:00:14.0: new USB bus registered, assigned bus number 2
[    1.014086] xhci_hcd 0000:00:14.0: Host supports USB 3.1 Enhanced SuperSpeed
[    1.014118] usb usb2: New USB device found, idVendor=1d6b, idProduct=0003, bcdDevice= 5.03
[    1.014118] usb usb2: New USB device strings: Mfr=3, Product=2, SerialNumber=1
[    1.014119] usb usb2: Product: xHCI Host Controller
[    1.014120] usb usb2: Manufacturer: Linux 5.3.0-51-generic xhci-hcd
[    1.014121] usb usb2: SerialNumber: 0000:00:14.0
[    1.014210] hub 2-0:1.0: USB hub found
[    1.014223] hub 2-0:1.0: 6 ports detected
[    1.014914] i8042: PNP: No PS/2 controller found.
[    1.015012] mousedev: PS/2 mouse device common for all mice
[    1.015209] rtc_cmos 00:04: RTC can wake from S4
[    1.016228] rtc_cmos 00:04: registered as rtc0
[    1.016239] rtc_cmos 00:04: alarms up to one month, y3k, 242 bytes nvram, hpet irqs
[    1.016243] i2c /dev entries driver
[    1.016273] device-mapper: uevent: version 1.0.3
[    1.016333] device-mapper: ioctl: 4.40.0-ioctl (2019-01-18) initialised: dm-devel@redhat.com
[    1.016347] platform eisa.0: Probing EISA bus 0
[    1.016348] platform eisa.0: EISA: Cannot allocate resource for mainboard
[    1.016349] platform eisa.0: Cannot allocate resource for EISA slot 1
[    1.016350] platform eisa.0: Cannot allocate resource for EISA slot 2
[    1.016351] platform eisa.0: Cannot allocate resource for EISA slot 3
[    1.016351] platform eisa.0: Cannot allocate resource for EISA slot 4
[    1.016352] platform eisa.0: Cannot allocate resource for EISA slot 5
[    1.016353] platform eisa.0: Cannot allocate resource for EISA slot 6
[    1.016353] platform eisa.0: Cannot allocate resource for EISA slot 7
[    1.016354] platform eisa.0: Cannot allocate resource for EISA slot 8
[    1.016355] platform eisa.0: EISA: Detected 0 cards
[    1.016357] intel_pstate: Intel P-state driver initializing
[    1.016804] intel_pstate: HWP enabled
[    1.016969] ledtrig-cpu: registered to indicate activity on CPUs
[    1.016985] EFI Variables Facility v0.08 2004-May-17
[    1.041931] intel_pmc_core INT33A1:00:  initialized
[    1.042066] NET: Registered protocol family 10
[    1.046036] Segment Routing with IPv6
[    1.046061] NET: Registered protocol family 17
[    1.046194] Key type dns_resolver registered
[    1.046730] RAS: Correctable Errors collector initialized.
[    1.046776] microcode: sig=0x906ea, pf=0x2, revision=0xca
[    1.046902] microcode: Microcode Update Driver: v2.2.
[    1.046908] sched_clock: Marking stable (1042337746, 4562264)->(1049497812, -2597802)
[    1.047064] registered taskstats version 1
[    1.047069] Loading compiled-in X.509 certificates
[    1.048167] Loaded X.509 cert 'Build time autogenerated kernel key: 7cd0712136ca74a0c76150d573aa1e9abe4a5a50'
[    1.048184] zswap: loaded using pool lzo/zbud
[    1.052159] Key type big_key registered
[    1.054127] Key type encrypted registered
[    1.054129] AppArmor: AppArmor sha1 policy hashing enabled
[    1.055668] ima: No TPM chip found, activating TPM-bypass!
[    1.055671] ima: Allocated hash algorithm: sha1
[    1.055674] No architecture policies found
[    1.055680] evm: Initialising EVM extended attributes:
[    1.055680] evm: security.selinux
[    1.055681] evm: security.SMACK64
[    1.055681] evm: security.SMACK64EXEC
[    1.055681] evm: security.SMACK64TRANSMUTE
[    1.055682] evm: security.SMACK64MMAP
[    1.055682] evm: security.apparmor
[    1.055682] evm: security.ima
[    1.055682] evm: security.capability
[    1.055683] evm: HMAC attrs: 0x1
[    1.056389] PM:   Magic number: 4:782:27
[    1.056438] memory memory67: hash matches
[    1.056623] rtc_cmos 00:04: setting system clock to 2020-05-06T13:01:28 UTC (1588770088)
[    1.057537] Freeing unused decrypted memory: 2040K
[    1.057863] Freeing unused kernel image memory: 2664K
[    1.104769] Write protecting the kernel read-only data: 22528k
[    1.105194] Freeing unused kernel image memory: 2008K
[    1.105419] Freeing unused kernel image memory: 1476K
[    1.111367] x86/mm: Checked W+X mappings: passed, no W+X pages found.
[    1.111368] x86/mm: Checking user space page tables
[    1.117212] x86/mm: Checked W+X mappings: passed, no W+X pages found.
[    1.117213] Run /init as init process
[    1.175045] acpi PNP0C14:03: duplicate WMI GUID 05901221-D566-11D1-B2F0-00A0C9062910 (first instance was on PNP0C14:02)
[    1.181110] ahci 0000:00:17.0: version 3.0
[    1.183324] r8169 0000:01:00.0: can't disable ASPM; OS doesn't have ASPM control
[    1.191402] ahci 0000:00:17.0: AHCI 0001.0301 32 slots 6 ports 6 Gbps 0x3f impl SATA mode
[    1.191403] ahci 0000:00:17.0: flags: 64bit ncq sntf clo only pio slum part ems deso sadm sds apst 
[    1.193568] libphy: r8169: probed
[    1.193713] r8169 0000:01:00.0 eth0: RTL8168h/8111h, 30:9c:23:d3:8a:ef, XID 541, IRQ 123
[    1.193713] r8169 0000:01:00.0 eth0: jumbo features [frames: 9200 bytes, tx checksumming: ko]
[    1.194378] r8169 0000:01:00.0 enp1s0: renamed from eth0
[    1.249293] scsi host0: ahci
[    1.249475] scsi host1: ahci
[    1.249748] scsi host2: ahci
[    1.250007] scsi host3: ahci
[    1.250118] scsi host4: ahci
[    1.250217] scsi host5: ahci
[    1.250254] ata1: SATA max UDMA/133 abar m2048@0xa1219000 port 0xa1219100 irq 122
[    1.250256] ata2: SATA max UDMA/133 abar m2048@0xa1219000 port 0xa1219180 irq 122
[    1.250257] ata3: SATA max UDMA/133 abar m2048@0xa1219000 port 0xa1219200 irq 122
[    1.250259] ata4: SATA max UDMA/133 abar m2048@0xa1219000 port 0xa1219280 irq 122
[    1.250260] ata5: SATA max UDMA/133 abar m2048@0xa1219000 port 0xa1219300 irq 122
[    1.250262] ata6: SATA max UDMA/133 abar m2048@0xa1219000 port 0xa1219380 irq 122
[    1.565118] ata5: SATA link up 6.0 Gbps (SStatus 133 SControl 300)
[    1.565132] ata2: SATA link down (SStatus 4 SControl 300)
[    1.565150] ata6: SATA link down (SStatus 4 SControl 300)
[    1.565192] ata1: SATA link up 6.0 Gbps (SStatus 133 SControl 300)
[    1.565206] ata4: SATA link down (SStatus 4 SControl 300)
[    1.565223] ata3: SATA link down (SStatus 4 SControl 300)
[    1.566613] ata1.00: ACPI cmd ef/10:06:00:00:00:00 (SET FEATURES) succeeded
[    1.566614] ata1.00: ACPI cmd f5/00:00:00:00:00:00 (SECURITY FREEZE LOCK) filtered out
[    1.566615] ata1.00: ACPI cmd b1/c1:00:00:00:00:00 (DEVICE CONFIGURATION OVERLAY) filtered out
[    1.566736] ata1.00: supports DRM functions and may not be fully accessible
[    1.566762] ata5.00: ACPI cmd ef/10:06:00:00:00:00 (SET FEATURES) succeeded
[    1.566763] ata5.00: ACPI cmd f5/00:00:00:00:00:00 (SECURITY FREEZE LOCK) filtered out
[    1.566764] ata5.00: ACPI cmd b1/c1:00:00:00:00:00 (DEVICE CONFIGURATION OVERLAY) filtered out
[    1.566796] ata1.00: ATA-10: CT250MX500SSD1, M3CR010, max UDMA/133
[    1.566797] ata1.00: 488397168 sectors, multi 1: LBA48 NCQ (depth 32), AA
[    1.568187] ata1.00: ACPI cmd ef/10:06:00:00:00:00 (SET FEATURES) succeeded
[    1.568188] ata1.00: ACPI cmd f5/00:00:00:00:00:00 (SECURITY FREEZE LOCK) filtered out
[    1.568189] ata1.00: ACPI cmd b1/c1:00:00:00:00:00 (DEVICE CONFIGURATION OVERLAY) filtered out
[    1.568292] ata1.00: supports DRM functions and may not be fully accessible
[    1.568451] ata5.00: ATA-8: HGST HUS724020ALA640, MF6OAA70, max UDMA/133
[    1.568452] ata5.00: 3907029168 sectors, multi 16: LBA48 NCQ (depth 32), AA
[    1.568811] ata1.00: configured for UDMA/133
[    1.568966] scsi 0:0:0:0: Direct-Access     ATA      CT250MX500SSD1   010  PQ: 0 ANSI: 5
[    1.569205] scsi 0:0:0:0: Attached scsi generic sg0 type 0
[    1.569312] sd 0:0:0:0: [sda] 488397168 512-byte logical blocks: (250 GB/233 GiB)
[    1.569313] sd 0:0:0:0: [sda] 4096-byte physical blocks
[    1.569334] sd 0:0:0:0: [sda] Write Protect is off
[    1.569335] sd 0:0:0:0: [sda] Mode Sense: 00 3a 00 00
[    1.569341] sd 0:0:0:0: [sda] Write cache: enabled, read cache: enabled, doesn't support DPO or FUA
[    1.570136] ata5.00: ACPI cmd ef/10:06:00:00:00:00 (SET FEATURES) succeeded
[    1.570138] ata5.00: ACPI cmd f5/00:00:00:00:00:00 (SECURITY FREEZE LOCK) filtered out
[    1.570138] ata5.00: ACPI cmd b1/c1:00:00:00:00:00 (DEVICE CONFIGURATION OVERLAY) filtered out
[    1.570949]  sda: sda1 sda2 sda3 sda4 sda5
[    1.571476] ata5.00: configured for UDMA/133
[    1.571541] sd 0:0:0:0: [sda] supports TCG Opal
[    1.571542] sd 0:0:0:0: [sda] Attached SCSI disk
[    1.571588] scsi 4:0:0:0: Direct-Access     ATA      HGST HUS724020AL AA70 PQ: 0 ANSI: 5
[    1.571655] scsi 4:0:0:0: Attached scsi generic sg1 type 0
[    1.571697] sd 4:0:0:0: [sdb] 3907029168 512-byte logical blocks: (2.00 TB/1.82 TiB)
[    1.571700] sd 4:0:0:0: [sdb] Write Protect is off
[    1.571701] sd 4:0:0:0: [sdb] Mode Sense: 00 3a 00 00
[    1.571706] sd 4:0:0:0: [sdb] Write cache: enabled, read cache: enabled, doesn't support DPO or FUA
[    1.598596]  sdb: sdb1 sdb2
[    1.599026] sd 4:0:0:0: [sdb] Attached SCSI disk
[    1.977237] fbcon: Taking over console
[    1.977308] Console: switching to colour frame buffer device 128x48
[    1.980722] tsc: Refined TSC clocksource calibration: 2807.983 MHz
[    1.980726] clocksource: tsc: mask: 0xffffffffffffffff max_cycles: 0x2879b5f0c20, max_idle_ns: 440795214074 ns
[    1.980788] clocksource: Switched to clocksource tsc
[    1.982580] EXT4-fs (sda5): mounted filesystem with ordered data mode. Opts: (null)
[    2.188005] systemd[1]: systemd 237 running in system mode. (+PAM +AUDIT +SELINUX +IMA +APPARMOR +SMACK +SYSVINIT +UTMP +LIBCRYPTSETUP +GCRYPT +GNUTLS +ACL +XZ +LZ4 +SECCOMP +BLKID +ELFUTILS +KMOD -IDN2 +IDN -PCRE2 default-hierarchy=hybrid)
[    2.204903] systemd[1]: Detected architecture x86-64.
[    2.206535] systemd[1]: Set hostname to <tommy-MS-7B24>.
[    2.321164] systemd[1]: Created slice User and Session Slice.
[    2.321373] systemd[1]: Created slice System Slice.
[    2.321416] systemd[1]: Listening on fsck to fsckd communication Socket.
[    2.321486] systemd[1]: Listening on Journal Audit Socket.
[    2.321494] systemd[1]: Reached target Slices.
[    2.321517] systemd[1]: Listening on udev Kernel Socket.
[    2.321530] systemd[1]: Reached target User and Group Name Lookups.
[    2.329526] EXT4-fs (sda5): re-mounted. Opts: errors=remount-ro
[    2.336457] lp: driver loaded but no devices found
[    2.339651] ppdev: user-space parallel port driver
[    2.341496] parport_pc 00:01: reported by Plug and Play ACPI
[    2.341585] parport0: PC-style at 0x378, irq 5 [PCSPP]
[    2.398864] systemd-journald[357]: Received request to flush runtime journal from PID 1
[    2.440692] lp0: using parport0 (interrupt-driven).
[    2.906914] mei_me 0000:00:16.0: enabling device (0000 -> 0002)
[    3.038407] RAPL PMU: API unit is 2^-32 Joules, 4 fixed counters, 655360 ms ovfl timer
[    3.038408] RAPL PMU: hw unit of domain pp0-core 2^-14 Joules
[    3.038409] RAPL PMU: hw unit of domain package 2^-14 Joules
[    3.038409] RAPL PMU: hw unit of domain dram 2^-14 Joules
[    3.038409] RAPL PMU: hw unit of domain pp1-gpu 2^-14 Joules
[    3.085481] checking generic (90000000 300000) vs hw (90000000 10000000)
[    3.085482] fb0: switching to inteldrmfb from EFI VGA
[    3.085524] Console: switching to colour dummy device 80x25
[    3.085547] i915 0000:00:02.0: vgaarb: deactivate vga console
[    3.086460] [drm] Supports vblank timestamp caching Rev 2 (21.10.2013).
[    3.086460] [drm] Driver supports precise vblank timestamp query.
[    3.087677] i915 0000:00:02.0: vgaarb: changed VGA decodes: olddecodes=io+mem,decodes=io+mem:owns=io+mem
[    3.088471] cryptd: max_cpu_qlen set to 1000
[    3.106777] [drm] Finished loading DMC firmware i915/kbl_dmc_ver1_04.bin (v1.4)
[    3.130823] AVX2 version of gcm_enc/dec engaged.
[    3.130824] AES CTR mode by8 optimization enabled
[    3.299582] snd_hda_intel 0000:00:1f.3: enabling device (0000 -> 0002)
[    3.360474] [drm] failed to retrieve link info, disabling eDP
[    3.370880] [drm] Initialized i915 1.6.0 20190619 for 0000:00:02.0 on minor 0
[    3.373106] ACPI: Video Device [GFX0] (multi-head: yes  rom: no  post: no)
[    3.373449] input: Video Bus as /devices/LNXSYSTM:00/LNXSYBUS:00/PNP0A08:00/LNXVIDEO:00/input/input3
[    3.373570] snd_hda_intel 0000:00:1f.3: bound 0000:00:02.0 (ops i915_audio_component_bind_ops [i915])
[    3.409528] fbcon: i915drmfb (fb0) is primary device
[    3.409563] Console: switching to colour frame buffer device 180x56
[    3.409585] i915 0000:00:02.0: fb0: i915drmfb frame buffer device
[    3.470268] intel_rapl_common: Found RAPL domain package
[    3.470270] intel_rapl_common: Found RAPL domain core
[    3.470270] intel_rapl_common: Found RAPL domain uncore
[    3.470271] intel_rapl_common: Found RAPL domain dram
[    3.470546] snd_hda_codec_realtek hdaudioC0D0: autoconfig for ALC887-VD: line_outs=1 (0x14/0x0/0x0/0x0/0x0) type:line
[    3.470547] snd_hda_codec_realtek hdaudioC0D0:    speaker_outs=0 (0x0/0x0/0x0/0x0/0x0)
[    3.470548] snd_hda_codec_realtek hdaudioC0D0:    hp_outs=1 (0x1b/0x0/0x0/0x0/0x0)
[    3.470548] snd_hda_codec_realtek hdaudioC0D0:    mono: mono_out=0x0
[    3.470549] snd_hda_codec_realtek hdaudioC0D0:    inputs:
[    3.470550] snd_hda_codec_realtek hdaudioC0D0:      Front Mic=0x19
[    3.470550] snd_hda_codec_realtek hdaudioC0D0:      Rear Mic=0x18
[    3.470551] snd_hda_codec_realtek hdaudioC0D0:      Line=0x1a
[    3.501193] input: HDA Intel PCH Front Mic as /devices/pci0000:00/0000:00:1f.3/sound/card0/input4
[    3.501223] input: HDA Intel PCH Rear Mic as /devices/pci0000:00/0000:00:1f.3/sound/card0/input5
[    3.501246] input: HDA Intel PCH Line as /devices/pci0000:00/0000:00:1f.3/sound/card0/input6
[    3.501269] input: HDA Intel PCH Line Out as /devices/pci0000:00/0000:00:1f.3/sound/card0/input7
[    3.501292] input: HDA Intel PCH Front Headphone as /devices/pci0000:00/0000:00:1f.3/sound/card0/input8
[    3.501324] input: HDA Intel PCH HDMI/DP,pcm=3 as /devices/pci0000:00/0000:00:1f.3/sound/card0/input9
[    3.501350] input: HDA Intel PCH HDMI/DP,pcm=7 as /devices/pci0000:00/0000:00:1f.3/sound/card0/input10
[    3.501374] input: HDA Intel PCH HDMI/DP,pcm=8 as /devices/pci0000:00/0000:00:1f.3/sound/card0/input11
[    3.501397] input: HDA Intel PCH HDMI/DP,pcm=9 as /devices/pci0000:00/0000:00:1f.3/sound/card0/input12
[    3.501432] input: HDA Intel PCH HDMI/DP,pcm=10 as /devices/pci0000:00/0000:00:1f.3/sound/card0/input13
[    4.024750] Adding 1998844k swap on /dev/sdb1.  Priority:-2 extents:1 across:1998844k FS
[    4.249053] EXT4-fs (sdb2): mounted filesystem with ordered data mode. Opts: (null)
[    4.295967] audit: type=1400 audit(1588770091.732:2): apparmor="STATUS" operation="profile_load" profile="unconfined" name="libreoffice-senddoc" pid=881 comm="apparmor_parser"
[    4.296092] audit: type=1400 audit(1588770091.732:3): apparmor="STATUS" operation="profile_load" profile="unconfined" name="libreoffice-oopslash" pid=880 comm="apparmor_parser"
[    4.297764] audit: type=1400 audit(1588770091.736:4): apparmor="STATUS" operation="profile_load" profile="unconfined" name="/usr/bin/man" pid=879 comm="apparmor_parser"
[    4.297766] audit: type=1400 audit(1588770091.736:5): apparmor="STATUS" operation="profile_load" profile="unconfined" name="man_filter" pid=879 comm="apparmor_parser"
[    4.297767] audit: type=1400 audit(1588770091.736:6): apparmor="STATUS" operation="profile_load" profile="unconfined" name="man_groff" pid=879 comm="apparmor_parser"
[    4.298839] audit: type=1400 audit(1588770091.736:7): apparmor="STATUS" operation="profile_load" profile="unconfined" name="/sbin/dhclient" pid=872 comm="apparmor_parser"
[    4.298841] audit: type=1400 audit(1588770091.736:8): apparmor="STATUS" operation="profile_load" profile="unconfined" name="/usr/lib/NetworkManager/nm-dhcp-client.action" pid=872 comm="apparmor_parser"
[    4.298842] audit: type=1400 audit(1588770091.736:9): apparmor="STATUS" operation="profile_load" profile="unconfined" name="/usr/lib/NetworkManager/nm-dhcp-helper" pid=872 comm="apparmor_parser"
[    4.298844] audit: type=1400 audit(1588770091.736:10): apparmor="STATUS" operation="profile_load" profile="unconfined" name="/usr/lib/connman/scripts/dhclient-script" pid=872 comm="apparmor_parser"
[    4.650979] Generic Realtek PHY r8169-100:00: attached PHY driver [Generic Realtek PHY] (mii_bus:phy_addr=r8169-100:00, irq=IGNORE)
[    4.761811] r8169 0000:01:00.0 enp1s0: Link is Down
[    4.787311] aufs 4.x-rcN-20190805
[    8.287621] r8169 0000:01:00.0 enp1s0: Link is Up - 1Gbps/Full - flow control off
[    8.287629] IPv6: ADDRCONF(NETDEV_CHANGE): enp1s0: link becomes ready
[    8.325608] vboxdrv: loading out-of-tree module taints kernel.
[    8.326032] vboxdrv: module verification failed: signature and/or required key missing - tainting kernel
[    8.330335] vboxdrv: Found 6 processor cores
[    8.349003] vboxdrv: TSC mode is Invariant, tentative frequency 2807975981 Hz
[    8.349003] vboxdrv: Successfully loaded version 5.2.34_Ubuntu (interface 0x00290001)
[    8.352923] VBoxNetFlt: Successfully started.
[    8.356324] VBoxNetAdp: Successfully started.
[    8.359749] VBoxPciLinuxInit
[    8.360999] vboxpci: IOMMU not found (not registered)
[  263.830939] khttpd: module init
[  306.487841] BUG: kernel NULL pointer dereference, address: 0000000000000068
[  306.487843] #PF: supervisor read access in kernel mode
[  306.487844] #PF: error_code(0x0000) - not-present page
[  306.487844] PGD 0 P4D 0 
[  306.487846] Oops: 0000 [#1] SMP PTI
[  306.487847] CPU: 1 PID: 3018 Comm: khttpd Tainted: G           OE     5.3.0-51-generic #44~18.04.2-Ubuntu
[  306.487848] Hardware name: Micro-Star International Co., Ltd. MS-7B24/B360M BAZOOKA (MS-7B24), BIOS 2.10 04/02/2018
[  306.487851] RIP: 0010:kernel_sock_shutdown+0xd/0x20
[  306.487852] Code: 00 00 48 8b 47 20 55 ba 01 00 00 00 48 89 e5 48 8b 40 38 e8 65 95 52 00 5d c3 0f 1f 00 0f 1f 44 00 00 48 8b 47 20 55 48 89 e5 <48> 8b 40 68 e8 4a 95 52 00 5d c3 0f 1f 84 00 00 00 00 00 55 48 89
[  306.487853] RSP: 0018:ffffb07ec2317eb8 EFLAGS: 00010283
[  306.487854] RAX: 0000000000000000 RBX: ffff96e354a59940 RCX: 0000000000000001
[  306.487867] RDX: 0000000000000004 RSI: 0000000000000002 RDI: ffff96e3554eea40
[  306.487868] RBP: ffffb07ec2317eb8 R08: 0000000000000000 R09: 000000000002a000
[  306.487869] R10: ffffb07ec00d7e18 R11: 0000000000000171 R12: ffff96e354a59740
[  306.487869] R13: ffffffffc08f33c8 R14: ffffffffc08eed80 R15: 0000000fffffffe0
[  306.487870] FS:  0000000000000000(0000) GS:ffff96e39da40000(0000) knlGS:0000000000000000
[  306.487871] CS:  0010 DS: 0000 ES: 0000 CR0: 0000000080050033
[  306.487872] CR2: 0000000000000068 CR3: 000000000720a003 CR4: 00000000003606e0
[  306.487872] Call Trace:
[  306.487875]  http_server_daemon+0xe7/0x1bd [khttpd]
[  306.487877]  kthread+0x121/0x140
[  306.487879]  ? http_parser_callback_message_complete+0x350/0x350 [khttpd]
[  306.487880]  ? kthread_park+0xb0/0xb0
[  306.487881]  ret_from_fork+0x35/0x40
[  306.487883] Modules linked in: khttpd(OE-) pci_stub vboxpci(OE) vboxnetadp(OE) vboxnetflt(OE) vboxdrv(OE) aufs overlay nls_iso8859_1 sof_pci_dev snd_hda_codec_hdmi snd_sof_intel_hda_common snd_soc_hdac_hda snd_sof_intel_hda snd_sof_intel_byt intel_rapl_msr snd_hda_codec_realtek snd_sof_intel_ipc intel_rapl_common snd_hda_codec_generic snd_sof ledtrig_audio x86_pkg_temp_thermal snd_sof_xtensa_dsp intel_powerclamp snd_hda_ext_core snd_soc_acpi_intel_match coretemp snd_soc_acpi snd_soc_core mei_hdcp kvm_intel snd_compress ac97_bus kvm snd_pcm_dmaengine irqbypass snd_hda_intel snd_intel_nhlt snd_hda_codec snd_hda_core snd_hwdep crct10dif_pclmul snd_pcm crc32_pclmul snd_seq_midi ghash_clmulni_intel snd_seq_midi_event aesni_intel snd_rawmidi snd_seq aes_x86_64 crypto_simd snd_seq_device cryptd snd_timer glue_helper i915 snd intel_cstate soundcore intel_rapl_perf drm_kms_helper intel_wmi_thunderbolt mxm_wmi wmi_bmof drm i2c_algo_bit fb_sys_fops syscopyarea sysfillrect sysimgblt intel_pch_thermal
[  306.487899]  mei_me mei ie31200_edac acpi_pad mac_hid sch_fq_codel parport_pc ppdev lp parport ip_tables x_tables autofs4 r8169 realtek ahci libahci wmi video
[  306.487905] CR2: 0000000000000068
[  306.487906] ---[ end trace 8afaf18f30904e98 ]---
[  306.487907] RIP: 0010:kernel_sock_shutdown+0xd/0x20
[  306.487908] Code: 00 00 48 8b 47 20 55 ba 01 00 00 00 48 89 e5 48 8b 40 38 e8 65 95 52 00 5d c3 0f 1f 00 0f 1f 44 00 00 48 8b 47 20 55 48 89 e5 <48> 8b 40 68 e8 4a 95 52 00 5d c3 0f 1f 84 00 00 00 00 00 55 48 89
[  306.487909] RSP: 0018:ffffb07ec2317eb8 EFLAGS: 00010283
[  306.487909] RAX: 0000000000000000 RBX: ffff96e354a59940 RCX: 0000000000000001
[  306.487910] RDX: 0000000000000004 RSI: 0000000000000002 RDI: ffff96e3554eea40
[  306.487910] RBP: ffffb07ec2317eb8 R08: 0000000000000000 R09: 000000000002a000
[  306.487911] R10: ffffb07ec00d7e18 R11: 0000000000000171 R12: ffff96e354a59740
[  306.487912] R13: ffffffffc08f33c8 R14: ffffffffc08eed80 R15: 0000000fffffffe0
[  306.487912] FS:  0000000000000000(0000) GS:ffff96e39da40000(0000) knlGS:0000000000000000
[  306.487913] CS:  0010 DS: 0000 ES: 0000 CR0: 0000000080050033
[  306.487914] CR2: 0000000000000068 CR3: 000000000720a003 CR4: 00000000003606e0
[  306.487946] khttpd: module unloaded
[  341.528301] khttpd: module init
[  387.337320] khttpd: module unloaded
[  510.379817] khttpd: module init
[  547.324454] khttpd: module unloaded
[  560.819991] khttpd: module init
[  574.140537] BUG: kernel NULL pointer dereference, address: 0000000000000068
[  574.140539] #PF: supervisor read access in kernel mode
[  574.140540] #PF: error_code(0x0000) - not-present page
[  574.140541] PGD 0 P4D 0 
[  574.140542] Oops: 0000 [#2] SMP PTI
[  574.140544] CPU: 1 PID: 7424 Comm: khttpd Tainted: G      D    OE     5.3.0-51-generic #44~18.04.2-Ubuntu
[  574.140544] Hardware name: Micro-Star International Co., Ltd. MS-7B24/B360M BAZOOKA (MS-7B24), BIOS 2.10 04/02/2018
[  574.140547] RIP: 0010:kernel_sock_shutdown+0xd/0x20
[  574.140548] Code: 00 00 48 8b 47 20 55 ba 01 00 00 00 48 89 e5 48 8b 40 38 e8 65 95 52 00 5d c3 0f 1f 00 0f 1f 44 00 00 48 8b 47 20 55 48 89 e5 <48> 8b 40 68 e8 4a 95 52 00 5d c3 0f 1f 84 00 00 00 00 00 55 48 89
[  574.140562] RSP: 0018:ffffb07ec09d3eb8 EFLAGS: 00010287
[  574.140563] RAX: 0000000000000000 RBX: ffff96e37613c480 RCX: 0000000000000001
[  574.140563] RDX: 0000000000000004 RSI: 0000000000000002 RDI: ffff96e35243da00
[  574.140564] RBP: ffffb07ec09d3eb8 R08: 0000000000000000 R09: 0000000000000023
[  574.140565] R10: 0000000000000009 R11: 0000000000000159 R12: ffff96e37613c340
[  574.140565] R13: ffffffffc08f33c8 R14: ffffffffc08eed80 R15: 0000000fffffffe0
[  574.140566] FS:  0000000000000000(0000) GS:ffff96e39da40000(0000) knlGS:0000000000000000
[  574.140567] CS:  0010 DS: 0000 ES: 0000 CR0: 0000000080050033
[  574.140567] CR2: 0000000000000068 CR3: 000000000720a003 CR4: 00000000003606e0
[  574.140568] Call Trace:
[  574.140572]  http_server_daemon+0xe7/0x1bd [khttpd]
[  574.140574]  kthread+0x121/0x140
[  574.140575]  ? http_parser_callback_message_complete+0x350/0x350 [khttpd]
[  574.140576]  ? kthread_park+0xb0/0xb0
[  574.140578]  ret_from_fork+0x35/0x40
[  574.140579] Modules linked in: khttpd(OE-) pci_stub vboxpci(OE) vboxnetadp(OE) vboxnetflt(OE) vboxdrv(OE) aufs overlay nls_iso8859_1 sof_pci_dev snd_hda_codec_hdmi snd_sof_intel_hda_common snd_soc_hdac_hda snd_sof_intel_hda snd_sof_intel_byt intel_rapl_msr snd_hda_codec_realtek snd_sof_intel_ipc intel_rapl_common snd_hda_codec_generic snd_sof ledtrig_audio x86_pkg_temp_thermal snd_sof_xtensa_dsp intel_powerclamp snd_hda_ext_core snd_soc_acpi_intel_match coretemp snd_soc_acpi snd_soc_core mei_hdcp kvm_intel snd_compress ac97_bus kvm snd_pcm_dmaengine irqbypass snd_hda_intel snd_intel_nhlt snd_hda_codec snd_hda_core snd_hwdep crct10dif_pclmul snd_pcm crc32_pclmul snd_seq_midi ghash_clmulni_intel snd_seq_midi_event aesni_intel snd_rawmidi snd_seq aes_x86_64 crypto_simd snd_seq_device cryptd snd_timer glue_helper i915 snd intel_cstate soundcore intel_rapl_perf drm_kms_helper intel_wmi_thunderbolt mxm_wmi wmi_bmof drm i2c_algo_bit fb_sys_fops syscopyarea sysfillrect sysimgblt intel_pch_thermal
[  574.140595]  mei_me mei ie31200_edac acpi_pad mac_hid sch_fq_codel parport_pc ppdev lp parport ip_tables x_tables autofs4 r8169 realtek ahci libahci wmi video [last unloaded: khttpd]
[  574.140600] CR2: 0000000000000068
[  574.140601] ---[ end trace 8afaf18f30904e99 ]---
[  574.140603] RIP: 0010:kernel_sock_shutdown+0xd/0x20
[  574.140604] Code: 00 00 48 8b 47 20 55 ba 01 00 00 00 48 89 e5 48 8b 40 38 e8 65 95 52 00 5d c3 0f 1f 00 0f 1f 44 00 00 48 8b 47 20 55 48 89 e5 <48> 8b 40 68 e8 4a 95 52 00 5d c3 0f 1f 84 00 00 00 00 00 55 48 89
[  574.140604] RSP: 0018:ffffb07ec2317eb8 EFLAGS: 00010283
[  574.140605] RAX: 0000000000000000 RBX: ffff96e354a59940 RCX: 0000000000000001
[  574.140605] RDX: 0000000000000004 RSI: 0000000000000002 RDI: ffff96e3554eea40
[  574.140606] RBP: ffffb07ec2317eb8 R08: 0000000000000000 R09: 000000000002a000
[  574.140607] R10: ffffb07ec00d7e18 R11: 0000000000000171 R12: ffff96e354a59740
[  574.140607] R13: ffffffffc08f33c8 R14: ffffffffc08eed80 R15: 0000000fffffffe0
[  574.140608] FS:  0000000000000000(0000) GS:ffff96e39da40000(0000) knlGS:0000000000000000
[  574.140609] CS:  0010 DS: 0000 ES: 0000 CR0: 0000000080050033
[  574.140609] CR2: 0000000000000068 CR3: 000000000720a003 CR4: 00000000003606e0
[  574.140640] khttpd: module unloaded
[ 1546.869686] khttpd: module init
[ 1554.807363] khttpd: module unloaded
[ 1640.745403] khttpd: module init
[ 1655.408213] khttpd: module unloaded
